Archive member included to satisfy reference by file (symbol)

.pio\build\stm32_f407\lib54f\libapp.a(ihp_cli.o)
                              .pio\build\stm32_f407\src\main.o (run_shell_cli)
.pio\build\stm32_f407\lib54f\libapp.a(ihp_porting.o)
                              .pio\build\stm32_f407\lib54f\libapp.a(ihp_cli.o) (log_buf)
.pio\build\stm32_f407\lib54f\libapp.a(dummy_cve.o)
                              .pio\build\stm32_f407\lib54f\libapp.a(ihp_cli.o) (dynamic_patch_dummy_cve1)
c:/users/alienware.000/.platformio/packages/toolchain-gccarmnoneeabi@1.70201.0/bin/../lib/gcc/arm-none-eabi/7.2.1/../../../../arm-none-eabi/lib/thumb/v7e-m/fpv4-sp/hard\libc_nano.a(lib_a-errno.o)
                              .pio\build\stm32_f407\src\main.o (__errno)
c:/users/alienware.000/.platformio/packages/toolchain-gccarmnoneeabi@1.70201.0/bin/../lib/gcc/arm-none-eabi/7.2.1/../../../../arm-none-eabi/lib/thumb/v7e-m/fpv4-sp/hard\libc_nano.a(lib_a-impure.o)
                              c:/users/alienware.000/.platformio/packages/toolchain-gccarmnoneeabi@1.70201.0/bin/../lib/gcc/arm-none-eabi/7.2.1/../../../../arm-none-eabi/lib/thumb/v7e-m/fpv4-sp/hard\libc_nano.a(lib_a-errno.o) (_impure_ptr)
c:/users/alienware.000/.platformio/packages/toolchain-gccarmnoneeabi@1.70201.0/bin/../lib/gcc/arm-none-eabi/7.2.1/../../../../arm-none-eabi/lib/thumb/v7e-m/fpv4-sp/hard\libc_nano.a(lib_a-memset.o)
                              .pio\build\stm32_f407\lib54f\libapp.a(ihp_cli.o) (memset)
c:/users/alienware.000/.platformio/packages/toolchain-gccarmnoneeabi@1.70201.0/bin/../lib/gcc/arm-none-eabi/7.2.1/../../../../arm-none-eabi/lib/thumb/v7e-m/fpv4-sp/hard\libc_nano.a(lib_a-printf.o)
                              .pio\build\stm32_f407\lib54f\libapp.a(ihp_cli.o) (printf)
c:/users/alienware.000/.platformio/packages/toolchain-gccarmnoneeabi@1.70201.0/bin/../lib/gcc/arm-none-eabi/7.2.1/../../../../arm-none-eabi/lib/thumb/v7e-m/fpv4-sp/hard\libc_nano.a(lib_a-puts.o)
                              .pio\build\stm32_f407\src\stm32_f407_init.o (puts)
c:/users/alienware.000/.platformio/packages/toolchain-gccarmnoneeabi@1.70201.0/bin/../lib/gcc/arm-none-eabi/7.2.1/../../../../arm-none-eabi/lib/thumb/v7e-m/fpv4-sp/hard\libc_nano.a(lib_a-strcmp.o)
                              .pio\build\stm32_f407\lib54f\libapp.a(ihp_cli.o) (strcmp)
c:/users/alienware.000/.platformio/packages/toolchain-gccarmnoneeabi@1.70201.0/bin/../lib/gcc/arm-none-eabi/7.2.1/../../../../arm-none-eabi/lib/thumb/v7e-m/fpv4-sp/hard\libc_nano.a(lib_a-vprintf.o)
                              .pio\build\stm32_f407\src\main.o (vprintf)
c:/users/alienware.000/.platformio/packages/toolchain-gccarmnoneeabi@1.70201.0/bin/../lib/gcc/arm-none-eabi/7.2.1/../../../../arm-none-eabi/lib/thumb/v7e-m/fpv4-sp/hard\libc_nano.a(lib_a-vsnprintf.o)
                              .pio\build\stm32_f407\lib54f\libapp.a(ihp_cli.o) (vsnprintf)
c:/users/alienware.000/.platformio/packages/toolchain-gccarmnoneeabi@1.70201.0/bin/../lib/gcc/arm-none-eabi/7.2.1/../../../../arm-none-eabi/lib/thumb/v7e-m/fpv4-sp/hard\libc_nano.a(lib_a-wbuf.o)
                              c:/users/alienware.000/.platformio/packages/toolchain-gccarmnoneeabi@1.70201.0/bin/../lib/gcc/arm-none-eabi/7.2.1/../../../../arm-none-eabi/lib/thumb/v7e-m/fpv4-sp/hard\libc_nano.a(lib_a-puts.o) (__swbuf_r)
c:/users/alienware.000/.platformio/packages/toolchain-gccarmnoneeabi@1.70201.0/bin/../lib/gcc/arm-none-eabi/7.2.1/../../../../arm-none-eabi/lib/thumb/v7e-m/fpv4-sp/hard\libc_nano.a(lib_a-wsetup.o)
                              c:/users/alienware.000/.platformio/packages/toolchain-gccarmnoneeabi@1.70201.0/bin/../lib/gcc/arm-none-eabi/7.2.1/../../../../arm-none-eabi/lib/thumb/v7e-m/fpv4-sp/hard\libc_nano.a(lib_a-puts.o) (__swsetup_r)
c:/users/alienware.000/.platformio/packages/toolchain-gccarmnoneeabi@1.70201.0/bin/../lib/gcc/arm-none-eabi/7.2.1/../../../../arm-none-eabi/lib/thumb/v7e-m/fpv4-sp/hard\libc_nano.a(lib_a-fflush.o)
                              c:/users/alienware.000/.platformio/packages/toolchain-gccarmnoneeabi@1.70201.0/bin/../lib/gcc/arm-none-eabi/7.2.1/../../../../arm-none-eabi/lib/thumb/v7e-m/fpv4-sp/hard\libc_nano.a(lib_a-wbuf.o) (_fflush_r)
c:/users/alienware.000/.platformio/packages/toolchain-gccarmnoneeabi@1.70201.0/bin/../lib/gcc/arm-none-eabi/7.2.1/../../../../arm-none-eabi/lib/thumb/v7e-m/fpv4-sp/hard\libc_nano.a(lib_a-findfp.o)
                              c:/users/alienware.000/.platformio/packages/toolchain-gccarmnoneeabi@1.70201.0/bin/../lib/gcc/arm-none-eabi/7.2.1/../../../../arm-none-eabi/lib/thumb/v7e-m/fpv4-sp/hard\libc_nano.a(lib_a-printf.o) (__sinit)
c:/users/alienware.000/.platformio/packages/toolchain-gccarmnoneeabi@1.70201.0/bin/../lib/gcc/arm-none-eabi/7.2.1/../../../../arm-none-eabi/lib/thumb/v7e-m/fpv4-sp/hard\libc_nano.a(lib_a-fwalk.o)
[...]
Memory Configuration

Name             Origin             Length             Attributes
ram              0x20000000         0x00020000         xrw
rom              0x08000000         0x00100000         xr
ccm              0x10000000         0x00010000         xrw
*default*        0x00000000         0xffffffff

Linker script and memory map

LOAD .pio\build\stm32_f407\src\main.o
LOAD .pio\build\stm32_f407\src\stm32_f407_init.o
LOAD .pio\build\stm32_f407\src\stm32_f429_init.o
START GROUP
LOAD .pio\build\stm32_f407\libf7e\libebpf.a
LOAD .pio\build\stm32_f407\lib29c\libhotpatch.a
LOAD .pio\build\stm32_f407\lib54f\libapp.a
LOAD c:/users/alienware.000/.platformio/packages/toolchain-gccarmnoneeabi@1.70201.0/bin/../lib/gcc/arm-none-eabi/7.2.1/../../../../arm-none-eabi/lib/thumb/v7e-m/fpv4-sp/hard\libc_nano.a
LOAD c:/users/alienware.000/.platformio/packages/toolchain-gccarmnoneeabi@1.70201.0/bin/../lib/gcc/arm-none-eabi/7.2.1/thumb/v7e-m/fpv4-sp/hard\libgcc.a
LOAD c:/users/alienware.000/.platformio/packages/toolchain-gccarmnoneeabi@1.70201.0/bin/../lib/gcc/arm-none-eabi/7.2.1/../../../../arm-none-eabi/lib/thumb/v7e-m/fpv4-sp/hard\libm.a
LOAD c:/users/alienware.000/.platformio/packages/toolchain-gccarmnoneeabi@1.70201.0/bin/../lib/gcc/arm-none-eabi/7.2.1/../../../../arm-none-eabi/lib/thumb/v7e-m/fpv4-sp/hard\libstdc++_nano.a
LOAD c:/users/alienware.000/.platformio/packages/toolchain-gccarmnoneeabi@1.70201.0/bin/../lib/gcc/arm-none-eabi/7.2.1/../../../../arm-none-eabi/lib/thumb/v7e-m/fpv4-sp/hard\libnosys.a
LOAD .pio\build\stm32_f407\libFrameworkLibOpenCM3.a
END GROUP
START GROUP
LOAD c:/users/alienware.000/.platformio/packages/toolchain-gccarmnoneeabi@1.70201.0/bin/../lib/gcc/arm-none-eabi/7.2.1/thumb/v7e-m/fpv4-sp/hard\libgcc.a
LOAD c:/users/alienware.000/.platformio/packages/toolchain-gccarmnoneeabi@1.70201.0/bin/../lib/gcc/arm-none-eabi/7.2.1/../../../../arm-none-eabi/lib/thumb/v7e-m/fpv4-sp/hard\libc_nano.a
END GROUP
START GROUP
LOAD c:/users/alienware.000/.platformio/packages/toolchain-gccarmnoneeabi@1.70201.0/bin/../lib/gcc/arm-none-eabi/7.2.1/thumb/v7e-m/fpv4-sp/hard\libgcc.a
LOAD c:/users/alienware.000/.platformio/packages/toolchain-gccarmnoneeabi@1.70201.0/bin/../lib/gcc/arm-none-eabi/7.2.1/../../../../arm-none-eabi/lib/thumb/v7e-m/fpv4-sp/hard\libc_nano.a
LOAD c:/users/alienware.000/.platformio/packages/toolchain-gccarmnoneeabi@1.70201.0/bin/../lib/gcc/arm-none-eabi/7.2.1/../../../../arm-none-eabi/lib/thumb/v7e-m/fpv4-sp/hard\libnosys.a
END GROUP
START GROUP
LOAD c:/users/alienware.000/.platformio/packages/toolchain-gccarmnoneeabi@1.70201.0/bin/../lib/gcc/arm-none-eabi/7.2.1/thumb/v7e-m/fpv4-sp/hard\libgcc.a
LOAD c:/users/alienware.000/.platformio/packages/toolchain-gccarmnoneeabi@1.70201.0/bin/../lib/gcc/arm-none-eabi/7.2.1/../../../../arm-none-eabi/lib/thumb/v7e-m/fpv4-sp/hard\libc_nano.a
LOAD c:/users/alienware.000/.platformio/packages/toolchain-gccarmnoneeabi@1.70201.0/bin/../lib/gcc/arm-none-eabi/7.2.1/../../../../arm-none-eabi/lib/thumb/v7e-m/fpv4-sp/hard\libnosys.a
END GROUP

.text           0x08000000     0x7698
 *(.vectors)
 .vectors       0x08000000      0x1ac .pio\build\stm32_f407\libFrameworkLibOpenCM3.a(vector.o)
                0x08000000                vector_table
 *(.text*)
 .text.startup.main
                0x080001ac        0xe .pio\build\stm32_f407\src\main.o
                0x080001ac                main
 .text._write   0x080001ba       0x40 .pio\build\stm32_f407\src\main.o
                0x080001ba                _write
 .text.shell_get_char
                0x080001fa        0x6 .pio\build\stm32_f407\src\main.o
                0x080001fa                shell_get_char
 .text.shell_put_char
                0x08000200        0x4 .pio\build\stm32_f407\src\main.o
                0x08000200                shell_put_char
 .text.log_print_porting
                0x08000204        0x6 .pio\build\stm32_f407\src\main.o
                0x08000204                log_print_porting
 .text.usart_read_buf
                0x0800020a        0x4 .pio\build\stm32_f407\src\main.o
                0x0800020a                usart_read_buf
 *fill*         0x0800020e        0x2 
 .text.usart1_isr
                0x08000210       0x58 .pio\build\stm32_f407\src\stm32_f407_init.o
                0x08000210                usart1_isr
 .text.usart2_isr
                0x08000268       0x4c .pio\build\stm32_f407\src\stm32_f407_init.o
                0x08000268                usart2_isr
 .text.console_read_buf
                0x080002b4       0xbc .pio\build\stm32_f407\src\stm32_f407_init.o
                0x080002b4                console_read_buf
 .text.console_getc
                0x08000370       0x44 .pio\build\stm32_f407\src\stm32_f407_init.o
                0x08000370                console_getc
 .text.console_putc
                0x080003b4       0x18 .pio\build\stm32_f407\src\stm32_f407_init.o
                0x080003b4                console_putc
 .text.init_dev
                0x080003cc       0xc0 .pio\build\stm32_f407\src\stm32_f407_init.o
                0x080003cc                init_dev
 .text.run_fixed_patch_point_test
                0x0800048c       0x10 .pio\build\stm32_f407\lib54f\libapp.a(ihp_cli.o)
 .text.run_eva_test
                0x0800049c        0x4 .pio\build\stm32_f407\lib54f\libapp.a(ihp_cli.o)
 .text.reset_patch
                0x080004a0        0xe .pio\build\stm32_f407\lib54f\libapp.a(ihp_cli.o)
 .text.test_kprob_patch
                0x080004ae       0x10 .pio\build\stm32_f407\lib54f\libapp.a(ihp_cli.o)
 *fill*         0x080004be        0x2 
 .text.test_fpb_patch
                0x080004c0       0x14 .pio\build\stm32_f407\lib54f\libapp.a(ihp_cli.o)
 .text.shell_echo_str
                0x080004d4       0x1e .pio\build\stm32_f407\lib54f\libapp.a(ihp_cli.o)
 *fill*         0x080004f2        0x2 
 .text.shell_printf
                0x080004f4       0x2c .pio\build\stm32_f407\lib54f\libapp.a(ihp_cli.o)
 .text.cli_print_help
                0x08000520       0x50 .pio\build\stm32_f407\lib54f\libapp.a(ihp_cli.o)
 .text.trigger_dummy_cve2
                0x08000570       0x60 .pio\build\stm32_f407\lib54f\libapp.a(ihp_cli.o)
 .text.trigger_dummy_cve1
                0x080005d0       0x70 .pio\build\stm32_f407\lib54f\libapp.a(ihp_cli.o)
 .text.this_is_cve_trigger_func
                0x08000640       0x6c .pio\build\stm32_f407\lib54f\libapp.a(ihp_cli.o)
 .text.run_test_by_id
                0x080006ac       0x50 .pio\build\stm32_f407\lib54f\libapp.a(ihp_cli.o)
                0x080006ac                run_test_by_id
 .text.run_shell_cli
                0x080006fc      0x2d4 .pio\build\stm32_f407\lib54f\libapp.a(ihp_cli.o)
                0x080006fc                run_shell_cli
 .text.dynamic_patch_dummy_cve1
                0x080009d0       0x3a .pio\build\stm32_f407\lib54f\libapp.a(dummy_cve.o)
                0x080009d0                dynamic_patch_dummy_cve1
 .text.dynamic_patch_dummy_cve2
                0x08000a0a       0x1a .pio\build\stm32_f407\lib54f\libapp.a(dummy_cve.o)
                0x08000a0a                dynamic_patch_dummy_cve2
 .text.__errno  0x08000a24        0xc c:/users/alienware.000/.platformio/packages/toolchain-gccarmnoneeabi@1.70201.0/bin/../lib/gcc/arm-none-eabi/7.2.1/../../../../arm-none-eabi/lib/thumb/v7e-m/fpv4-sp/hard\libc_nano.a(lib_a-errno.o)
                0x08000a24                __errno
 .text.memset   0x08000a30       0x10 c:/users/alienware.000/.platformio/packages/toolchain-gccarmnoneeabi@1.70201.0/bin/../lib/gcc/arm-none-eabi/7.2.1/../../../../arm-none-eabi/lib/thumb/v7e-m/fpv4-sp/hard\libc_nano.a(lib_a-memset.o)
                0x08000a30                memset
 .text.printf   0x08000a40       0x30 c:/users/alienware.000/.platformio/packages/toolchain-gccarmnoneeabi@1.70201.0/bin/../lib/gcc/arm-none-eabi/7.2.1/../../../../arm-none-eabi/lib/thumb/v7e-m/fpv4-sp/hard\libc_nano.a(lib_a-printf.o)
                0x08000a40                iprintf
                0x08000a40                printf
 .text._puts_r  0x08000a70       0xb8 c:/users/alienware.000/.platformio/packages/toolchain-gccarmnoneeabi@1.70201.0/bin/../lib/gcc/arm-none-eabi/7.2.1/../../../../arm-none-eabi/lib/thumb/v7e-m/fpv4-sp/hard\libc_nano.a(lib_a-puts.o)
                0x08000a70                _puts_r
 .text.puts     0x08000b28       0x10 c:/users/alienware.000/.platformio/packages/toolchain-gccarmnoneeabi@1.70201.0/bin/../lib/gcc/arm-none-eabi/7.2.1/../../../../arm-none-eabi/lib/thumb/v7e-m/fpv4-sp/hard\libc_nano.a(lib_a-puts.o)
                0x08000b28                puts
 .text          0x08000b38       0x14 c:/users/alienware.000/.platformio/packages/toolchain-gccarmnoneeabi@1.70201.0/bin/../lib/gcc/arm-none-eabi/7.2.1/../../../../arm-none-eabi/lib/thumb/v7e-m/fpv4-sp/hard\libc_nano.a(lib_a-strcmp.o)
                0x08000b38                strcmp
 .text.vprintf  0x08000b4c       0x2c c:/users/alienware.000/.platformio/packages/toolchain-gccarmnoneeabi@1.70201.0/bin/../lib/gcc/arm-none-eabi/7.2.1/../../../../arm-none-eabi/lib/thumb/v7e-m/fpv4-sp/hard\libc_nano.a(lib_a-vprintf.o)
                0x08000b4c                viprintf
                0x08000b4c                vprintf
 .text._vsnprintf_r
                0x08000b78       0x58 c:/users/alienware.000/.platformio/packages/toolchain-gccarmnoneeabi@1.70201.0/bin/../lib/gcc/arm-none-eabi/7.2.1/../../../../arm-none-eabi/lib/thumb/v7e-m/fpv4-sp/hard\libc_nano.a(lib_a-vsnprintf.o)
                0x08000b78                _vsniprintf_r
                0x08000b78                _vsnprintf_r
 .text.vsnprintf
                0x08000bd0       0x1c c:/users/alienware.000/.platformio/packages/toolchain-gccarmnoneeabi@1.70201.0/bin/../lib/gcc/arm-none-eabi/7.2.1/../../../../arm-none-eabi/lib/thumb/v7e-m/fpv4-sp/hard\libc_nano.a(lib_a-vsnprintf.o)
                0x08000bd0                vsniprintf
                0x08000bd0                vsnprintf
 .text.__swbuf_r
                0x08000bec       0xa4 c:/users/alienware.000/.platformio/packages/toolchain-gccarmnoneeabi@1.70201.0/bin/../lib/gcc/arm-none-eabi/7.2.1/../../../../arm-none-eabi/lib/thumb/v7e-m/fpv4-sp/hard\libc_nano.a(lib_a-wbuf.o)
                0x08000bec                __swbuf_r
 .text.__swsetup_r
                0x08000c90       0xdc c:/users/alienware.000/.platformio/packages/toolchain-gccarmnoneeabi@1.70201.0/bin/../lib/gcc/arm-none-eabi/7.2.1/../../../../arm-none-eabi/lib/thumb/v7e-m/fpv4-sp/hard\libc_nano.a(lib_a-wsetup.o)
                0x08000c90                __swsetup_r
 .text.__sflush_r
                0x08000d6c      0x10c c:/users/alienware.000/.platformio/packages/toolchain-gccarmnoneeabi@1.70201.0/bin/../lib/gcc/arm-none-eabi/7.2.1/../../../../arm-none-eabi/lib/thumb/v7e-m/fpv4-sp/hard\libc_nano.a(lib_a-fflush.o)
                0x08000d6c                __sflush_r
 .text._fflush_r
                0x08000e78       0x54 c:/users/alienware.000/.platformio/packages/toolchain-gccarmnoneeabi@1.70201.0/bin/../lib/gcc/arm-none-eabi/7.2.1/../../../../arm-none-eabi/lib/thumb/v7e-m/fpv4-sp/hard\libc_nano.a(lib_a-fflush.o)
                0x08000e78                _fflush_r
 .text.std      0x08000ecc       0x48 c:/users/alienware.000/.platformio/packages/toolchain-gccarmnoneeabi@1.70201.0/bin/../lib/gcc/arm-none-eabi/7.2.1/../../../../arm-none-eabi/lib/thumb/v7e-m/fpv4-sp/hard\libc_nano.a(lib_a-findfp.o)
 .text._cleanup_r
                0x08000f14        0xc c:/users/alienware.000/.platformio/packages/toolchain-gccarmnoneeabi@1.70201.0/bin/../lib/gcc/arm-none-eabi/7.2.1/../../../../arm-none-eabi/lib/thumb/v7e-m/fpv4-sp/hard\libc_nano.a(lib_a-findfp.o)
                0x08000f14                _cleanup_r
 .text.__sfmoreglue
                0x08000f20       0x2c c:/users/alienware.000/.platformio/packages/toolchain-gccarmnoneeabi@1.70201.0/bin/../lib/gcc/arm-none-eabi/7.2.1/../../../../arm-none-eabi/lib/thumb/v7e-m/fpv4-sp/hard\libc_nano.a(lib_a-findfp.o)
                0x08000f20                __sfmoreglue
 .text.__sinit  0x08000f4c       0x60 c:/users/alienware.000/.platformio/packages/toolchain-gccarmnoneeabi@1.70201.0/bin/../lib/gcc/arm-none-eabi/7.2.1/../../../../arm-none-eabi/lib/thumb/v7e-m/fpv4-sp/hard\libc_nano.a(lib_a-findfp.o)
                0x08000f4c                __sinit
 .text.__sfp    0x08000fac       0x78 c:/users/alienware.000/.platformio/packages/toolchain-gccarmnoneeabi@1.70201.0/bin/../lib/gcc/arm-none-eabi/7.2.1/../../../../arm-none-eabi/lib/thumb/v7e-m/fpv4-sp/hard\libc_nano.a(lib_a-findfp.o)
                0x08000fac                __sfp
 .text._fwalk_reent
                0x08001024       0x3c c:/users/alienware.000/.platformio/packages/toolchain-gccarmnoneeabi@1.70201.0/bin/../lib/gcc/arm-none-eabi/7.2.1/../../../../arm-none-eabi/lib/thumb/v7e-m/fpv4-sp/hard\libc_nano.a(lib_a-fwalk.o)
                0x08001024                _fwalk_reent
 .text.__swhatbuf_r
                0x08001060       0x48 c:/users/alienware.000/.platformio/packages/toolchain-gccarmnoneeabi@1.70201.0/bin/../lib/gcc/arm-none-eabi/7.2.1/../../../../arm-none-eabi/lib/thumb/v7e-m/fpv4-sp/hard\libc_nano.a(lib_a-makebuf.o)
                0x08001060                __swhatbuf_r
 .text.__smakebuf_r
                0x080010a8       0x80 c:/users/alienware.000/.platformio/packages/toolchain-gccarmnoneeabi@1.70201.0/bin/../lib/gcc/arm-none-eabi/7.2.1/../../../../arm-none-eabi/lib/thumb/v7e-m/fpv4-sp/hard\libc_nano.a(lib_a-makebuf.o)
                0x080010a8                __smakebuf_r
 .text._free_r  0x08001128       0x9c c:/users/alienware.000/.platformio/packages/toolchain-gccarmnoneeabi@1.70201.0/bin/../lib/gcc/arm-none-eabi/7.2.1/../../../../arm-none-eabi/lib/thumb/v7e-m/fpv4-sp/hard\libc_nano.a(lib_a-nano-freer.o)
                0x08001128                _free_r
 .text._malloc_r
                0x080011c4       0xb4 c:/users/alienware.000/.platformio/packages/toolchain-gccarmnoneeabi@1.70201.0/bin/../lib/gcc/arm-none-eabi/7.2.1/../../../../arm-none-eabi/lib/thumb/v7e-m/fpv4-sp/hard\libc_nano.a(lib_a-nano-mallocr.o)
                0x080011c4                _malloc_r
 .text.__ssputs_r
                0x08001278       0xb4 c:/users/alienware.000/.platformio/packages/toolchain-gccarmnoneeabi@1.70201.0/bin/../lib/gcc/arm-none-eabi/7.2.1/../../../../arm-none-eabi/lib/thumb/v7e-m/fpv4-sp/hard\libc_nano.a(lib_a-nano-svfprintf.o)
                0x08001278                __ssputs_r
 .text._svfprintf_r
                0x0800132c      0x1ec c:/users/alienware.000/.platformio/packages/toolchain-gccarmnoneeabi@1.70201.0/bin/../lib/gcc/arm-none-eabi/7.2.1/../../../../arm-none-eabi/lib/thumb/v7e-m/fpv4-sp/hard\libc_nano.a(lib_a-nano-svfprintf.o)
                0x0800132c                _svfiprintf_r
                0x0800132c                _svfprintf_r
 .text.__sfputc_r
                0x08001518       0x2e c:/users/alienware.000/.platformio/packages/toolchain-gccarmnoneeabi@1.70201.0/bin/../lib/gcc/arm-none-eabi/7.2.1/../../../../arm-none-eabi/lib/thumb/v7e-m/fpv4-sp/hard\libc_nano.a(lib_a-nano-vfprintf.o)
 .text.__sfputs_r
                0x08001546       0x24 c:/users/alienware.000/.platformio/packages/toolchain-gccarmnoneeabi@1.70201.0/bin/../lib/gcc/arm-none-eabi/7.2.1/../../../../arm-none-eabi/lib/thumb/v7e-m/fpv4-sp/hard\libc_nano.a(lib_a-nano-vfprintf.o)
                0x08001546                __sfputs_r
 *fill*         0x0800156a        0x2 
 .text._vfprintf_r
                0x0800156c      0x228 c:/users/alienware.000/.platformio/packages/toolchain-gccarmnoneeabi@1.70201.0/bin/../lib/gcc/arm-none-eabi/7.2.1/../../../../arm-none-eabi/lib/thumb/v7e-m/fpv4-sp/hard\libc_nano.a(lib_a-nano-vfprintf.o)
                0x0800156c                _vfprintf_r
                0x0800156c                _vfiprintf_r
 .text._printf_common
                0x08001794       0xea c:/users/alienware.000/.platformio/packages/toolchain-gccarmnoneeabi@1.70201.0/bin/../lib/gcc/arm-none-eabi/7.2.1/../../../../arm-none-eabi/lib/thumb/v7e-m/fpv4-sp/hard\libc_nano.a(lib_a-nano-vfprintf_i.o)
                0x08001794                _printf_common
 *fill*         0x0800187e        0x2 
 .text._printf_i
                0x08001880      0x224 c:/users/alienware.000/.platformio/packages/toolchain-gccarmnoneeabi@1.70201.0/bin/../lib/gcc/arm-none-eabi/7.2.1/../../../../arm-none-eabi/lib/thumb/v7e-m/fpv4-sp/hard\libc_nano.a(lib_a-nano-vfprintf_i.o)
                0x08001880                _printf_i
 .text._sbrk_r  0x08001aa4       0x20 c:/users/alienware.000/.platformio/packages/toolchain-gccarmnoneeabi@1.70201.0/bin/../lib/gcc/arm-none-eabi/7.2.1/../../../../arm-none-eabi/lib/thumb/v7e-m/fpv4-sp/hard\libc_nano.a(lib_a-sbrkr.o)
                0x08001aa4                _sbrk_r
 .text.__sread  0x08001ac4       0x22 c:/users/alienware.000/.platformio/packages/toolchain-gccarmnoneeabi@1.70201.0/bin/../lib/gcc/arm-none-eabi/7.2.1/../../../../arm-none-eabi/lib/thumb/v7e-m/fpv4-sp/hard\libc_nano.a(lib_a-stdio.o)
                0x08001ac4                __sread
 .text.__swrite
                0x08001ae6       0x38 c:/users/alienware.000/.platformio/packages/toolchain-gccarmnoneeabi@1.70201.0/bin/../lib/gcc/arm-none-eabi/7.2.1/../../../../arm-none-eabi/lib/thumb/v7e-m/fpv4-sp/hard\libc_nano.a(lib_a-stdio.o)
                0x08001ae6                __swrite
 .text.__sseek  0x08001b1e       0x24 c:/users/alienware.000/.platformio/packages/toolchain-gccarmnoneeabi@1.70201.0/bin/../lib/gcc/arm-none-eabi/7.2.1/../../../../arm-none-eabi/lib/thumb/v7e-m/fpv4-sp/hard\libc_nano.a(lib_a-stdio.o)
                0x08001b1e                __sseek
 .text.__sclose
                0x08001b42        0x8 c:/users/alienware.000/.platformio/packages/toolchain-gccarmnoneeabi@1.70201.0/bin/../lib/gcc/arm-none-eabi/7.2.1/../../../../arm-none-eabi/lib/thumb/v7e-m/fpv4-sp/hard\libc_nano.a(lib_a-stdio.o)
                0x08001b42                __sclose
 *fill*         0x08001b4a        0x2 
 .text._write_r
                0x08001b4c       0x24 c:/users/alienware.000/.platformio/packages/toolchain-gccarmnoneeabi@1.70201.0/bin/../lib/gcc/arm-none-eabi/7.2.1/../../../../arm-none-eabi/lib/thumb/v7e-m/fpv4-sp/hard\libc_nano.a(lib_a-writer.o)
                0x08001b4c                _write_r
 .text._close_r
                0x08001b70       0x20 c:/users/alienware.000/.platformio/packages/toolchain-gccarmnoneeabi@1.70201.0/bin/../lib/gcc/arm-none-eabi/7.2.1/../../../../arm-none-eabi/lib/thumb/v7e-m/fpv4-sp/hard\libc_nano.a(lib_a-closer.o)
                0x08001b70                _close_r
 .text._fstat_r
                0x08001b90       0x24 c:/users/alienware.000/.platformio/packages/toolchain-gccarmnoneeabi@1.70201.0/bin/../lib/gcc/arm-none-eabi/7.2.1/../../../../arm-none-eabi/lib/thumb/v7e-m/fpv4-sp/hard\libc_nano.a(lib_a-fstatr.o)
                0x08001b90                _fstat_r
 .text._isatty_r
                0x08001bb4       0x20 c:/users/alienware.000/.platformio/packages/toolchain-gccarmnoneeabi@1.70201.0/bin/../lib/gcc/arm-none-eabi/7.2.1/../../../../arm-none-eabi/lib/thumb/v7e-m/fpv4-sp/hard\libc_nano.a(lib_a-isattyr.o)
                0x08001bb4                _isatty_r
 .text._lseek_r
                0x08001bd4       0x24 c:/users/alienware.000/.platformio/packages/toolchain-gccarmnoneeabi@1.70201.0/bin/../lib/gcc/arm-none-eabi/7.2.1/../../../../arm-none-eabi/lib/thumb/v7e-m/fpv4-sp/hard\libc_nano.a(lib_a-lseekr.o)
                0x08001bd4                _lseek_r
 *fill*         0x08001bf8        0x8 
 .text          0x08001c00       0xa0 c:/users/alienware.000/.platformio/packages/toolchain-gccarmnoneeabi@1.70201.0/bin/../lib/gcc/arm-none-eabi/7.2.1/../../../../arm-none-eabi/lib/thumb/v7e-m/fpv4-sp/hard\libc_nano.a(lib_a-memchr.o)
                0x08001c00                memchr
 .text.memcpy   0x08001ca0       0x16 c:/users/alienware.000/.platformio/packages/toolchain-gccarmnoneeabi@1.70201.0/bin/../lib/gcc/arm-none-eabi/7.2.1/../../../../arm-none-eabi/lib/thumb/v7e-m/fpv4-sp/hard\libc_nano.a(lib_a-memcpy-stub.o)
                0x08001ca0                memcpy
 .text.memmove  0x08001cb6       0x32 c:/users/alienware.000/.platformio/packages/toolchain-gccarmnoneeabi@1.70201.0/bin/../lib/gcc/arm-none-eabi/7.2.1/../../../../arm-none-eabi/lib/thumb/v7e-m/fpv4-sp/hard\libc_nano.a(lib_a-memmove.o)
                0x08001cb6                memmove
 .text.__malloc_lock
                0x08001ce8        0x2 c:/users/alienware.000/.platformio/packages/toolchain-gccarmnoneeabi@1.70201.0/bin/../lib/gcc/arm-none-eabi/7.2.1/../../../../arm-none-eabi/lib/thumb/v7e-m/fpv4-sp/hard\libc_nano.a(lib_a-mlock.o)
                0x08001ce8                __malloc_lock
 .text.__malloc_unlock
                0x08001cea        0x2 c:/users/alienware.000/.platformio/packages/toolchain-gccarmnoneeabi@1.70201.0/bin/../lib/gcc/arm-none-eabi/7.2.1/../../../../arm-none-eabi/lib/thumb/v7e-m/fpv4-sp/hard\libc_nano.a(lib_a-mlock.o)
                0x08001cea                __malloc_unlock
 .text._realloc_r
                0x08001cec       0x4c c:/users/alienware.000/.platformio/packages/toolchain-gccarmnoneeabi@1.70201.0/bin/../lib/gcc/arm-none-eabi/7.2.1/../../../../arm-none-eabi/lib/thumb/v7e-m/fpv4-sp/hard\libc_nano.a(lib_a-nano-reallocr.o)
                0x08001cec                _realloc_r
 .text._read_r  0x08001d38       0x24 c:/users/alienware.000/.platformio/packages/toolchain-gccarmnoneeabi@1.70201.0/bin/../lib/gcc/arm-none-eabi/7.2.1/../../../../arm-none-eabi/lib/thumb/v7e-m/fpv4-sp/hard\libc_nano.a(lib_a-readr.o)
                0x08001d38                _read_r
 .text._malloc_usable_size_r
                0x08001d5c       0x10 c:/users/alienware.000/.platformio/packages/toolchain-gccarmnoneeabi@1.70201.0/bin/../lib/gcc/arm-none-eabi/7.2.1/../../../../arm-none-eabi/lib/thumb/v7e-m/fpv4-sp/hard\libc_nano.a(lib_a-nano-msizer.o)
                0x08001d5c                _malloc_usable_size_r
 .text._close   0x08001d6c       0x10 c:/users/alienware.000/.platformio/packages/toolchain-gccarmnoneeabi@1.70201.0/bin/../lib/gcc/arm-none-eabi/7.2.1/../../../../arm-none-eabi/lib/thumb/v7e-m/fpv4-sp/hard\libnosys.a(close.o)
                0x08001d6c                _close
 .text._fstat   0x08001d7c       0x10 c:/users/alienware.000/.platformio/packages/toolchain-gccarmnoneeabi@1.70201.0/bin/../lib/gcc/arm-none-eabi/7.2.1/../../../../arm-none-eabi/lib/thumb/v7e-m/fpv4-sp/hard\libnosys.a(fstat.o)
                0x08001d7c                _fstat
 .text._isatty  0x08001d8c       0x10 c:/users/alienware.000/.platformio/packages/toolchain-gccarmnoneeabi@1.70201.0/bin/../lib/gcc/arm-none-eabi/7.2.1/../../../../arm-none-eabi/lib/thumb/v7e-m/fpv4-sp/hard\libnosys.a(isatty.o)
                0x08001d8c                _isatty
 .text._lseek   0x08001d9c       0x10 c:/users/alienware.000/.platformio/packages/toolchain-gccarmnoneeabi@1.70201.0/bin/../lib/gcc/arm-none-eabi/7.2.1/../../../../arm-none-eabi/lib/thumb/v7e-m/fpv4-sp/hard\libnosys.a(lseek.o)
                0x08001d9c                _lseek
 .text._read    0x08001dac       0x10 c:/users/alienware.000/.platformio/packages/toolchain-gccarmnoneeabi@1.70201.0/bin/../lib/gcc/arm-none-eabi/7.2.1/../../../../arm-none-eabi/lib/thumb/v7e-m/fpv4-sp/hard\libnosys.a(read.o)
                0x08001dac                _read
 .text._sbrk    0x08001dbc       0x1c c:/users/alienware.000/.platformio/packages/toolchain-gccarmnoneeabi@1.70201.0/bin/../lib/gcc/arm-none-eabi/7.2.1/../../../../arm-none-eabi/lib/thumb/v7e-m/fpv4-sp/hard\libnosys.a(sbrk.o)
                0x08001dbc                _sbrk
 .text.gpio_mode_setup
                0x08001dd8       0x44 .pio\build\stm32_f407\libFrameworkLibOpenCM3.a(gpio_common_f0234.o)
                0x08001dd8                gpio_mode_setup
 .text.gpio_set_output_options
                0x08001e1c       0x36 .pio\build\stm32_f407\libFrameworkLibOpenCM3.a(gpio_common_f0234.o)
                0x08001e1c                gpio_set_output_options
 .text.gpio_set_af
                0x08001e52       0x58 .pio\build\stm32_f407\libFrameworkLibOpenCM3.a(gpio_common_f0234.o)
                0x08001e52                gpio_set_af
 .text.rcc_periph_clock_enable
                0x08001eaa       0x1a .pio\build\stm32_f407\libFrameworkLibOpenCM3.a(rcc_common_all.o)
                0x08001eaa                rcc_periph_clock_enable
 .text.usart_set_baudrate
                0x08001ec4       0x2c .pio\build\stm32_f407\libFrameworkLibOpenCM3.a(usart_common_all.o)
                0x08001ec4                usart_set_baudrate
 .text.usart_set_databits
                0x08001ef0       0x12 .pio\build\stm32_f407\libFrameworkLibOpenCM3.a(usart_common_all.o)
                0x08001ef0                usart_set_databits
 .text.usart_set_stopbits
                0x08001f02        0xc .pio\build\stm32_f407\libFrameworkLibOpenCM3.a(usart_common_all.o)
                0x08001f02                usart_set_stopbits
 .text.usart_set_parity
                0x08001f0e        0xc .pio\build\stm32_f407\libFrameworkLibOpenCM3.a(usart_common_all.o)
                0x08001f0e                usart_set_parity
 .text.usart_set_mode
                0x08001f1a        0xc .pio\build\stm32_f407\libFrameworkLibOpenCM3.a(usart_common_all.o)
                0x08001f1a                usart_set_mode
 .text.usart_set_flow_control
                0x08001f26        0xc .pio\build\stm32_f407\libFrameworkLibOpenCM3.a(usart_common_all.o)
                0x08001f26                usart_set_flow_control
 .text.usart_enable
                0x08001f32        0xa .pio\build\stm32_f407\libFrameworkLibOpenCM3.a(usart_common_all.o)
                0x08001f32                usart_enable
 .text.usart_enable_rx_interrupt
                0x08001f3c        0xa .pio\build\stm32_f407\libFrameworkLibOpenCM3.a(usart_common_all.o)
                0x08001f3c                usart_enable_rx_interrupt
 .text.blocking_handler
                0x08001f46        0x2 .pio\build\stm32_f407\libFrameworkLibOpenCM3.a(vector.o)
                0x08001f46                dma2_stream1_isr
                0x08001f46                tim8_brk_tim12_isr
                0x08001f46                dma1_stream7_isr
                0x08001f46                usart3_isr
                0x08001f46                tim7_isr
                0x08001f46                dma2d_isr
                0x08001f46                uart8_isr
                0x08001f46                dma1_stream2_isr
                0x08001f46                otg_hs_isr
                0x08001f46                blocking_handler
                0x08001f46                tim5_isr
                0x08001f46                rtc_wkup_isr
                0x08001f46                otg_fs_isr
                0x08001f46                spi1_isr
                0x08001f46                i2c3_er_isr
                0x08001f46                exti2_isr
                0x08001f46                spi5_isr
                0x08001f46                usb_fs_wkup_isr
                0x08001f46                tamp_stamp_isr
                0x08001f46                can1_rx1_isr
                0x08001f46                dma2_stream0_isr
                0x08001f46                i2c3_ev_isr
                0x08001f46                usage_fault_handler
                0x08001f46                can2_rx0_isr
                0x08001f46                dma1_stream6_isr
                0x08001f46                can2_rx1_isr
                0x08001f46                can1_sce_isr
                0x08001f46                tim1_cc_isr
                0x08001f46                can1_tx_isr
                0x08001f46                tim1_up_tim10_isr
                0x08001f46                sdio_isr
                0x08001f46                eth_isr
                0x08001f46                spi6_isr
                0x08001f46                dma2_stream5_isr
                0x08001f46                pvd_isr
                0x08001f46                can1_rx0_isr
                0x08001f46                rcc_isr
                0x08001f46                dma2_stream3_isr
                0x08001f46                flash_isr
                0x08001f46                uart4_isr
                0x08001f46                lcd_tft_isr
                0x08001f46                rtc_alarm_isr
                0x08001f46                exti15_10_isr
                0x08001f46                hash_rng_isr
                0x08001f46                tim1_trg_com_tim11_isr
                0x08001f46                hard_fault_handler
                0x08001f46                exti1_isr
                0x08001f46                i2c1_ev_isr
                0x08001f46                usart6_isr
                0x08001f46                spi2_isr
                0x08001f46                cryp_isr
                0x08001f46                nvic_wwdg_isr
                0x08001f46                dma1_stream1_isr
                0x08001f46                dma2_stream4_isr
                0x08001f46                exti3_isr
                0x08001f46                tim3_isr
                0x08001f46                sai1_isr
                0x08001f46                fpu_isr
                0x08001f46                dma1_stream4_isr
                0x08001f46                i2c2_er_isr
                0x08001f46                i2c2_ev_isr
                0x08001f46                uart5_isr
                0x08001f46                dma2_stream6_isr
                0x08001f46                spi4_isr
                0x08001f46                adc_isr
                0x08001f46                dma2_stream7_isr
                0x08001f46                tim8_up_tim13_isr
                0x08001f46                fsmc_isr
                0x08001f46                exti4_isr
                0x08001f46                tim6_dac_isr
                0x08001f46                dma1_stream3_isr
                0x08001f46                tim8_trg_com_tim14_isr
                0x08001f46                mem_manage_handler
                0x08001f46                lcd_tft_err_isr
                0x08001f46                can2_tx_isr
                0x08001f46                exti9_5_isr
                0x08001f46                tim1_brk_tim9_isr
                0x08001f46                uart7_isr
                0x08001f46                can2_sce_isr
                0x08001f46                tim4_isr
                0x08001f46                otg_hs_wkup_isr
                0x08001f46                i2c1_er_isr
                0x08001f46                dma1_stream0_isr
                0x08001f46                tim8_cc_isr
                0x08001f46                dcmi_isr
                0x08001f46                dma2_stream2_isr
                0x08001f46                eth_wkup_isr
                0x08001f46                bus_fault_handler
                0x08001f46                otg_hs_ep1_out_isr
                0x08001f46                spi3_isr
                0x08001f46                dma1_stream5_isr
                0x08001f46                otg_hs_ep1_in_isr
                0x08001f46                tim2_isr
                0x08001f46                exti0_isr
 .text.null_handler
                0x08001f48        0x2 .pio\build\stm32_f407\libFrameworkLibOpenCM3.a(vector.o)
                0x08001f48                sv_call_handler
                0x08001f48                pend_sv_handler
                0x08001f48                sys_tick_handler
                0x08001f48                nmi_handler
                0x08001f48                null_handler
 *fill*         0x08001f4a        0x2 
 .text.reset_handler
                0x08001f4c       0x9c .pio\build\stm32_f407\libFrameworkLibOpenCM3.a(vector.o)
                0x08001f4c                reset_handler
 .text.nvic_enable_irq
                0x08001fe8       0x1c .pio\build\stm32_f407\libFrameworkLibOpenCM3.a(nvic.o)
                0x08001fe8                nvic_enable_irq
 .text.ebpf_malloc
                0x08002004       0x10 .pio\build\stm32_f407\libf7e\libebpf.a(ebpf_allocator.o)
                0x08002004                ebpf_malloc
 .text.ebpf_realloc
                0x08002014       0x4c .pio\build\stm32_f407\libf7e\libebpf.a(ebpf_allocator.o)
                0x08002014                ebpf_realloc
 .text.ebpf_calloc
                0x08002060       0x10 .pio\build\stm32_f407\libf7e\libebpf.a(ebpf_allocator.o)
                0x08002060                ebpf_calloc
 .text.ebpf_free
                0x08002070        0x4 .pio\build\stm32_f407\libf7e\libebpf.a(ebpf_allocator.o)
                0x08002070                ebpf_free
 .text.get_ebpf_alloc_size
                0x08002074        0xc .pio\build\stm32_f407\libf7e\libebpf.a(ebpf_allocator.o)
                0x08002074                get_ebpf_alloc_size
 .text.FPB_Handler1
                0x08002080       0x1e .pio\build\stm32_f407\lib29c\libhotpatch.a(cortex-m4_fbp.o)
                0x08002080                FPB_Handler1
 .text.FPB_Handler2
                0x0800209e       0x1e .pio\build\stm32_f407\lib29c\libhotpatch.a(cortex-m4_fbp.o)
                0x0800209e                FPB_Handler2
 .text.FPB_Handler3
                0x080020bc       0x1e .pio\build\stm32_f407\lib29c\libhotpatch.a(cortex-m4_fbp.o)
                0x080020bc                FPB_Handler3
 .text.FPB_Handler4
                0x080020da       0x1e .pio\build\stm32_f407\lib29c\libhotpatch.a(cortex-m4_fbp.o)
                0x080020da                FPB_Handler4
 .text.FPB_Handler5
                0x080020f8       0x12 .pio\build\stm32_f407\lib29c\libhotpatch.a(cortex-m4_fbp.o)
                0x080020f8                FPB_Handler5
 *fill*         0x0800210a        0x2 
 .text.FPB_Handler0
                0x0800210c       0x38 .pio\build\stm32_f407\lib29c\libhotpatch.a(cortex-m4_fbp.o)
                0x0800210c                FPB_Handler0
 .text.FixedBuggyFunc
                0x08002144        0xc .pio\build\stm32_f407\lib29c\libhotpatch.a(cortex-m4_fbp.o)
 .text.RawBuggyFunc
                0x08002150       0x1c .pio\build\stm32_f407\lib29c\libhotpatch.a(cortex-m4_fbp.o)
 .text.test_func
                0x0800216c       0x3c .pio\build\stm32_f407\lib29c\libhotpatch.a(cortex-m4_fbp.o)
 .text.calc_bpkt_addr
                0x080021a8       0x28 .pio\build\stm32_f407\lib29c\libhotpatch.a(cortex-m4_fbp.o)
                0x080021a8                calc_bpkt_addr
 .text.show_hw_bkpt
                0x080021d0       0x6c .pio\build\stm32_f407\lib29c\libhotpatch.a(cortex-m4_fbp.o)
                0x080021d0                show_hw_bkpt
 .text.calc_branch_instr
                0x0800223c       0x4a .pio\build\stm32_f407\lib29c\libhotpatch.a(cortex-m4_fbp.o)
                0x0800223c                calc_branch_instr
 *fill*         0x08002286        0x2 
 .text.add_hw_bkpt
                0x08002288      0x1e4 .pio\build\stm32_f407\lib29c\libhotpatch.a(cortex-m4_fbp.o)
                0x08002288                add_hw_bkpt
 .text.clear_all_hw_bkpt
                0x0800246c       0x40 .pio\build\stm32_f407\lib29c\libhotpatch.a(cortex-m4_fbp.o)
                0x0800246c                clear_all_hw_bkpt
 .text.fpb_disable_cur_inst
                0x080024ac       0x70 .pio\build\stm32_f407\lib29c\libhotpatch.a(cortex-m4_fbp.o)
                0x080024ac                fpb_disable_cur_inst
 .text.fpb_enable_callback
                0x0800251c       0x44 .pio\build\stm32_f407\lib29c\libhotpatch.a(cortex-m4_fbp.o)
                0x0800251c                fpb_enable_callback
 .text.leave_fpb_bpkt
                0x08002560       0xc0 .pio\build\stm32_f407\lib29c\libhotpatch.a(cortex-m4_fbp.o)
                0x08002560                leave_fpb_bpkt
 .text.leave_debug_monitor
                0x08002620      0x100 .pio\build\stm32_f407\lib29c\libhotpatch.a(cortex-m4_fbp.o)
                0x08002620                leave_debug_monitor
 .text.debug_monitor_handler
                0x08002720       0x14 .pio\build\stm32_f407\lib29c\libhotpatch.a(cortex-m4_fbp.o)
                0x08002720                debug_monitor_handler
 .text.set_patch_mode
                0x08002734       0xa8 .pio\build\stm32_f407\lib29c\libhotpatch.a(cortex-m4_fbp.o)
                0x08002734                set_patch_mode
 .text.trigger_fpb_patch
                0x080027dc       0xa8 .pio\build\stm32_f407\lib29c\libhotpatch.a(cortex-m4_fbp.o)
                0x080027dc                trigger_fpb_patch
 .text.trigger_debugmon_patch
                0x08002884       0x54 .pio\build\stm32_f407\lib29c\libhotpatch.a(cortex-m4_fbp.o)
                0x08002884                trigger_debugmon_patch
 .text.test_dynamic_bug
                0x080028d8        0xe .pio\build\stm32_f407\lib29c\libhotpatch.a(dynamic_patch_load.o)
                0x080028d8                test_dynamic_bug
 *fill*         0x080028e6        0x2 
 .text.show_local_patch_desc
                0x080028e8       0x3c .pio\build\stm32_f407\lib29c\libhotpatch.a(dynamic_patch_load.o)
                0x080028e8                show_local_patch_desc
 .text.verify_patch_trans
                0x08002924       0x48 .pio\build\stm32_f407\lib29c\libhotpatch.a(dynamic_patch_load.o)
                0x08002924                verify_patch_trans
 .text.read_local_patch
                0x0800296c       0xcc .pio\build\stm32_f407\lib29c\libhotpatch.a(dynamic_patch_load.o)
                0x0800296c                read_local_patch
 .text.my_memmove
                0x08002a38       0x10 .pio\build\stm32_f407\lib29c\libhotpatch.a(ebpf_test.o)
 .text.ebpf_eva
                0x08002a48       0xac .pio\build\stm32_f407\lib29c\libhotpatch.a(ebpf_test.o)
                0x08002a48                ebpf_eva
 .text.test_ebpf_c0
                0x08002af4       0x34 .pio\build\stm32_f407\lib29c\libhotpatch.a(ebpf_test.o)
                0x08002af4                test_ebpf_c0
 .text.test_ebpf_c1
                0x08002b28       0x34 .pio\build\stm32_f407\lib29c\libhotpatch.a(ebpf_test.o)
                0x08002b28                test_ebpf_c1
 .text.test_ebpf_c2
                0x08002b5c       0x34 .pio\build\stm32_f407\lib29c\libhotpatch.a(ebpf_test.o)
                0x08002b5c                test_ebpf_c2
 .text.test_ebpf_c3
                0x08002b90       0x38 .pio\build\stm32_f407\lib29c\libhotpatch.a(ebpf_test.o)
                0x08002b90                test_ebpf_c3
 .text.test_ebpf_c4
                0x08002bc8       0x24 .pio\build\stm32_f407\lib29c\libhotpatch.a(ebpf_test.o)
                0x08002bc8                test_ebpf_c4
 .text.test_ebpf_c5
                0x08002bec       0x3c .pio\build\stm32_f407\lib29c\libhotpatch.a(ebpf_test.o)
                0x08002bec                test_ebpf_c5
 .text.test_ebpf_c6
                0x08002c28       0x48 .pio\build\stm32_f407\lib29c\libhotpatch.a(ebpf_test.o)
                0x08002c28                test_ebpf_c6
 .text.test_ebpf_c7
                0x08002c70       0x44 .pio\build\stm32_f407\lib29c\libhotpatch.a(ebpf_test.o)
                0x08002c70                test_ebpf_c7
 .text.test_ebpf_c8
                0x08002cb4       0x34 .pio\build\stm32_f407\lib29c\libhotpatch.a(ebpf_test.o)
                0x08002cb4                test_ebpf_c8
 .text.test_ebpf_c9
                0x08002ce8       0x3c .pio\build\stm32_f407\lib29c\libhotpatch.a(ebpf_test.o)
                0x08002ce8                test_ebpf_c9
 .text.test_ebpf_c10
                0x08002d24       0x20 .pio\build\stm32_f407\lib29c\libhotpatch.a(ebpf_test.o)
                0x08002d24                test_ebpf_c10
 .text.test_ebpf_c11
                0x08002d44       0x38 .pio\build\stm32_f407\lib29c\libhotpatch.a(ebpf_test.o)
                0x08002d44                test_ebpf_c11
 .text.test_ebpf_c12
                0x08002d7c       0x48 .pio\build\stm32_f407\lib29c\libhotpatch.a(ebpf_test.o)
                0x08002d7c                test_ebpf_c12
 .text.run_ebpf_eva
                0x08002dc4       0x20 .pio\build\stm32_f407\lib29c\libhotpatch.a(ebpf_test.o)
                0x08002dc4                run_ebpf_eva
 .text.patch_num_eva
                0x08002de4       0x88 .pio\build\stm32_f407\lib29c\libhotpatch.a(ebpf_test.o)
                0x08002de4                patch_num_eva
 .text.test_patch_dispatcher
                0x08002e6c       0x4c .pio\build\stm32_f407\lib29c\libhotpatch.a(ebpf_test.o)
                0x08002e6c                test_patch_dispatcher
 .text.run_ebpf_test
                0x08002eb8       0x14 .pio\build\stm32_f407\lib29c\libhotpatch.a(ebpf_test.o)
                0x08002eb8                run_ebpf_test
 .text.show_fixed_patch_desc
                0x08002ecc       0x2c .pio\build\stm32_f407\lib29c\libhotpatch.a(fixed_patch_load.o)
                0x08002ecc                show_fixed_patch_desc
 .text.load_local_fixed_patch
                0x08002ef8       0xac .pio\build\stm32_f407\lib29c\libhotpatch.a(fixed_patch_load.o)
                0x08002ef8                load_local_fixed_patch
 .text.fixed_patch_point_hanlder
                0x08002fa4       0x1a .pio\build\stm32_f407\lib29c\libhotpatch.a(fixed_patch_points.o)
                0x08002fa4                fixed_patch_point_hanlder
 *fill*         0x08002fbe        0x2 
 .text.dummy_buggy_MQTT_packet_length_decode
                0x08002fc0       0x54 .pio\build\stm32_f407\lib29c\libhotpatch.a(fixed_patch_points.o)
 .text.call_dummy_buggy_MQTT_function
                0x08003014       0x88 .pio\build\stm32_f407\lib29c\libhotpatch.a(fixed_patch_points.o)
 .text.test_fixed_patch_point
                0x0800309c       0x1c .pio\build\stm32_f407\lib29c\libhotpatch.a(fixed_patch_points.o)
                0x0800309c                test_fixed_patch_point
 .text.dispatch_fixed_patch_point
                0x080030b8       0x68 .pio\build\stm32_f407\lib29c\libhotpatch.a(fixed_patch_points.o)
                0x080030b8                dispatch_fixed_patch_point
 .text.update_bits_filter
                0x08003120       0x54 .pio\build\stm32_f407\lib29c\libhotpatch.a(iotpatch.o)
 .text.add_dynamic_patch_to_ctx
                0x08003174       0x5c .pio\build\stm32_f407\lib29c\libhotpatch.a(iotpatch.o)
 .text.active_patch
                0x080031d0       0x30 .pio\build\stm32_f407\lib29c\libhotpatch.a(iotpatch.o)
 .text.ebpf_patch_setup
                0x08003200       0x20 .pio\build\stm32_f407\lib29c\libhotpatch.a(iotpatch.o)
                0x08003200                ebpf_patch_setup
 .text.init_patch_sys
                0x08003220       0x3c .pio\build\stm32_f407\lib29c\libhotpatch.a(iotpatch.o)
                0x08003220                init_patch_sys
 .text.show_all_patches
                0x0800325c       0x3c .pio\build\stm32_f407\lib29c\libhotpatch.a(iotpatch.o)
                0x0800325c                show_all_patches
 .text.notify_new_patch
                0x08003298       0x80 .pio\build\stm32_f407\lib29c\libhotpatch.a(iotpatch.o)
                0x08003298                notify_new_patch
 .text.get_fixed_patch_by_lr
                0x08003318       0x24 .pio\build\stm32_f407\lib29c\libhotpatch.a(iotpatch.o)
                0x08003318                get_fixed_patch_by_lr
 .text.get_dynamic_patch_by_bpkt
                0x0800333c       0x2c .pio\build\stm32_f407\lib29c\libhotpatch.a(iotpatch.o)
                0x0800333c                get_dynamic_patch_by_bpkt
 .text.load_local_patch_to_ctx
                0x08003368       0x64 .pio\build\stm32_f407\lib29c\libhotpatch.a(iotpatch.o)
                0x08003368                load_local_patch_to_ctx
 .text.run_ebpf_filter
                0x080033cc       0x1a .pio\build\stm32_f407\lib29c\libhotpatch.a(iotpatch.o)
                0x080033cc                run_ebpf_filter
 .text.start_patch_service
                0x080033e6        0xa .pio\build\stm32_f407\lib29c\libhotpatch.a(patch_service.o)
                0x080033e6                start_patch_service
 .text.dwt_init
                0x080033f0       0x34 .pio\build\stm32_f407\lib29c\libhotpatch.a(profiling.o)
 .text.get_cur_tick
                0x08003424        0xc .pio\build\stm32_f407\lib29c\libhotpatch.a(profiling.o)
                0x08003424                get_cur_tick
 .text.profile_add_event
                0x08003430       0x5c .pio\build\stm32_f407\lib29c\libhotpatch.a(profiling.o)
                0x08003430                profile_add_event
 .text.profile_start
                0x0800348c       0x14 .pio\build\stm32_f407\lib29c\libhotpatch.a(profiling.o)
                0x0800348c                profile_start
 .text.profile_end
                0x080034a0       0x20 .pio\build\stm32_f407\lib29c\libhotpatch.a(profiling.o)
                0x080034a0                profile_end
 .text.cycles2us
                0x080034c0       0x1c .pio\build\stm32_f407\lib29c\libhotpatch.a(profiling.o)
                0x080034c0                cycles2us
 .text.profile_dump
                0x080034dc       0x44 .pio\build\stm32_f407\lib29c\libhotpatch.a(profiling.o)
                0x080034dc                profile_dump
 .text.debug_log
                0x08003520       0x1e .pio\build\stm32_f407\lib29c\libhotpatch.a(utils.o)
                0x08003520                debug_log
 .text.str2int  0x0800353e       0x16 .pio\build\stm32_f407\lib29c\libhotpatch.a(utils.o)
                0x0800353e                str2int
 .text.byte2int
                0x08003554       0x1a .pio\build\stm32_f407\lib29c\libhotpatch.a(utils.o)
                0x08003554                byte2int
 .text.str_hash
                0x0800356e       0x26 .pio\build\stm32_f407\lib29c\libhotpatch.a(utils.o)
                0x0800356e                str_hash
 .text.calc_bpkt_pc
                0x08003594       0x12 .pio\build\stm32_f407\lib29c\libhotpatch.a(utils.o)
                0x08003594                calc_bpkt_pc
 .text.little_endian_16_bit
                0x080035a6        0x6 .pio\build\stm32_f407\lib29c\libhotpatch.a(utils.o)
                0x080035a6                little_endian_16_bit
 .text.calloc   0x080035ac       0x10 c:/users/alienware.000/.platformio/packages/toolchain-gccarmnoneeabi@1.70201.0/bin/../lib/gcc/arm-none-eabi/7.2.1/../../../../arm-none-eabi/lib/thumb/v7e-m/fpv4-sp/hard\libc_nano.a(lib_a-calloc.o)
                0x080035ac                calloc
 .text.malloc   0x080035bc       0x10 c:/users/alienware.000/.platformio/packages/toolchain-gccarmnoneeabi@1.70201.0/bin/../lib/gcc/arm-none-eabi/7.2.1/../../../../arm-none-eabi/lib/thumb/v7e-m/fpv4-sp/hard\libc_nano.a(lib_a-malloc.o)
                0x080035bc                malloc
 .text.free     0x080035cc       0x10 c:/users/alienware.000/.platformio/packages/toolchain-gccarmnoneeabi@1.70201.0/bin/../lib/gcc/arm-none-eabi/7.2.1/../../../../arm-none-eabi/lib/thumb/v7e-m/fpv4-sp/hard\libc_nano.a(lib_a-malloc.o)
                0x080035cc                free
 .text._calloc_r
                0x080035dc       0x1c c:/users/alienware.000/.platformio/packages/toolchain-gccarmnoneeabi@1.70201.0/bin/../lib/gcc/arm-none-eabi/7.2.1/../../../../arm-none-eabi/lib/thumb/v7e-m/fpv4-sp/hard\libc_nano.a(lib_a-nano-callocr.o)
                0x080035dc                _calloc_r
 .text.tmp_map_get_val
                0x080035f8        0xc .pio\build\stm32_f407\libf7e\libebpf.a(ebpf_vm.o)
 .text.tmp_map_save_val
                0x08003604       0x28 .pio\build\stm32_f407\libf7e\libebpf.a(ebpf_vm.o)
 .text.iot_call_C_func_noret
                0x0800362c       0x44 .pio\build\stm32_f407\libf7e\libebpf.a(ebpf_vm.o)
 .text.iot_print_log
                0x08003670        0x4 .pio\build\stm32_f407\libf7e\libebpf.a(ebpf_vm.o)
 .text.use_default_helper_func
                0x08003674       0x2c .pio\build\stm32_f407\libf7e\libebpf.a(ebpf_vm.o)
 .text.bounds_check.isra.0
                0x080036a0       0x38 .pio\build\stm32_f407\libf7e\libebpf.a(ebpf_vm.o)
 .text.ebpf_register
                0x080036d8       0x28 .pio\build\stm32_f407\libf7e\libebpf.a(ebpf_vm.o)
                0x080036d8                ebpf_register
 .text.set_default_helpers
                0x08003700       0x58 .pio\build\stm32_f407\libf7e\libebpf.a(ebpf_vm.o)
                0x08003700                set_default_helpers
 .text.init_iot_ebpf_helpers
                0x08003758       0x14 .pio\build\stm32_f407\libf7e\libebpf.a(ebpf_vm.o)
                0x08003758                init_iot_ebpf_helpers
 .text.init_ebpf_vm
                0x0800376c       0x2c .pio\build\stm32_f407\libf7e\libebpf.a(ebpf_vm.o)
                0x0800376c                init_ebpf_vm
 .text.ebpf_vm_set_inst
                0x08003798       0x24 .pio\build\stm32_f407\libf7e\libebpf.a(ebpf_vm.o)
                0x08003798                ebpf_vm_set_inst
 .text.ebpf_vm_exec
                0x080037bc     0x11b8 .pio\build\stm32_f407\libf7e\libebpf.a(ebpf_vm.o)
                0x080037bc                ebpf_vm_exec
 .text.jit_mem_allocate
                0x08004974       0x34 .pio\build\stm32_f407\libf7e\libebpf.a(jit.o)
                0x08004974                jit_mem_allocate
 .text.jit_mem_free
                0x080049a8        0xa .pio\build\stm32_f407\libf7e\libebpf.a(jit.o)
                0x080049a8                jit_mem_free
 .text.jit_state_set_mem
                0x080049b2       0x10 .pio\build\stm32_f407\libf7e\libebpf.a(jit.o)
                0x080049b2                jit_state_set_mem
 .text.gen_jit_code
                0x080049c2       0x58 .pio\build\stm32_f407\libf7e\libebpf.a(jit.o)
                0x080049c2                gen_jit_code
 .text.jit_mem_statistic
                0x08004a1a        0x6 .pio\build\stm32_f407\libf7e\libebpf.a(jit.o)
                0x08004a1a                jit_mem_statistic
 .text._thumb32_LSRW_IMM_T2
                0x08004a20       0x2c .pio\build\stm32_f407\libf7e\libebpf.a(jit_thumb2.o)
 .text.emit2    0x08004a4c       0x14 .pio\build\stm32_f407\libf7e\libebpf.a(jit_thumb2.o)
 .text.emit4    0x08004a60       0x14 .pio\build\stm32_f407\libf7e\libebpf.a(jit_thumb2.o)
 .text._emit_ldr_i
                0x08004a74       0x40 .pio\build\stm32_f407\libf7e\libebpf.a(jit_thumb2.o)
 .text.arm_bpf_get_reg32
                0x08004ab4       0x16 .pio\build\stm32_f407\libf7e\libebpf.a(jit_thumb2.o)
 *fill*         0x08004aca        0x2 
 .text._emit_str_i
                0x08004acc       0x3c .pio\build\stm32_f407\libf7e\libebpf.a(jit_thumb2.o)
 .text._emit_ldrd_i.constprop.16
                0x08004b08       0x26 .pio\build\stm32_f407\libf7e\libebpf.a(jit_thumb2.o)
 .text.arm_bpf_get_reg64
                0x08004b2e       0x18 .pio\build\stm32_f407\libf7e\libebpf.a(jit_thumb2.o)
 .text._emit_strd_i.constprop.22
                0x08004b46       0x42 .pio\build\stm32_f407\libf7e\libebpf.a(jit_thumb2.o)
 .text._emit_mov_reg
                0x08004b88       0x36 .pio\build\stm32_f407\libf7e\libebpf.a(jit_thumb2.o)
 .text.arm_bpf_put_reg32
                0x08004bbe       0x28 .pio\build\stm32_f407\libf7e\libebpf.a(jit_thumb2.o)
 .text.emit_a32_mov_reg
                0x08004be6       0x1a .pio\build\stm32_f407\libf7e\libebpf.a(jit_thumb2.o)
 .text.arm_bpf_put_reg64
                0x08004c00       0x3e .pio\build\stm32_f407\libf7e\libebpf.a(jit_thumb2.o)
 *fill*         0x08004c3e        0x2 
 .text.emit_mov_reg64
                0x08004c40       0x6c .pio\build\stm32_f407\libf7e\libebpf.a(jit_thumb2.o)
 .text.emit_mov_imm
                0x08004cac       0x82 .pio\build\stm32_f407\libf7e\libebpf.a(jit_thumb2.o)
 *fill*         0x08004d2e        0x2 
 .text.emit_mov_i64
                0x08004d30       0x38 .pio\build\stm32_f407\libf7e\libebpf.a(jit_thumb2.o)
 .text.emit_mov_se_imm64.part.8
                0x08004d68       0x1c .pio\build\stm32_f407\libf7e\libebpf.a(jit_thumb2.o)
 .text.emit_mov_se_imm64
                0x08004d84       0x1c .pio\build\stm32_f407\libf7e\libebpf.a(jit_thumb2.o)
 .text.emit_alu32_imm
                0x08004da0       0x6c .pio\build\stm32_f407\libf7e\libebpf.a(jit_thumb2.o)
 .text.emit_a32_mul_r64
                0x08004e0c       0xbc .pio\build\stm32_f407\libf7e\libebpf.a(jit_thumb2.o)
 .text._emit_cmp_reg
                0x08004ec8       0x3a .pio\build\stm32_f407\libf7e\libebpf.a(jit_thumb2.o)
 *fill*         0x08004f02        0x2 
 .text._emit_b_cond
                0x08004f04       0x78 .pio\build\stm32_f407\libf7e\libebpf.a(jit_thumb2.o)
 .text.emit_push_r64
                0x08004f7c       0x6c .pio\build\stm32_f407\libf7e\libebpf.a(jit_thumb2.o)
 .text._emit_b  0x08004fe8       0x78 .pio\build\stm32_f407\libf7e\libebpf.a(jit_thumb2.o)
 .text.emit_alu32_reg.constprop.13
                0x08005060      0x198 .pio\build\stm32_f407\libf7e\libebpf.a(jit_thumb2.o)
 .text.build_prologue
                0x080051f8       0x5c .pio\build\stm32_f407\libf7e\libebpf.a(jit_thumb2.o)
 .text.emit_str_reg
                0x08005254       0xc4 .pio\build\stm32_f407\libf7e\libebpf.a(jit_thumb2.o)
 .text.jit_dump_inst
                0x08005318       0x38 .pio\build\stm32_f407\libf7e\libebpf.a(jit_thumb2.o)
                0x08005318                jit_dump_inst
 .text.emit_alu64_reg
                0x08005350       0x80 .pio\build\stm32_f407\libf7e\libebpf.a(jit_thumb2.o)
                0x08005350                emit_alu64_reg
 .text._emit_lsh64_reg
                0x080053d0       0xb0 .pio\build\stm32_f407\libf7e\libebpf.a(jit_thumb2.o)
                0x080053d0                _emit_lsh64_reg
 .text._emit_lsh64_imm
                0x08005480       0xbc .pio\build\stm32_f407\libf7e\libebpf.a(jit_thumb2.o)
                0x08005480                _emit_lsh64_imm
 .text.emit_ldx_reg
                0x0800553c      0x1bc .pio\build\stm32_f407\libf7e\libebpf.a(jit_thumb2.o)
                0x0800553c                emit_ldx_reg
 .text.build_body
                0x080056f8      0x9e8 .pio\build\stm32_f407\libf7e\libebpf.a(jit_thumb2.o)
 .text.jit_compile
                0x080060e0       0x48 .pio\build\stm32_f407\libf7e\libebpf.a(jit_thumb2.o)
                0x080060e0                jit_compile
 .text.binary_search
                0x08006128       0x28 .pio\build\stm32_f407\libf7e\libebpf.a(myhashmap.o)
 .text.arraymap_new
                0x08006150       0x28 .pio\build\stm32_f407\libf7e\libebpf.a(myhashmap.o)
                0x08006150                arraymap_new
 .text.arraymap_destroy
                0x08006178       0x22 .pio\build\stm32_f407\libf7e\libebpf.a(myhashmap.o)
                0x08006178                arraymap_destroy
 .text.arraymap_set
                0x0800619a       0xc0 .pio\build\stm32_f407\libf7e\libebpf.a(myhashmap.o)
                0x0800619a                arraymap_set
 .text.arraymap_get
                0x0800625a       0x1c .pio\build\stm32_f407\libf7e\libebpf.a(myhashmap.o)
                0x0800625a                arraymap_get
 .text.arraymap_iter_val
                0x08006276       0x16 .pio\build\stm32_f407\libf7e\libebpf.a(myhashmap.o)
                0x08006276                arraymap_iter_val
 .text          0x0800628c       0x30 c:/users/alienware.000/.platformio/packages/toolchain-gccarmnoneeabi@1.70201.0/bin/../lib/gcc/arm-none-eabi/7.2.1/thumb/v7e-m/fpv4-sp/hard\libgcc.a(_aeabi_uldivmod.o)
                0x0800628c                __aeabi_uldivmod
 .text          0x080062bc      0x2cc c:/users/alienware.000/.platformio/packages/toolchain-gccarmnoneeabi@1.70201.0/bin/../lib/gcc/arm-none-eabi/7.2.1/thumb/v7e-m/fpv4-sp/hard\libgcc.a(_udivmoddi4.o)
                0x080062bc                __udivmoddi4
 .text          0x08006588        0x4 c:/users/alienware.000/.platformio/packages/toolchain-gccarmnoneeabi@1.70201.0/bin/../lib/gcc/arm-none-eabi/7.2.1/thumb/v7e-m/fpv4-sp/hard\libgcc.a(_dvmd_tls.o)
                0x08006588                __aeabi_idiv0
                0x08006588                __aeabi_ldiv0
                0x0800658c                . = ALIGN (0x4)
 *(.rodata*)
 .rodata.init_dev.str1.1
                0x0800658c       0x38 .pio\build\stm32_f407\src\stm32_f407_init.o
 .rodata.usart1_isr.str1.1
                0x080065c4       0x19 .pio\build\stm32_f407\src\stm32_f407_init.o
 .rodata.cli_print_help.str1.1
                0x080065dd       0xb8 .pio\build\stm32_f407\lib54f\libapp.a(ihp_cli.o)
 *fill*         0x08006695        0x3 
 .rodata.cmds   0x08006698       0x48 .pio\build\stm32_f407\lib54f\libapp.a(ihp_cli.o)
 .rodata.run_shell_cli.str1.1
                0x080066e0      0x172 .pio\build\stm32_f407\lib54f\libapp.a(ihp_cli.o)
                                0x186 (size before relaxing)
 .rodata.run_test_by_id.str1.1
                0x08006852       0x47 .pio\build\stm32_f407\lib54f\libapp.a(ihp_cli.o)
 .rodata.str1.1
                0x08006899       0x9d .pio\build\stm32_f407\lib54f\libapp.a(ihp_cli.o)
 .rodata.test_fpb_patch.str1.1
                0x08006936       0x10 .pio\build\stm32_f407\lib54f\libapp.a(ihp_cli.o)
 .rodata.this_is_cve_trigger_func.str1.1
                0x08006946       0x47 .pio\build\stm32_f407\lib54f\libapp.a(ihp_cli.o)
 .rodata.trigger_dummy_cve1.str1.1
                0x0800698d       0x9b .pio\build\stm32_f407\lib54f\libapp.a(ihp_cli.o)
 .rodata.trigger_dummy_cve2.str1.1
                0x08006a28       0x6b .pio\build\stm32_f407\lib54f\libapp.a(ihp_cli.o)
 *fill*         0x08006a93        0x1 
 .rodata._global_impure_ptr
                0x08006a94        0x4 c:/users/alienware.000/.platformio/packages/toolchain-gccarmnoneeabi@1.70201.0/bin/../lib/gcc/arm-none-eabi/7.2.1/../../../../arm-none-eabi/lib/thumb/v7e-m/fpv4-sp/hard\libc_nano.a(lib_a-impure.o)
                0x08006a94                _global_impure_ptr
 .rodata.__sf_fake_stderr
                0x08006a98       0x20 c:/users/alienware.000/.platformio/packages/toolchain-gccarmnoneeabi@1.70201.0/bin/../lib/gcc/arm-none-eabi/7.2.1/../../../../arm-none-eabi/lib/thumb/v7e-m/fpv4-sp/hard\libc_nano.a(lib_a-findfp.o)
                0x08006a98                __sf_fake_stderr
 .rodata.__sf_fake_stdin
                0x08006ab8       0x20 c:/users/alienware.000/.platformio/packages/toolchain-gccarmnoneeabi@1.70201.0/bin/../lib/gcc/arm-none-eabi/7.2.1/../../../../arm-none-eabi/lib/thumb/v7e-m/fpv4-sp/hard\libc_nano.a(lib_a-findfp.o)
                0x08006ab8                __sf_fake_stdin
 .rodata.__sf_fake_stdout
                0x08006ad8       0x20 c:/users/alienware.000/.platformio/packages/toolchain-gccarmnoneeabi@1.70201.0/bin/../lib/gcc/arm-none-eabi/7.2.1/../../../../arm-none-eabi/lib/thumb/v7e-m/fpv4-sp/hard\libc_nano.a(lib_a-findfp.o)
                0x08006ad8                __sf_fake_stdout
 .rodata._svfprintf_r.str1.1
                0x08006af8       0x11 c:/users/alienware.000/.platformio/packages/toolchain-gccarmnoneeabi@1.70201.0/bin/../lib/gcc/arm-none-eabi/7.2.1/../../../../arm-none-eabi/lib/thumb/v7e-m/fpv4-sp/hard\libc_nano.a(lib_a-nano-svfprintf.o)
 .rodata._vfprintf_r.str1.1
                0x08006b09       0x11 c:/users/alienware.000/.platformio/packages/toolchain-gccarmnoneeabi@1.70201.0/bin/../lib/gcc/arm-none-eabi/7.2.1/../../../../arm-none-eabi/lib/thumb/v7e-m/fpv4-sp/hard\libc_nano.a(lib_a-nano-vfprintf.o)
 .rodata._printf_i.str1.1
                0x08006b09       0x22 c:/users/alienware.000/.platformio/packages/toolchain-gccarmnoneeabi@1.70201.0/bin/../lib/gcc/arm-none-eabi/7.2.1/../../../../arm-none-eabi/lib/thumb/v7e-m/fpv4-sp/hard\libc_nano.a(lib_a-nano-vfprintf_i.o)
 *fill*         0x08006b2b        0x1 
 .rodata        0x08006b2c       0x18 .pio\build\stm32_f407\lib29c\libhotpatch.a(cortex-m4_fbp.o)
 .rodata.FPB_Handler0.str1.1
                0x08006b44        0xe .pio\build\stm32_f407\lib29c\libhotpatch.a(cortex-m4_fbp.o)
 .rodata.FixedBuggyFunc.str1.1
                0x08006b52       0x14 .pio\build\stm32_f407\lib29c\libhotpatch.a(cortex-m4_fbp.o)
 .rodata.RawBuggyFunc.str1.1
                0x08006b66       0x27 .pio\build\stm32_f407\lib29c\libhotpatch.a(cortex-m4_fbp.o)
 .rodata.add_hw_bkpt.str1.1
                0x08006b8d       0xfb .pio\build\stm32_f407\lib29c\libhotpatch.a(cortex-m4_fbp.o)
 .rodata.fpb_disable_cur_inst.str1.1
                0x08006c88       0x47 .pio\build\stm32_f407\lib29c\libhotpatch.a(cortex-m4_fbp.o)
 .rodata.fpb_enable_callback.str1.1
                0x08006ccf       0x1d .pio\build\stm32_f407\lib29c\libhotpatch.a(cortex-m4_fbp.o)
 .rodata.leave_debug_monitor.str1.1
                0x08006cec       0x93 .pio\build\stm32_f407\lib29c\libhotpatch.a(cortex-m4_fbp.o)
 .rodata.leave_fpb_bpkt.str1.1
                0x08006d7f       0xe2 .pio\build\stm32_f407\lib29c\libhotpatch.a(cortex-m4_fbp.o)
 .rodata.set_patch_mode.str1.1
                0x08006e61       0x96 .pio\build\stm32_f407\lib29c\libhotpatch.a(cortex-m4_fbp.o)
 .rodata.show_hw_bkpt.str1.1
                0x08006ef7       0x74 .pio\build\stm32_f407\lib29c\libhotpatch.a(cortex-m4_fbp.o)
 .rodata.test_func.str1.1
                0x08006f6b       0x74 .pio\build\stm32_f407\lib29c\libhotpatch.a(cortex-m4_fbp.o)
                                 0x30 (size before relaxing)
 .rodata.trigger_debugmon_patch.str1.1
                0x08006f6b       0x73 .pio\build\stm32_f407\lib29c\libhotpatch.a(cortex-m4_fbp.o)
                                 0x91 (size before relaxing)
 .rodata.trigger_fpb_patch.str1.1
                0x08006fde       0xc5 .pio\build\stm32_f407\lib29c\libhotpatch.a(cortex-m4_fbp.o)
 .rodata.read_local_patch.str1.1
                0x080070a3       0x2f .pio\build\stm32_f407\lib29c\libhotpatch.a(dynamic_patch_load.o)
 .rodata.show_local_patch_desc.str1.1
                0x080070d2        0xa .pio\build\stm32_f407\lib29c\libhotpatch.a(dynamic_patch_load.o)
 .rodata.str1.1
                0x080070dc       0x52 .pio\build\stm32_f407\lib29c\libhotpatch.a(dynamic_patch_load.o)
 .rodata.verify_patch_trans.str1.1
                0x0800712e       0x2d .pio\build\stm32_f407\lib29c\libhotpatch.a(dynamic_patch_load.o)
 .rodata        0x0800715b        0xe .pio\build\stm32_f407\lib29c\libhotpatch.a(ebpf_test.o)
 .rodata.ebpf_eva.str1.1
                0x08007169       0x8f .pio\build\stm32_f407\lib29c\libhotpatch.a(ebpf_test.o)
 .rodata.my_memmove.str1.1
                0x080071f8       0x16 .pio\build\stm32_f407\lib29c\libhotpatch.a(ebpf_test.o)
 .rodata.patch_num_eva.str1.1
                0x0800720e       0x10 .pio\build\stm32_f407\lib29c\libhotpatch.a(ebpf_test.o)
 .rodata.run_ebpf_eva.str1.1
                0x0800721e       0x23 .pio\build\stm32_f407\lib29c\libhotpatch.a(ebpf_test.o)
 .rodata.run_ebpf_test.str1.1
                0x08007241       0x17 .pio\build\stm32_f407\lib29c\libhotpatch.a(ebpf_test.o)
 .rodata.test_ebpf_c3.str1.1
                0x08007258        0x6 .pio\build\stm32_f407\lib29c\libhotpatch.a(ebpf_test.o)
 .rodata.test_patch_dispatcher.str1.1
                0x0800725e        0x4 .pio\build\stm32_f407\lib29c\libhotpatch.a(ebpf_test.o)
 .rodata.load_local_fixed_patch.str1.1
                0x08007262       0x55 .pio\build\stm32_f407\lib29c\libhotpatch.a(fixed_patch_load.o)
 .rodata.show_fixed_patch_desc.str1.1
                0x080072b7        0xa .pio\build\stm32_f407\lib29c\libhotpatch.a(fixed_patch_load.o)
 .rodata.str1.1
                0x080072b7       0x71 .pio\build\stm32_f407\lib29c\libhotpatch.a(fixed_patch_load.o)
 .rodata.call_dummy_buggy_MQTT_function.str1.1
                0x08007328       0x7d .pio\build\stm32_f407\lib29c\libhotpatch.a(fixed_patch_points.o)
                                 0xaa (size before relaxing)
 .rodata.dispatch_fixed_patch_point.str1.1
                0x080073a5       0x6d .pio\build\stm32_f407\lib29c\libhotpatch.a(fixed_patch_points.o)
 .rodata.dummy_buggy_MQTT_packet_length_decode.str1.1
                0x08007412       0x22 .pio\build\stm32_f407\lib29c\libhotpatch.a(fixed_patch_points.o)
 .rodata.test_fixed_patch_point.str1.1
                0x08007434        0xc .pio\build\stm32_f407\lib29c\libhotpatch.a(fixed_patch_points.o)
 .rodata.add_dynamic_patch_to_ctx.str1.1
                0x08007440       0x36 .pio\build\stm32_f407\lib29c\libhotpatch.a(iotpatch.o)
 .rodata.init_patch_sys.str1.1
                0x08007476       0x14 .pio\build\stm32_f407\lib29c\libhotpatch.a(iotpatch.o)
 .rodata.load_local_patch_to_ctx.str1.1
                0x0800748a       0x26 .pio\build\stm32_f407\lib29c\libhotpatch.a(iotpatch.o)
 .rodata.notify_new_patch.str1.1
                0x080074b0       0x31 .pio\build\stm32_f407\lib29c\libhotpatch.a(iotpatch.o)
 .rodata.show_all_patches.str1.1
                0x080074e1       0x5e .pio\build\stm32_f407\lib29c\libhotpatch.a(iotpatch.o)
 .rodata.profile_add_event.str1.1
                0x0800753f        0x4 .pio\build\stm32_f407\lib29c\libhotpatch.a(profiling.o)
                                  0x8 (size before relaxing)
 .rodata.profile_dump.str1.1
                0x08007543       0x24 .pio\build\stm32_f407\lib29c\libhotpatch.a(profiling.o)
 .rodata.ebpf_vm_exec.str1.1
                0x08007567       0x30 .pio\build\stm32_f407\libf7e\libebpf.a(ebpf_vm.o)
 .rodata.iot_call_C_func_noret.str1.1
                0x08007597       0x3d .pio\build\stm32_f407\libf7e\libebpf.a(ebpf_vm.o)
 .rodata.set_default_helpers.str1.1
                0x080075d4       0x26 .pio\build\stm32_f407\libf7e\libebpf.a(ebpf_vm.o)
 .rodata.CSWTCH.120
                0x080075fa       0x32 .pio\build\stm32_f407\libf7e\libebpf.a(jit_thumb2.o)
 .rodata.bpf2a32
                0x0800762c       0x1e .pio\build\stm32_f407\libf7e\libebpf.a(jit_thumb2.o)
 .rodata.build_body.str1.1
                0x0800764a       0x38 .pio\build\stm32_f407\libf7e\libebpf.a(jit_thumb2.o)
 .rodata.jit_dump_inst.str1.1
                0x08007682       0x13 .pio\build\stm32_f407\libf7e\libebpf.a(jit_thumb2.o)
                                 0x15 (size before relaxing)
                0x08007698                . = ALIGN (0x4)
 *fill*         0x08007695        0x3 

.glue_7         0x08007698        0x0
 .glue_7        0x08007698        0x0 linker stubs

.glue_7t        0x08007698        0x0
 .glue_7t       0x08007698        0x0 linker stubs

.vfp11_veneer   0x08007698        0x0
 .vfp11_veneer  0x08007698        0x0 linker stubs

.v4_bx          0x08007698        0x0
 .v4_bx         0x08007698        0x0 linker stubs

.iplt           0x08007698        0x0
 .iplt          0x08007698        0x0 .pio\build\stm32_f407\src\main.o

.preinit_array  0x08007698        0x0
                0x08007698                . = ALIGN (0x4)
                0x08007698                __preinit_array_start = .
 *(.preinit_array)
                0x08007698                __preinit_array_end = .

.init_array     0x08007698        0x0
                0x08007698                . = ALIGN (0x4)
                0x08007698                __init_array_start = .
 *(SORT_BY_NAME(.init_array.*))
 *(.init_array)
                0x08007698                __init_array_end = .

.fini_array     0x08007698        0x0
                0x08007698                . = ALIGN (0x4)
                0x08007698                __fini_array_start = .
 *(.fini_array)
 *(SORT_BY_NAME(.fini_array.*))
                0x08007698                __fini_array_end = .

.ARM.extab
 *(.ARM.extab*)

.ARM.exidx      0x08007698        0x8
                0x08007698                __exidx_start = .
 *(.ARM.exidx*)
 .ARM.exidx     0x08007698        0x8 c:/users/alienware.000/.platformio/packages/toolchain-gccarmnoneeabi@1.70201.0/bin/../lib/gcc/arm-none-eabi/7.2.1/thumb/v7e-m/fpv4-sp/hard\libgcc.a(_udivmoddi4.o)
                0x080076a0                __exidx_end = .

.rel.dyn        0x080076a0        0x0
 .rel.iplt      0x080076a0        0x0 .pio\build\stm32_f407\src\main.o
                0x080076a0                . = ALIGN (0x4)
                0x080076a0                _etext = .

.data           0x20000000     0x1084 load address 0x080076a0
                0x20000000                _data = .
 *(.data*)
 .data.dynamic_trigger_func_list
                0x20000000        0xc .pio\build\stm32_f407\lib54f\libapp.a(ihp_cli.o)
                0x20000000                dynamic_trigger_func_list
 .data._impure_ptr
                0x2000000c        0x4 c:/users/alienware.000/.platformio/packages/toolchain-gccarmnoneeabi@1.70201.0/bin/../lib/gcc/arm-none-eabi/7.2.1/../../../../arm-none-eabi/lib/thumb/v7e-m/fpv4-sp/hard\libc_nano.a(lib_a-impure.o)
                0x2000000c                _impure_ptr
 .data.impure_data
                0x20000010       0x60 c:/users/alienware.000/.platformio/packages/toolchain-gccarmnoneeabi@1.70201.0/bin/../lib/gcc/arm-none-eabi/7.2.1/../../../../arm-none-eabi/lib/thumb/v7e-m/fpv4-sp/hard\libc_nano.a(lib_a-impure.o)
 .data.rcc_apb1_frequency
                0x20000070        0x4 .pio\build\stm32_f407\libFrameworkLibOpenCM3.a(rcc.o)
                0x20000070                rcc_apb1_frequency
 .data.rcc_apb2_frequency
                0x20000074        0x4 .pio\build\stm32_f407\libFrameworkLibOpenCM3.a(rcc.o)
                0x20000074                rcc_apb2_frequency
 .data.AMNESIA33_cve_2020_17445_SFI
                0x20000078      0x149 .pio\build\stm32_f407\lib29c\libhotpatch.a(dynamic_patch_load.o)
 *fill*         0x200001c1        0x3 
 .data.patch_list
                0x200001c4       0x30 .pio\build\stm32_f407\lib29c\libhotpatch.a(dynamic_patch_load.o)
 .data.test_cve
                0x200001f4       0x51 .pio\build\stm32_f407\lib29c\libhotpatch.a(dynamic_patch_load.o)
 .data.zephyr_cve_10062
                0x20000245      0x249 .pio\build\stm32_f407\lib29c\libhotpatch.a(dynamic_patch_load.o)
 .data.code0    0x2000048e       0x51 .pio\build\stm32_f407\lib29c\libhotpatch.a(ebpf_test.o)
 .data.code1    0x200004df       0x51 .pio\build\stm32_f407\lib29c\libhotpatch.a(ebpf_test.o)
 .data.code10   0x20000530       0x41 .pio\build\stm32_f407\lib29c\libhotpatch.a(ebpf_test.o)
 .data.code11   0x20000571       0x41 .pio\build\stm32_f407\lib29c\libhotpatch.a(ebpf_test.o)
 .data.code12   0x200005b2      0x119 .pio\build\stm32_f407\lib29c\libhotpatch.a(ebpf_test.o)
 .data.code2    0x200006cb       0x41 .pio\build\stm32_f407\lib29c\libhotpatch.a(ebpf_test.o)
 .data.code3    0x2000070c      0x1e9 .pio\build\stm32_f407\lib29c\libhotpatch.a(ebpf_test.o)
 .data.code4    0x200008f5       0x69 .pio\build\stm32_f407\lib29c\libhotpatch.a(ebpf_test.o)
 .data.code5    0x2000095e       0x41 .pio\build\stm32_f407\lib29c\libhotpatch.a(ebpf_test.o)
 .data.code6    0x2000099f      0x1b1 .pio\build\stm32_f407\lib29c\libhotpatch.a(ebpf_test.o)
 .data.code7    0x20000b50      0x159 .pio\build\stm32_f407\lib29c\libhotpatch.a(ebpf_test.o)
 .data.code8_1  0x20000ca9       0x51 .pio\build\stm32_f407\lib29c\libhotpatch.a(ebpf_test.o)
 .data.code8_2  0x20000cfa       0x69 .pio\build\stm32_f407\lib29c\libhotpatch.a(ebpf_test.o)
 .data.code9    0x20000d63       0x49 .pio\build\stm32_f407\lib29c\libhotpatch.a(ebpf_test.o)
 .data.test_funcs
                0x20000dac       0x34 .pio\build\stm32_f407\lib29c\libhotpatch.a(ebpf_test.o)
                0x20000dac                test_funcs
 .data.dummy_bug_function
                0x20000de0       0x11 .pio\build\stm32_f407\lib29c\libhotpatch.a(fixed_patch_load.o)
 *fill*         0x20000df1        0x3 
 .data.patch_list
                0x20000df4       0x30 .pio\build\stm32_f407\lib29c\libhotpatch.a(fixed_patch_load.o)
 .data.zephyr_cve_10062
                0x20000e24      0x1e1 .pio\build\stm32_f407\lib29c\libhotpatch.a(fixed_patch_load.o)
 .data.zephyr_cve_10063
                0x20001005       0x79 .pio\build\stm32_f407\lib29c\libhotpatch.a(fixed_patch_load.o)
 *fill*         0x2000107e        0x2 
 .data.ticks_per_us
                0x20001080        0x4 .pio\build\stm32_f407\lib29c\libhotpatch.a(profiling.o)
                0x20001084                . = ALIGN (0x4)
                0x20001084                _edata = .
                0x080076a0                _data_loadaddr = LOADADDR (.data)

.igot.plt       0x20001084        0x0 load address 0x08008724
 .igot.plt      0x20001084        0x0 .pio\build\stm32_f407\src\main.o

.bss            0x20001084      0xf3c load address 0x08008724
 *(.bss*)
 .bss.recv_buf  0x20001084       0x80 .pio\build\stm32_f407\src\stm32_f407_init.o
                0x20001084                recv_buf
 .bss.recv_ndx_cur
                0x20001104        0x4 .pio\build\stm32_f407\src\stm32_f407_init.o
                0x20001104                recv_ndx_cur
 .bss.recv_ndx_nxt
                0x20001108        0x4 .pio\build\stm32_f407\src\stm32_f407_init.o
                0x20001108                recv_ndx_nxt
 .bss.exit_shell
                0x2000110c        0x1 .pio\build\stm32_f407\lib54f\libapp.a(ihp_cli.o)
 *fill*         0x2000110d        0x3 
 .bss.shell_cli
                0x20001110       0x84 .pio\build\stm32_f407\lib54f\libapp.a(ihp_cli.o)
 .bss.log_buf   0x20001194      0x100 .pio\build\stm32_f407\lib54f\libapp.a(ihp_porting.o)
                0x20001194                log_buf
 .bss.__malloc_free_list
                0x20001294        0x4 c:/users/alienware.000/.platformio/packages/toolchain-gccarmnoneeabi@1.70201.0/bin/../lib/gcc/arm-none-eabi/7.2.1/../../../../arm-none-eabi/lib/thumb/v7e-m/fpv4-sp/hard\libc_nano.a(lib_a-nano-mallocr.o)
                0x20001294                __malloc_free_list
 .bss.__malloc_sbrk_start
                0x20001298        0x4 c:/users/alienware.000/.platformio/packages/toolchain-gccarmnoneeabi@1.70201.0/bin/../lib/gcc/arm-none-eabi/7.2.1/../../../../arm-none-eabi/lib/thumb/v7e-m/fpv4-sp/hard\libc_nano.a(lib_a-nano-mallocr.o)
                0x20001298                __malloc_sbrk_start
 .bss.heap_end.5377
                0x2000129c        0x4 c:/users/alienware.000/.platformio/packages/toolchain-gccarmnoneeabi@1.70201.0/bin/../lib/gcc/arm-none-eabi/7.2.1/../../../../arm-none-eabi/lib/thumb/v7e-m/fpv4-sp/hard\libnosys.a(sbrk.o)
 .bss.mem_size  0x200012a0        0x4 .pio\build\stm32_f407\libf7e\libebpf.a(ebpf_allocator.o)
                0x200012a0                mem_size
 .bss.REMAP_ADDR
                0x200012a4       0x2c .pio\build\stm32_f407\lib29c\libhotpatch.a(cortex-m4_fbp.o)
 .bss.bpkt_info
                0x200012d0        0x2 .pio\build\stm32_f407\lib29c\libhotpatch.a(cortex-m4_fbp.o)
                0x200012d0                bpkt_info
 .bss.bpkt_is_init
                0x200012d2        0x1 .pio\build\stm32_f407\lib29c\libhotpatch.a(cortex-m4_fbp.o)
 *fill*         0x200012d3        0x1 
 .bss._desc     0x200012d4        0x4 .pio\build\stm32_f407\lib29c\libhotpatch.a(dynamic_patch_load.o)
 .bss._patch    0x200012d8        0x4 .pio\build\stm32_f407\lib29c\libhotpatch.a(dynamic_patch_load.o)
 .bss.is_init   0x200012dc        0x1 .pio\build\stm32_f407\lib29c\libhotpatch.a(dynamic_patch_load.o)
 *fill*         0x200012dd        0x3 
 .bss._desc     0x200012e0        0x4 .pio\build\stm32_f407\lib29c\libhotpatch.a(fixed_patch_load.o)
 .bss._patch    0x200012e4        0x4 .pio\build\stm32_f407\lib29c\libhotpatch.a(fixed_patch_load.o)
 .bss.is_init   0x200012e8        0x1 .pio\build\stm32_f407\lib29c\libhotpatch.a(fixed_patch_load.o)
 .bss.ctx_init  0x200012e9        0x1 .pio\build\stm32_f407\lib29c\libhotpatch.a(iotpatch.o)
 *fill*         0x200012ea        0x2 
 .bss.pctx      0x200012ec       0x24 .pio\build\stm32_f407\lib29c\libhotpatch.a(iotpatch.o)
                0x200012ec                pctx
 .bss.profiler  0x20001310       0x94 .pio\build\stm32_f407\lib29c\libhotpatch.a(profiling.o)
 .bss.profiler_is_init
                0x200013a4        0x1 .pio\build\stm32_f407\lib29c\libhotpatch.a(profiling.o)
 *fill*         0x200013a5        0x3 
 .bss.amap      0x200013a8        0x4 .pio\build\stm32_f407\libf7e\libebpf.a(ebpf_vm.o)
 .bss.g_helper_func
                0x200013ac        0x4 .pio\build\stm32_f407\libf7e\libebpf.a(ebpf_vm.o)
 .bss.g_jit_mem
                0x200013b0        0xc .pio\build\stm32_f407\libf7e\libebpf.a(jit.o)
                0x200013b0                g_jit_mem
 .bss.jit_buffer
                0x200013bc      0x800 .pio\build\stm32_f407\libf7e\libebpf.a(jit.o)
 .bss.offset_mem
                0x20001bbc      0x400 .pio\build\stm32_f407\libf7e\libebpf.a(jit.o)
 *(COMMON)
 COMMON         0x20001fbc        0x4 c:/users/alienware.000/.platformio/packages/toolchain-gccarmnoneeabi@1.70201.0/bin/../lib/gcc/arm-none-eabi/7.2.1/../../../../arm-none-eabi/lib/thumb/v7e-m/fpv4-sp/hard\libc_nano.a(lib_a-reent.o)
                0x20001fbc                errno
                0x20001fc0                . = ALIGN (0x4)
                0x20001fc0                _ebss = .

.ccm            0x10000000        0x0
 *(.ccmram*)
                0x10000000                . = ALIGN (0x4)

/DISCARD/
 *(.eh_frame)
                0x10000000                . = ALIGN (0x4)
                0x10000000                end = .
                0x20020000                PROVIDE (_stack, (ORIGIN (ram) + LENGTH (ram)))
OUTPUT(.pio\build\stm32_f407\firmware.elf elf32-littlearm)

.comment        0x00000000       0x7e
 .comment       0x00000000       0x7e .pio\build\stm32_f407\src\main.o
                                 0x7f (size before relaxing)
 .comment       0x0000007e       0x7f .pio\build\stm32_f407\src\stm32_f407_init.o
 .comment       0x0000007e       0x7f .pio\build\stm32_f407\lib54f\libapp.a(ihp_cli.o)
 .comment       0x0000007e       0x7f .pio\build\stm32_f407\lib54f\libapp.a(ihp_porting.o)
 .comment       0x0000007e       0x7f .pio\build\stm32_f407\lib54f\libapp.a(dummy_cve.o)
 .comment       0x0000007e       0x7f .pio\build\stm32_f407\libFrameworkLibOpenCM3.a(gpio_common_f0234.o)
 .comment       0x0000007e       0x7f .pio\build\stm32_f407\libFrameworkLibOpenCM3.a(rcc_common_all.o)
 .comment       0x0000007e       0x7f .pio\build\stm32_f407\libFrameworkLibOpenCM3.a(usart_common_all.o)
 .comment       0x0000007e       0x7f .pio\build\stm32_f407\libFrameworkLibOpenCM3.a(vector.o)
 .comment       0x0000007e       0x7f .pio\build\stm32_f407\libFrameworkLibOpenCM3.a(nvic.o)
 .comment       0x0000007e       0x7f .pio\build\stm32_f407\libFrameworkLibOpenCM3.a(rcc.o)
 .comment       0x0000007e       0x7f .pio\build\stm32_f407\libf7e\libebpf.a(ebpf_allocator.o)
 .comment       0x0000007e       0x7f .pio\build\stm32_f407\lib29c\libhotpatch.a(cortex-m4_fbp.o)
 .comment       0x0000007e       0x7f .pio\build\stm32_f407\lib29c\libhotpatch.a(dynamic_patch_load.o)
 .comment       0x0000007e       0x7f .pio\build\stm32_f407\lib29c\libhotpatch.a(ebpf_test.o)
 .comment       0x0000007e       0x7f .pio\build\stm32_f407\lib29c\libhotpatch.a(fixed_patch_load.o)
 .comment       0x0000007e       0x7f .pio\build\stm32_f407\lib29c\libhotpatch.a(fixed_patch_points.o)
 .comment       0x0000007e       0x7f .pio\build\stm32_f407\lib29c\libhotpatch.a(iotpatch.o)
 .comment       0x0000007e       0x7f .pio\build\stm32_f407\lib29c\libhotpatch.a(patch_service.o)
 .comment       0x0000007e       0x7f .pio\build\stm32_f407\lib29c\libhotpatch.a(profiling.o)
 .comment       0x0000007e       0x7f .pio\build\stm32_f407\lib29c\libhotpatch.a(utils.o)
 .comment       0x0000007e       0x7f .pio\build\stm32_f407\libf7e\libebpf.a(ebpf_vm.o)
 .comment       0x0000007e       0x7f .pio\build\stm32_f407\libf7e\libebpf.a(jit.o)
 .comment       0x0000007e       0x7f .pio\build\stm32_f407\libf7e\libebpf.a(jit_thumb2.o)
 .comment       0x0000007e       0x7f .pio\build\stm32_f407\libf7e\libebpf.a(myhashmap.o)

.ARM.attributes
                0x00000000       0x37
 .ARM.attributes
                0x00000000       0x39 .pio\build\stm32_f407\src\main.o
 .ARM.attributes
                0x00000039       0x39 .pio\build\stm32_f407\src\stm32_f407_init.o
 .ARM.attributes
                0x00000072       0x39 .pio\build\stm32_f407\lib54f\libapp.a(ihp_cli.o)
 .ARM.attributes
                0x000000ab       0x39 .pio\build\stm32_f407\lib54f\libapp.a(ihp_porting.o)
 .ARM.attributes
                0x000000e4       0x39 .pio\build\stm32_f407\lib54f\libapp.a(dummy_cve.o)
 .ARM.attributes
                0x0000011d       0x34 c:/users/alienware.000/.platformio/packages/toolchain-gccarmnoneeabi@1.70201.0/bin/../lib/gcc/arm-none-eabi/7.2.1/../../../../arm-none-eabi/lib/thumb/v7e-m/fpv4-sp/hard\libc_nano.a(lib_a-errno.o)
 .ARM.attributes
                0x00000151       0x34 c:/users/alienware.000/.platformio/packages/toolchain-gccarmnoneeabi@1.70201.0/bin/../lib/gcc/arm-none-eabi/7.2.1/../../../../arm-none-eabi/lib/thumb/v7e-m/fpv4-sp/hard\libc_nano.a(lib_a-impure.o)
 .ARM.attributes
                0x00000185       0x34 c:/users/alienware.000/.platformio/packages/toolchain-gccarmnoneeabi@1.70201.0/bin/../lib/gcc/arm-none-eabi/7.2.1/../../../../arm-none-eabi/lib/thumb/v7e-m/fpv4-sp/hard\libc_nano.a(lib_a-memset.o)
 .ARM.attributes
                0x000001b9       0x34 c:/users/alienware.000/.platformio/packages/toolchain-gccarmnoneeabi@1.70201.0/bin/../lib/gcc/arm-none-eabi/7.2.1/../../../../arm-none-eabi/lib/thumb/v7e-m/fpv4-sp/hard\libc_nano.a(lib_a-printf.o)
 .ARM.attributes
                0x000001ed       0x34 c:/users/alienware.000/.platformio/packages/toolchain-gccarmnoneeabi@1.70201.0/bin/../lib/gcc/arm-none-eabi/7.2.1/../../../../arm-none-eabi/lib/thumb/v7e-m/fpv4-sp/hard\libc_nano.a(lib_a-puts.o)
 .ARM.attributes
                0x00000221       0x20 c:/users/alienware.000/.platformio/packages/toolchain-gccarmnoneeabi@1.70201.0/bin/../lib/gcc/arm-none-eabi/7.2.1/../../../../arm-none-eabi/lib/thumb/v7e-m/fpv4-sp/hard\libc_nano.a(lib_a-strcmp.o)
 .ARM.attributes
                0x00000241       0x34 c:/users/alienware.000/.platformio/packages/toolchain-gccarmnoneeabi@1.70201.0/bin/../lib/gcc/arm-none-eabi/7.2.1/../../../../arm-none-eabi/lib/thumb/v7e-m/fpv4-sp/hard\libc_nano.a(lib_a-vprintf.o)
 .ARM.attributes
                0x00000275       0x34 c:/users/alienware.000/.platformio/packages/toolchain-gccarmnoneeabi@1.70201.0/bin/../lib/gcc/arm-none-eabi/7.2.1/../../../../arm-none-eabi/lib/thumb/v7e-m/fpv4-sp/hard\libc_nano.a(lib_a-vsnprintf.o)
 .ARM.attributes
                0x000002a9       0x34 c:/users/alienware.000/.platformio/packages/toolchain-gccarmnoneeabi@1.70201.0/bin/../lib/gcc/arm-none-eabi/7.2.1/../../../../arm-none-eabi/lib/thumb/v7e-m/fpv4-sp/hard\libc_nano.a(lib_a-wbuf.o)
 .ARM.attributes
                0x000002dd       0x34 c:/users/alienware.000/.platformio/packages/toolchain-gccarmnoneeabi@1.70201.0/bin/../lib/gcc/arm-none-eabi/7.2.1/../../../../arm-none-eabi/lib/thumb/v7e-m/fpv4-sp/hard\libc_nano.a(lib_a-wsetup.o)
 .ARM.attributes
                0x00000311       0x34 c:/users/alienware.000/.platformio/packages/toolchain-gccarmnoneeabi@1.70201.0/bin/../lib/gcc/arm-none-eabi/7.2.1/../../../../arm-none-eabi/lib/thumb/v7e-m/fpv4-sp/hard\libc_nano.a(lib_a-fflush.o)
 .ARM.attributes
                0x00000345       0x34 c:/users/alienware.000/.platformio/packages/toolchain-gccarmnoneeabi@1.70201.0/bin/../lib/gcc/arm-none-eabi/7.2.1/../../../../arm-none-eabi/lib/thumb/v7e-m/fpv4-sp/hard\libc_nano.a(lib_a-findfp.o)
 .ARM.attributes
                0x00000379       0x34 c:/users/alienware.000/.platformio/packages/toolchain-gccarmnoneeabi@1.70201.0/bin/../lib/gcc/arm-none-eabi/7.2.1/../../../../arm-none-eabi/lib/thumb/v7e-m/fpv4-sp/hard\libc_nano.a(lib_a-fwalk.o)
 .ARM.attributes
                0x000003ad       0x34 c:/users/alienware.000/.platformio/packages/toolchain-gccarmnoneeabi@1.70201.0/bin/../lib/gcc/arm-none-eabi/7.2.1/../../../../arm-none-eabi/lib/thumb/v7e-m/fpv4-sp/hard\libc_nano.a(lib_a-makebuf.o)
 .ARM.attributes
                0x000003e1       0x34 c:/users/alienware.000/.platformio/packages/toolchain-gccarmnoneeabi@1.70201.0/bin/../lib/gcc/arm-none-eabi/7.2.1/../../../../arm-none-eabi/lib/thumb/v7e-m/fpv4-sp/hard\libc_nano.a(lib_a-nano-freer.o)
 .ARM.attributes
                0x00000415       0x34 c:/users/alienware.000/.platformio/packages/toolchain-gccarmnoneeabi@1.70201.0/bin/../lib/gcc/arm-none-eabi/7.2.1/../../../../arm-none-eabi/lib/thumb/v7e-m/fpv4-sp/hard\libc_nano.a(lib_a-nano-mallocr.o)
 .ARM.attributes
                0x00000449       0x34 c:/users/alienware.000/.platformio/packages/toolchain-gccarmnoneeabi@1.70201.0/bin/../lib/gcc/arm-none-eabi/7.2.1/../../../../arm-none-eabi/lib/thumb/v7e-m/fpv4-sp/hard\libc_nano.a(lib_a-nano-svfprintf.o)
 .ARM.attributes
                0x0000047d       0x34 c:/users/alienware.000/.platformio/packages/toolchain-gccarmnoneeabi@1.70201.0/bin/../lib/gcc/arm-none-eabi/7.2.1/../../../../arm-none-eabi/lib/thumb/v7e-m/fpv4-sp/hard\libc_nano.a(lib_a-nano-vfprintf.o)
 .ARM.attributes
                0x000004b1       0x34 c:/users/alienware.000/.platformio/packages/toolchain-gccarmnoneeabi@1.70201.0/bin/../lib/gcc/arm-none-eabi/7.2.1/../../../../arm-none-eabi/lib/thumb/v7e-m/fpv4-sp/hard\libc_nano.a(lib_a-nano-vfprintf_i.o)
 .ARM.attributes
                0x000004e5       0x34 c:/users/alienware.000/.platformio/packages/toolchain-gccarmnoneeabi@1.70201.0/bin/../lib/gcc/arm-none-eabi/7.2.1/../../../../arm-none-eabi/lib/thumb/v7e-m/fpv4-sp/hard\libc_nano.a(lib_a-sbrkr.o)
 .ARM.attributes
                0x00000519       0x34 c:/users/alienware.000/.platformio/packages/toolchain-gccarmnoneeabi@1.70201.0/bin/../lib/gcc/arm-none-eabi/7.2.1/../../../../arm-none-eabi/lib/thumb/v7e-m/fpv4-sp/hard\libc_nano.a(lib_a-stdio.o)
 .ARM.attributes
                0x0000054d       0x34 c:/users/alienware.000/.platformio/packages/toolchain-gccarmnoneeabi@1.70201.0/bin/../lib/gcc/arm-none-eabi/7.2.1/../../../../arm-none-eabi/lib/thumb/v7e-m/fpv4-sp/hard\libc_nano.a(lib_a-writer.o)
 .ARM.attributes
                0x00000581       0x34 c:/users/alienware.000/.platformio/packages/toolchain-gccarmnoneeabi@1.70201.0/bin/../lib/gcc/arm-none-eabi/7.2.1/../../../../arm-none-eabi/lib/thumb/v7e-m/fpv4-sp/hard\libc_nano.a(lib_a-closer.o)
 .ARM.attributes
                0x000005b5       0x34 c:/users/alienware.000/.platformio/packages/toolchain-gccarmnoneeabi@1.70201.0/bin/../lib/gcc/arm-none-eabi/7.2.1/../../../../arm-none-eabi/lib/thumb/v7e-m/fpv4-sp/hard\libc_nano.a(lib_a-fstatr.o)
 .ARM.attributes
                0x000005e9       0x34 c:/users/alienware.000/.platformio/packages/toolchain-gccarmnoneeabi@1.70201.0/bin/../lib/gcc/arm-none-eabi/7.2.1/../../../../arm-none-eabi/lib/thumb/v7e-m/fpv4-sp/hard\libc_nano.a(lib_a-isattyr.o)
 .ARM.attributes
                0x0000061d       0x34 c:/users/alienware.000/.platformio/packages/toolchain-gccarmnoneeabi@1.70201.0/bin/../lib/gcc/arm-none-eabi/7.2.1/../../../../arm-none-eabi/lib/thumb/v7e-m/fpv4-sp/hard\libc_nano.a(lib_a-lseekr.o)
 .ARM.attributes
                0x00000651       0x20 c:/users/alienware.000/.platformio/packages/toolchain-gccarmnoneeabi@1.70201.0/bin/../lib/gcc/arm-none-eabi/7.2.1/../../../../arm-none-eabi/lib/thumb/v7e-m/fpv4-sp/hard\libc_nano.a(lib_a-memchr.o)
 .ARM.attributes
                0x00000671       0x34 c:/users/alienware.000/.platformio/packages/toolchain-gccarmnoneeabi@1.70201.0/bin/../lib/gcc/arm-none-eabi/7.2.1/../../../../arm-none-eabi/lib/thumb/v7e-m/fpv4-sp/hard\libc_nano.a(lib_a-memcpy-stub.o)
 .ARM.attributes
                0x000006a5       0x34 c:/users/alienware.000/.platformio/packages/toolchain-gccarmnoneeabi@1.70201.0/bin/../lib/gcc/arm-none-eabi/7.2.1/../../../../arm-none-eabi/lib/thumb/v7e-m/fpv4-sp/hard\libc_nano.a(lib_a-memmove.o)
 .ARM.attributes
                0x000006d9       0x34 c:/users/alienware.000/.platformio/packages/toolchain-gccarmnoneeabi@1.70201.0/bin/../lib/gcc/arm-none-eabi/7.2.1/../../../../arm-none-eabi/lib/thumb/v7e-m/fpv4-sp/hard\libc_nano.a(lib_a-mlock.o)
 .ARM.attributes
                0x0000070d       0x34 c:/users/alienware.000/.platformio/packages/toolchain-gccarmnoneeabi@1.70201.0/bin/../lib/gcc/arm-none-eabi/7.2.1/../../../../arm-none-eabi/lib/thumb/v7e-m/fpv4-sp/hard\libc_nano.a(lib_a-nano-reallocr.o)
 .ARM.attributes
                0x00000741       0x34 c:/users/alienware.000/.platformio/packages/toolchain-gccarmnoneeabi@1.70201.0/bin/../lib/gcc/arm-none-eabi/7.2.1/../../../../arm-none-eabi/lib/thumb/v7e-m/fpv4-sp/hard\libc_nano.a(lib_a-readr.o)
 .ARM.attributes
                0x00000775       0x34 c:/users/alienware.000/.platformio/packages/toolchain-gccarmnoneeabi@1.70201.0/bin/../lib/gcc/arm-none-eabi/7.2.1/../../../../arm-none-eabi/lib/thumb/v7e-m/fpv4-sp/hard\libc_nano.a(lib_a-reent.o)
 .ARM.attributes
                0x000007a9       0x34 c:/users/alienware.000/.platformio/packages/toolchain-gccarmnoneeabi@1.70201.0/bin/../lib/gcc/arm-none-eabi/7.2.1/../../../../arm-none-eabi/lib/thumb/v7e-m/fpv4-sp/hard\libc_nano.a(lib_a-nano-msizer.o)
 .ARM.attributes
                0x000007dd       0x34 c:/users/alienware.000/.platformio/packages/toolchain-gccarmnoneeabi@1.70201.0/bin/../lib/gcc/arm-none-eabi/7.2.1/../../../../arm-none-eabi/lib/thumb/v7e-m/fpv4-sp/hard\libnosys.a(close.o)
 .ARM.attributes
                0x00000811       0x34 c:/users/alienware.000/.platformio/packages/toolchain-gccarmnoneeabi@1.70201.0/bin/../lib/gcc/arm-none-eabi/7.2.1/../../../../arm-none-eabi/lib/thumb/v7e-m/fpv4-sp/hard\libnosys.a(fstat.o)
 .ARM.attributes
                0x00000845       0x34 c:/users/alienware.000/.platformio/packages/toolchain-gccarmnoneeabi@1.70201.0/bin/../lib/gcc/arm-none-eabi/7.2.1/../../../../arm-none-eabi/lib/thumb/v7e-m/fpv4-sp/hard\libnosys.a(isatty.o)
 .ARM.attributes
                0x00000879       0x34 c:/users/alienware.000/.platformio/packages/toolchain-gccarmnoneeabi@1.70201.0/bin/../lib/gcc/arm-none-eabi/7.2.1/../../../../arm-none-eabi/lib/thumb/v7e-m/fpv4-sp/hard\libnosys.a(lseek.o)
 .ARM.attributes
                0x000008ad       0x34 c:/users/alienware.000/.platformio/packages/toolchain-gccarmnoneeabi@1.70201.0/bin/../lib/gcc/arm-none-eabi/7.2.1/../../../../arm-none-eabi/lib/thumb/v7e-m/fpv4-sp/hard\libnosys.a(read.o)
 .ARM.attributes
                0x000008e1       0x34 c:/users/alienware.000/.platformio/packages/toolchain-gccarmnoneeabi@1.70201.0/bin/../lib/gcc/arm-none-eabi/7.2.1/../../../../arm-none-eabi/lib/thumb/v7e-m/fpv4-sp/hard\libnosys.a(sbrk.o)
 .ARM.attributes
                0x00000915       0x39 .pio\build\stm32_f407\libFrameworkLibOpenCM3.a(gpio_common_f0234.o)
 .ARM.attributes
                0x0000094e       0x39 .pio\build\stm32_f407\libFrameworkLibOpenCM3.a(rcc_common_all.o)
 .ARM.attributes
                0x00000987       0x39 .pio\build\stm32_f407\libFrameworkLibOpenCM3.a(usart_common_all.o)
 .ARM.attributes
                0x000009c0       0x39 .pio\build\stm32_f407\libFrameworkLibOpenCM3.a(vector.o)
 .ARM.attributes
                0x000009f9       0x39 .pio\build\stm32_f407\libFrameworkLibOpenCM3.a(nvic.o)
 .ARM.attributes
                0x00000a32       0x39 .pio\build\stm32_f407\libFrameworkLibOpenCM3.a(rcc.o)
 .ARM.attributes
                0x00000a6b       0x39 .pio\build\stm32_f407\libf7e\libebpf.a(ebpf_allocator.o)
 .ARM.attributes
                0x00000aa4       0x39 .pio\build\stm32_f407\lib29c\libhotpatch.a(cortex-m4_fbp.o)
 .ARM.attributes
                0x00000add       0x39 .pio\build\stm32_f407\lib29c\libhotpatch.a(dynamic_patch_load.o)
 .ARM.attributes
                0x00000b16       0x39 .pio\build\stm32_f407\lib29c\libhotpatch.a(ebpf_test.o)
 .ARM.attributes
                0x00000b4f       0x39 .pio\build\stm32_f407\lib29c\libhotpatch.a(fixed_patch_load.o)
 .ARM.attributes
                0x00000b88       0x39 .pio\build\stm32_f407\lib29c\libhotpatch.a(fixed_patch_points.o)
 .ARM.attributes
                0x00000bc1       0x39 .pio\build\stm32_f407\lib29c\libhotpatch.a(iotpatch.o)
 .ARM.attributes
                0x00000bfa       0x39 .pio\build\stm32_f407\lib29c\libhotpatch.a(patch_service.o)
 .ARM.attributes
                0x00000c33       0x39 .pio\build\stm32_f407\lib29c\libhotpatch.a(profiling.o)
 .ARM.attributes
                0x00000c6c       0x39 .pio\build\stm32_f407\lib29c\libhotpatch.a(utils.o)
 .ARM.attributes
                0x00000ca5       0x34 c:/users/alienware.000/.platformio/packages/toolchain-gccarmnoneeabi@1.70201.0/bin/../lib/gcc/arm-none-eabi/7.2.1/../../../../arm-none-eabi/lib/thumb/v7e-m/fpv4-sp/hard\libc_nano.a(lib_a-calloc.o)
 .ARM.attributes
                0x00000cd9       0x34 c:/users/alienware.000/.platformio/packages/toolchain-gccarmnoneeabi@1.70201.0/bin/../lib/gcc/arm-none-eabi/7.2.1/../../../../arm-none-eabi/lib/thumb/v7e-m/fpv4-sp/hard\libc_nano.a(lib_a-malloc.o)
 .ARM.attributes
                0x00000d0d       0x34 c:/users/alienware.000/.platformio/packages/toolchain-gccarmnoneeabi@1.70201.0/bin/../lib/gcc/arm-none-eabi/7.2.1/../../../../arm-none-eabi/lib/thumb/v7e-m/fpv4-sp/hard\libc_nano.a(lib_a-nano-callocr.o)
 .ARM.attributes
                0x00000d41       0x39 .pio\build\stm32_f407\libf7e\libebpf.a(ebpf_vm.o)
 .ARM.attributes
                0x00000d7a       0x39 .pio\build\stm32_f407\libf7e\libebpf.a(jit.o)
 .ARM.attributes
                0x00000db3       0x39 .pio\build\stm32_f407\libf7e\libebpf.a(jit_thumb2.o)
 .ARM.attributes
                0x00000dec       0x39 .pio\build\stm32_f407\libf7e\libebpf.a(myhashmap.o)
 .ARM.attributes
                0x00000e25       0x22 c:/users/alienware.000/.platformio/packages/toolchain-gccarmnoneeabi@1.70201.0/bin/../lib/gcc/arm-none-eabi/7.2.1/thumb/v7e-m/fpv4-sp/hard\libgcc.a(_aeabi_uldivmod.o)
 .ARM.attributes
                0x00000e47       0x34 c:/users/alienware.000/.platformio/packages/toolchain-gccarmnoneeabi@1.70201.0/bin/../lib/gcc/arm-none-eabi/7.2.1/thumb/v7e-m/fpv4-sp/hard\libgcc.a(_udivmoddi4.o)
 .ARM.attributes
                0x00000e7b       0x22 c:/users/alienware.000/.platformio/packages/toolchain-gccarmnoneeabi@1.70201.0/bin/../lib/gcc/arm-none-eabi/7.2.1/thumb/v7e-m/fpv4-sp/hard\libgcc.a(_dvmd_tls.o)

.debug_frame    0x00000000      0xae0
 .debug_frame   0x00000000       0x20 c:/users/alienware.000/.platformio/packages/toolchain-gccarmnoneeabi@1.70201.0/bin/../lib/gcc/arm-none-eabi/7.2.1/../../../../arm-none-eabi/lib/thumb/v7e-m/fpv4-sp/hard\libc_nano.a(lib_a-errno.o)
 .debug_frame   0x00000020       0x20 c:/users/alienware.000/.platformio/packages/toolchain-gccarmnoneeabi@1.70201.0/bin/../lib/gcc/arm-none-eabi/7.2.1/../../../../arm-none-eabi/lib/thumb/v7e-m/fpv4-sp/hard\libc_nano.a(lib_a-memset.o)
 .debug_frame   0x00000040       0x74 c:/users/alienware.000/.platformio/packages/toolchain-gccarmnoneeabi@1.70201.0/bin/../lib/gcc/arm-none-eabi/7.2.1/../../../../arm-none-eabi/lib/thumb/v7e-m/fpv4-sp/hard\libc_nano.a(lib_a-printf.o)
 .debug_frame   0x000000b4       0x3c c:/users/alienware.000/.platformio/packages/toolchain-gccarmnoneeabi@1.70201.0/bin/../lib/gcc/arm-none-eabi/7.2.1/../../../../arm-none-eabi/lib/thumb/v7e-m/fpv4-sp/hard\libc_nano.a(lib_a-puts.o)
 .debug_frame   0x000000f0       0x20 c:/users/alienware.000/.platformio/packages/toolchain-gccarmnoneeabi@1.70201.0/bin/../lib/gcc/arm-none-eabi/7.2.1/../../../../arm-none-eabi/lib/thumb/v7e-m/fpv4-sp/hard\libc_nano.a(lib_a-strcmp.o)