<!doctype html public "-//w3c//dtd html 4.0 transitional//en">
<html><head>
<title>Static Call Graph - [.\Objects\nrf52840_qiaa.axf]</title></head>
<body><HR>
<H1>Static Call Graph for image .\Objects\nrf52840_qiaa.axf</H1><HR>
<BR><P>#&#060CALLGRAPH&#062# ARM Linker, 5060750: Last Updated: Thu Nov 04 18:40:31 2021
<BR><P>
<H3>Maximum Stack Usage =        520 bytes + Unknown(Cycles, Untraceable Function Pointers)</H3><H3>
Call chain for Maximum Stack Depth:</H3>
test_ebpf_c7 &rArr; ebpf_eva &rArr; ebpf_vm_exec &rArr; __aeabi_uldivmod
<P>
<H3>
Mutually Recursive functions
</H3> <LI><a href="#[15]">NMI_Handler</a>&nbsp;&nbsp;&nbsp;&rArr;&nbsp;&nbsp;&nbsp;<a href="#[15]">NMI_Handler</a><BR>
 <LI><a href="#[16]">HardFault_Handler</a>&nbsp;&nbsp;&nbsp;&rArr;&nbsp;&nbsp;&nbsp;<a href="#[16]">HardFault_Handler</a><BR>
 <LI><a href="#[17]">MemoryManagement_Handler</a>&nbsp;&nbsp;&nbsp;&rArr;&nbsp;&nbsp;&nbsp;<a href="#[17]">MemoryManagement_Handler</a><BR>
 <LI><a href="#[18]">BusFault_Handler</a>&nbsp;&nbsp;&nbsp;&rArr;&nbsp;&nbsp;&nbsp;<a href="#[18]">BusFault_Handler</a><BR>
 <LI><a href="#[19]">UsageFault_Handler</a>&nbsp;&nbsp;&nbsp;&rArr;&nbsp;&nbsp;&nbsp;<a href="#[19]">UsageFault_Handler</a><BR>
 <LI><a href="#[1a]">SVC_Handler</a>&nbsp;&nbsp;&nbsp;&rArr;&nbsp;&nbsp;&nbsp;<a href="#[1a]">SVC_Handler</a><BR>
 <LI><a href="#[1c]">PendSV_Handler</a>&nbsp;&nbsp;&nbsp;&rArr;&nbsp;&nbsp;&nbsp;<a href="#[1c]">PendSV_Handler</a><BR>
 <LI><a href="#[1d]">SysTick_Handler</a>&nbsp;&nbsp;&nbsp;&rArr;&nbsp;&nbsp;&nbsp;<a href="#[1d]">SysTick_Handler</a><BR>
 <LI><a href="#[2d]">CCM_AAR_IRQHandler</a>&nbsp;&nbsp;&nbsp;&rArr;&nbsp;&nbsp;&nbsp;<a href="#[2d]">CCM_AAR_IRQHandler</a><BR>
 <LI><a href="#[be]">nrf_log_frontend_dequeue</a>&nbsp;&nbsp;&nbsp;&rArr;&nbsp;&nbsp;&nbsp;<a href="#[bf]">nrf_log_frontend_std_0</a><BR>
 <LI><a href="#[e9]">buffer_add</a>&nbsp;&nbsp;&nbsp;&rArr;&nbsp;&nbsp;&nbsp;<a href="#[e9]">buffer_add</a><BR>
</UL>
<P>
<H3>
Function Pointers
</H3><UL>
 <LI><a href="#[18]">BusFault_Handler</a> from arm_startup_nrf52840.o(.text) referenced from arm_startup_nrf52840.o(RESET)
 <LI><a href="#[2d]">CCM_AAR_IRQHandler</a> from arm_startup_nrf52840.o(.text) referenced from arm_startup_nrf52840.o(RESET)
 <LI><a href="#[31]">COMP_LPCOMP_IRQHandler</a> from arm_startup_nrf52840.o(.text) referenced from arm_startup_nrf52840.o(RESET)
 <LI><a href="#[46]">CRYPTOCELL_IRQHandler</a> from arm_startup_nrf52840.o(.text) referenced from arm_startup_nrf52840.o(RESET)
 <LI><a href="#[1b]">DebugMon_Handler</a> from cortex-m4_fbp.o(.emb_text) referenced from arm_startup_nrf52840.o(RESET)
 <LI><a href="#[2c]">ECB_IRQHandler</a> from arm_startup_nrf52840.o(.text) referenced from arm_startup_nrf52840.o(RESET)
 <LI><a href="#[52]">FPB_Handler0</a> from cortex-m4_fbp.o(.emb_text) referenced from cortex-m4_fbp.o(.constdata)
 <LI><a href="#[52]">FPB_Handler0</a> from cortex-m4_fbp.o(.emb_text) referenced from cortex-m4_fbp.o(i.fpb_setup_test)
 <LI><a href="#[62]">FPB_Handler1</a> from cortex-m4_fbp.o(.emb_text) referenced from cortex-m4_fbp.o(.constdata)
 <LI><a href="#[63]">FPB_Handler2</a> from cortex-m4_fbp.o(.emb_text) referenced from cortex-m4_fbp.o(.constdata)
 <LI><a href="#[64]">FPB_Handler3</a> from cortex-m4_fbp.o(.emb_text) referenced from cortex-m4_fbp.o(.constdata)
 <LI><a href="#[65]">FPB_Handler4</a> from cortex-m4_fbp.o(.emb_text) referenced from cortex-m4_fbp.o(.constdata)
 <LI><a href="#[50]">FPB_Handler5</a> from cortex-m4_fbp.o(.emb_text) referenced from cortex-m4_fbp.o(.constdata)
 <LI><a href="#[50]">FPB_Handler5</a> from cortex-m4_fbp.o(.emb_text) referenced from cortex-m4_fbp.o(i.fpb_disable_cur_inst)
 <LI><a href="#[42]">FPU_IRQHandler</a> from arm_startup_nrf52840.o(.text) referenced from arm_startup_nrf52840.o(RESET)
 <LI><a href="#[24]">GPIOTE_IRQHandler</a> from arm_startup_nrf52840.o(.text) referenced from arm_startup_nrf52840.o(RESET)
 <LI><a href="#[16]">HardFault_Handler</a> from arm_startup_nrf52840.o(.text) referenced from arm_startup_nrf52840.o(RESET)
 <LI><a href="#[41]">I2S_IRQHandler</a> from arm_startup_nrf52840.o(.text) referenced from arm_startup_nrf52840.o(RESET)
 <LI><a href="#[3c]">MWU_IRQHandler</a> from arm_startup_nrf52840.o(.text) referenced from arm_startup_nrf52840.o(RESET)
 <LI><a href="#[17]">MemoryManagement_Handler</a> from arm_startup_nrf52840.o(.text) referenced from arm_startup_nrf52840.o(RESET)
 <LI><a href="#[23]">NFCT_IRQHandler</a> from arm_startup_nrf52840.o(.text) referenced from arm_startup_nrf52840.o(RESET)
 <LI><a href="#[15]">NMI_Handler</a> from arm_startup_nrf52840.o(.text) referenced from arm_startup_nrf52840.o(RESET)
 <LI><a href="#[3b]">PDM_IRQHandler</a> from arm_startup_nrf52840.o(.text) referenced from arm_startup_nrf52840.o(RESET)
 <LI><a href="#[1e]">POWER_CLOCK_IRQHandler</a> from arm_startup_nrf52840.o(.text) referenced from arm_startup_nrf52840.o(RESET)
 <LI><a href="#[3a]">PWM0_IRQHandler</a> from arm_startup_nrf52840.o(.text) referenced from arm_startup_nrf52840.o(RESET)
 <LI><a href="#[3d]">PWM1_IRQHandler</a> from arm_startup_nrf52840.o(.text) referenced from arm_startup_nrf52840.o(RESET)
 <LI><a href="#[3e]">PWM2_IRQHandler</a> from arm_startup_nrf52840.o(.text) referenced from arm_startup_nrf52840.o(RESET)
 <LI><a href="#[47]">PWM3_IRQHandler</a> from arm_startup_nrf52840.o(.text) referenced from arm_startup_nrf52840.o(RESET)
 <LI><a href="#[1c]">PendSV_Handler</a> from arm_startup_nrf52840.o(.text) referenced from arm_startup_nrf52840.o(RESET)
 <LI><a href="#[30]">QDEC_IRQHandler</a> from arm_startup_nrf52840.o(.text) referenced from arm_startup_nrf52840.o(RESET)
 <LI><a href="#[45]">QSPI_IRQHandler</a> from arm_startup_nrf52840.o(.text) referenced from arm_startup_nrf52840.o(RESET)
 <LI><a href="#[1f]">RADIO_IRQHandler</a> from arm_startup_nrf52840.o(.text) referenced from arm_startup_nrf52840.o(RESET)
 <LI><a href="#[2b]">RNG_IRQHandler</a> from arm_startup_nrf52840.o(.text) referenced from arm_startup_nrf52840.o(RESET)
 <LI><a href="#[29]">RTC0_IRQHandler</a> from arm_startup_nrf52840.o(.text) referenced from arm_startup_nrf52840.o(RESET)
 <LI><a href="#[2f]">RTC1_IRQHandler</a> from arm_startup_nrf52840.o(.text) referenced from arm_startup_nrf52840.o(RESET)
 <LI><a href="#[40]">RTC2_IRQHandler</a> from arm_startup_nrf52840.o(.text) referenced from arm_startup_nrf52840.o(RESET)
 <LI><a href="#[51]">RawBuggyFunc</a> from cortex-m4_fbp.o(i.RawBuggyFunc) referenced from cortex-m4_fbp.o(i.fpb_setup_test)
 <LI><a href="#[14]">Reset_Handler</a> from arm_startup_nrf52840.o(.text) referenced from arm_startup_nrf52840.o(RESET)
 <LI><a href="#[25]">SAADC_IRQHandler</a> from arm_startup_nrf52840.o(.text) referenced from arm_startup_nrf52840.o(RESET)
 <LI><a href="#[21]">SPIM0_SPIS0_TWIM0_TWIS0_SPI0_TWI0_IRQHandler</a> from arm_startup_nrf52840.o(.text) referenced from arm_startup_nrf52840.o(RESET)
 <LI><a href="#[22]">SPIM1_SPIS1_TWIM1_TWIS1_SPI1_TWI1_IRQHandler</a> from arm_startup_nrf52840.o(.text) referenced from arm_startup_nrf52840.o(RESET)
 <LI><a href="#[3f]">SPIM2_SPIS2_SPI2_IRQHandler</a> from arm_startup_nrf52840.o(.text) referenced from arm_startup_nrf52840.o(RESET)
 <LI><a href="#[48]">SPIM3_IRQHandler</a> from arm_startup_nrf52840.o(.text) referenced from arm_startup_nrf52840.o(RESET)
 <LI><a href="#[1a]">SVC_Handler</a> from arm_startup_nrf52840.o(.text) referenced from arm_startup_nrf52840.o(RESET)
 <LI><a href="#[32]">SWI0_EGU0_IRQHandler</a> from arm_startup_nrf52840.o(.text) referenced from arm_startup_nrf52840.o(RESET)
 <LI><a href="#[33]">SWI1_EGU1_IRQHandler</a> from arm_startup_nrf52840.o(.text) referenced from arm_startup_nrf52840.o(RESET)
 <LI><a href="#[34]">SWI2_EGU2_IRQHandler</a> from arm_startup_nrf52840.o(.text) referenced from arm_startup_nrf52840.o(RESET)
 <LI><a href="#[35]">SWI3_EGU3_IRQHandler</a> from arm_startup_nrf52840.o(.text) referenced from arm_startup_nrf52840.o(RESET)
 <LI><a href="#[36]">SWI4_EGU4_IRQHandler</a> from arm_startup_nrf52840.o(.text) referenced from arm_startup_nrf52840.o(RESET)
 <LI><a href="#[37]">SWI5_EGU5_IRQHandler</a> from arm_startup_nrf52840.o(.text) referenced from arm_startup_nrf52840.o(RESET)
 <LI><a href="#[1d]">SysTick_Handler</a> from arm_startup_nrf52840.o(.text) referenced from arm_startup_nrf52840.o(RESET)
 <LI><a href="#[4a]">SystemInit</a> from system_nrf52840.o(i.SystemInit) referenced from arm_startup_nrf52840.o(.text)
 <LI><a href="#[2a]">TEMP_IRQHandler</a> from arm_startup_nrf52840.o(.text) referenced from arm_startup_nrf52840.o(RESET)
 <LI><a href="#[26]">TIMER0_IRQHandler</a> from arm_startup_nrf52840.o(.text) referenced from arm_startup_nrf52840.o(RESET)
 <LI><a href="#[27]">TIMER1_IRQHandler</a> from arm_startup_nrf52840.o(.text) referenced from arm_startup_nrf52840.o(RESET)
 <LI><a href="#[28]">TIMER2_IRQHandler</a> from arm_startup_nrf52840.o(.text) referenced from arm_startup_nrf52840.o(RESET)
 <LI><a href="#[38]">TIMER3_IRQHandler</a> from arm_startup_nrf52840.o(.text) referenced from arm_startup_nrf52840.o(RESET)
 <LI><a href="#[39]">TIMER4_IRQHandler</a> from arm_startup_nrf52840.o(.text) referenced from arm_startup_nrf52840.o(RESET)
 <LI><a href="#[20]">UARTE0_UART0_IRQHandler</a> from nrfx_prs.o(i.UARTE0_UART0_IRQHandler) referenced from arm_startup_nrf52840.o(RESET)
 <LI><a href="#[44]">UARTE1_IRQHandler</a> from arm_startup_nrf52840.o(.text) referenced from arm_startup_nrf52840.o(RESET)
 <LI><a href="#[43]">USBD_IRQHandler</a> from arm_startup_nrf52840.o(.text) referenced from arm_startup_nrf52840.o(RESET)
 <LI><a href="#[19]">UsageFault_Handler</a> from arm_startup_nrf52840.o(.text) referenced from arm_startup_nrf52840.o(RESET)
 <LI><a href="#[2e]">WDT_IRQHandler</a> from arm_startup_nrf52840.o(.text) referenced from arm_startup_nrf52840.o(RESET)
 <LI><a href="#[4b]">__main</a> from entry.o(.ARM.Collect$$$$00000000) referenced from arm_startup_nrf52840.o(.text)
 <LI><a href="#[4c]">_snputc</a> from printfa.o(i._snputc) referenced from printfa.o(i.__0vsnprintf)
 <LI><a href="#[4e]">call_dummy_buggy_MQTT_function</a> from fixed_patch_points.o(i.call_dummy_buggy_MQTT_function) referenced from fixed_patch_points.o(i.call_dummy_buggy_MQTT_function)
 <LI><a href="#[4f]">dummy_buggy_MQTT_packet_length_decode</a> from fixed_patch_points.o(i.dummy_buggy_MQTT_packet_length_decode) referenced from fixed_patch_points.o(i.call_dummy_buggy_MQTT_function)
 <LI><a href="#[57]">iot_call_C_func_noret</a> from ebpf_vm.o(i.iot_call_C_func_noret) referenced from ebpf_vm.o(i.set_default_helpers)
 <LI><a href="#[56]">iot_print_log</a> from ebpf_vm.o(i.iot_print_log) referenced from ebpf_vm.o(i.set_default_helpers)
 <LI><a href="#[49]">main</a> from main.o(i.main) referenced from entry9a.o(.ARM.Collect$$$$0000000B)
 <LI><a href="#[5b]">my_memmove</a> from ebpf_test.o(i.my_memmove) referenced from ebpf_test.o(i.test_ebpf_c3)
 <LI><a href="#[61]">nrf_log_backend_rtt_flush</a> from nrf_log_backend_rtt.o(i.nrf_log_backend_rtt_flush) referenced from nrf_log_backend_rtt.o(.constdata)
 <LI><a href="#[60]">nrf_log_backend_rtt_panic_set</a> from nrf_log_backend_rtt.o(i.nrf_log_backend_rtt_panic_set) referenced from nrf_log_backend_rtt.o(.constdata)
 <LI><a href="#[5f]">nrf_log_backend_rtt_put</a> from nrf_log_backend_rtt.o(i.nrf_log_backend_rtt_put) referenced from nrf_log_backend_rtt.o(.constdata)
 <LI><a href="#[5d]">nrfx_uart_0_irq_handler</a> from nrfx_uart.o(i.nrfx_uart_0_irq_handler) referenced from nrfx_uart.o(.constdata)
 <LI><a href="#[5e]">nrfx_uarte_0_irq_handler</a> from nrfx_uarte.o(i.nrfx_uarte_0_irq_handler) referenced from nrfx_uarte.o(.constdata)
 <LI><a href="#[3]">reset_patch</a> from ihp_cli.o(i.reset_patch) referenced 2 times from ihp_cli.o(.data)
 <LI><a href="#[4]">run_eva_test</a> from ihp_cli.o(i.run_eva_test) referenced 2 times from ihp_cli.o(.data)
 <LI><a href="#[6]">run_fixed_patch_point_test</a> from ihp_cli.o(i.run_fixed_patch_point_test) referenced 2 times from ihp_cli.o(.data)
 <LI><a href="#[55]">serial_tx</a> from nrf_log_backend_rtt.o(i.serial_tx) referenced from nrf_log_backend_rtt.o(i.nrf_log_backend_rtt_put)
 <LI><a href="#[5]">start_patch_service</a> from patch_service.o(i.start_patch_service) referenced 2 times from ihp_cli.o(.data)
 <LI><a href="#[1]">test_debug_patch</a> from ihp_cli.o(i.test_debug_patch) referenced 2 times from ihp_cli.o(.data)
 <LI><a href="#[5a]">test_dynamic_bug</a> from dynamic_patch_load.o(i.test_dynamic_bug) referenced from dynamic_patch_load.o(i.show_local_patch_desc)
 <LI><a href="#[5a]">test_dynamic_bug</a> from dynamic_patch_load.o(i.test_dynamic_bug) referenced from ihp_cli.o(i.this_is_cve_trigger_func)
 <LI><a href="#[7]">test_ebpf_c0</a> from ebpf_test.o(i.test_ebpf_c0) referenced 2 times from ebpf_test.o(.data)
 <LI><a href="#[8]">test_ebpf_c1</a> from ebpf_test.o(i.test_ebpf_c1) referenced 2 times from ebpf_test.o(.data)
 <LI><a href="#[11]">test_ebpf_c10</a> from ebpf_test.o(i.test_ebpf_c10) referenced 2 times from ebpf_test.o(.data)
 <LI><a href="#[12]">test_ebpf_c11</a> from ebpf_test.o(i.test_ebpf_c11) referenced 2 times from ebpf_test.o(.data)
 <LI><a href="#[13]">test_ebpf_c12</a> from ebpf_test.o(i.test_ebpf_c12) referenced 2 times from ebpf_test.o(.data)
 <LI><a href="#[9]">test_ebpf_c2</a> from ebpf_test.o(i.test_ebpf_c2) referenced 2 times from ebpf_test.o(.data)
 <LI><a href="#[a]">test_ebpf_c3</a> from ebpf_test.o(i.test_ebpf_c3) referenced 2 times from ebpf_test.o(.data)
 <LI><a href="#[b]">test_ebpf_c4</a> from ebpf_test.o(i.test_ebpf_c4) referenced 2 times from ebpf_test.o(.data)
 <LI><a href="#[c]">test_ebpf_c5</a> from ebpf_test.o(i.test_ebpf_c5) referenced 2 times from ebpf_test.o(.data)
 <LI><a href="#[d]">test_ebpf_c6</a> from ebpf_test.o(i.test_ebpf_c6) referenced 2 times from ebpf_test.o(.data)
 <LI><a href="#[e]">test_ebpf_c7</a> from ebpf_test.o(i.test_ebpf_c7) referenced 2 times from ebpf_test.o(.data)
 <LI><a href="#[f]">test_ebpf_c8</a> from ebpf_test.o(i.test_ebpf_c8) referenced 2 times from ebpf_test.o(.data)
 <LI><a href="#[10]">test_ebpf_c9</a> from ebpf_test.o(i.test_ebpf_c9) referenced 2 times from ebpf_test.o(.data)
 <LI><a href="#[2]">test_patch_trigger</a> from ihp_cli.o(i.test_patch_trigger) referenced 2 times from ihp_cli.o(.data)
 <LI><a href="#[0]">this_is_cve_trigger_func</a> from ihp_cli.o(i.this_is_cve_trigger_func) referenced 2 times from ihp_cli.o(.data)
 <LI><a href="#[59]">tmp_map_get_val</a> from ebpf_vm.o(i.tmp_map_get_val) referenced from ebpf_vm.o(i.set_default_helpers)
 <LI><a href="#[58]">tmp_map_save_val</a> from ebpf_vm.o(i.tmp_map_save_val) referenced from ebpf_vm.o(i.set_default_helpers)
 <LI><a href="#[5c]">uart_error_handle</a> from main.o(i.uart_error_handle) referenced from main.o(i.uart_config)
 <LI><a href="#[4d]">uart_event_handler</a> from app_uart_fifo.o(i.uart_event_handler) referenced from app_uart_fifo.o(i.app_uart_init)
 <LI><a href="#[54]">uart_evt_handler</a> from nrf_drv_uart.o(i.uart_evt_handler) referenced from nrf_drv_uart.o(i.nrf_drv_uart_init)
 <LI><a href="#[53]">uarte_evt_handler</a> from nrf_drv_uart.o(i.uarte_evt_handler) referenced from nrf_drv_uart.o(i.nrf_drv_uart_init)
</UL>
<P>
<H3>
Global Symbols
</H3>
<P><STRONG><a name="[4b]"></a>__main</STRONG> (Thumb, 0 bytes, Stack size unknown bytes, entry.o(.ARM.Collect$$$$00000000))
<BR>[Address Reference Count : 1]<UL><LI> arm_startup_nrf52840.o(.text)
</UL>
<P><STRONG><a name="[1a2]"></a>_main_stk</STRONG> (Thumb, 0 bytes, Stack size unknown bytes, entry2.o(.ARM.Collect$$$$00000001))

<P><STRONG><a name="[66]"></a>_main_scatterload</STRONG> (Thumb, 0 bytes, Stack size unknown bytes, entry5.o(.ARM.Collect$$$$00000004))
<BR><BR>[Calls]<UL><LI><a href="#[67]">&gt;&gt;</a>&nbsp;&nbsp;&nbsp;__scatterload
</UL>

<P><STRONG><a name="[80]"></a>__main_after_scatterload</STRONG> (Thumb, 0 bytes, Stack size unknown bytes, entry5.o(.ARM.Collect$$$$00000004))
<BR><BR>[Called By]<UL><LI><a href="#[67]">&gt;&gt;</a>&nbsp;&nbsp;&nbsp;__scatterload
</UL>

<P><STRONG><a name="[1a3]"></a>_main_clock</STRONG> (Thumb, 0 bytes, Stack size unknown bytes, entry7b.o(.ARM.Collect$$$$00000008))

<P><STRONG><a name="[1a4]"></a>_main_cpp_init</STRONG> (Thumb, 0 bytes, Stack size unknown bytes, entry8b.o(.ARM.Collect$$$$0000000A))

<P><STRONG><a name="[1a5]"></a>_main_init</STRONG> (Thumb, 0 bytes, Stack size unknown bytes, entry9a.o(.ARM.Collect$$$$0000000B))

<P><STRONG><a name="[1a6]"></a>__rt_final_cpp</STRONG> (Thumb, 0 bytes, Stack size unknown bytes, entry10a.o(.ARM.Collect$$$$0000000D))

<P><STRONG><a name="[1a7]"></a>__rt_final_exit</STRONG> (Thumb, 0 bytes, Stack size unknown bytes, entry11a.o(.ARM.Collect$$$$0000000F))

<P><STRONG><a name="[14b]"></a>__asm___12_nrf_atomic_c_85ca2469__nrf_atomic_internal_mov</STRONG> (Thumb, 24 bytes, Stack size 0 bytes, nrf_atomic.o(.emb_text))
<BR><BR>[Called By]<UL><LI><a href="#[10c]">&gt;&gt;</a>&nbsp;&nbsp;&nbsp;nrf_atomic_u32_fetch_store
</UL>

<P><STRONG><a name="[14c]"></a>__asm___12_nrf_atomic_c_85ca2469__nrf_atomic_internal_orr</STRONG> (Thumb, 26 bytes, Stack size 0 bytes, nrf_atomic.o(.emb_text))
<BR><BR>[Called By]<UL><LI><a href="#[148]">&gt;&gt;</a>&nbsp;&nbsp;&nbsp;nrf_atomic_u32_or
</UL>

<P><STRONG><a name="[14a]"></a>__asm___12_nrf_atomic_c_85ca2469__nrf_atomic_internal_and</STRONG> (Thumb, 26 bytes, Stack size 0 bytes, nrf_atomic.o(.emb_text))
<BR><BR>[Called By]<UL><LI><a href="#[147]">&gt;&gt;</a>&nbsp;&nbsp;&nbsp;nrf_atomic_u32_fetch_and
</UL>

<P><STRONG><a name="[1a8]"></a>__asm___12_nrf_atomic_c_85ca2469__nrf_atomic_internal_eor</STRONG> (Thumb, 26 bytes, Stack size 0 bytes, nrf_atomic.o(.emb_text), UNUSED)

<P><STRONG><a name="[149]"></a>__asm___12_nrf_atomic_c_85ca2469__nrf_atomic_internal_add</STRONG> (Thumb, 26 bytes, Stack size 0 bytes, nrf_atomic.o(.emb_text))
<BR><BR>[Called By]<UL><LI><a href="#[e7]">&gt;&gt;</a>&nbsp;&nbsp;&nbsp;nrf_atomic_u32_add
</UL>

<P><STRONG><a name="[14e]"></a>__asm___12_nrf_atomic_c_85ca2469__nrf_atomic_internal_sub</STRONG> (Thumb, 26 bytes, Stack size 0 bytes, nrf_atomic.o(.emb_text))
<BR><BR>[Called By]<UL><LI><a href="#[14d]">&gt;&gt;</a>&nbsp;&nbsp;&nbsp;nrf_atomic_u32_sub
</UL>

<P><STRONG><a name="[1a9]"></a>__asm___12_nrf_atomic_c_85ca2469__nrf_atomic_internal_cmp_exch</STRONG> (Thumb, 42 bytes, Stack size 0 bytes, nrf_atomic.o(.emb_text), UNUSED)

<P><STRONG><a name="[1aa]"></a>__asm___12_nrf_atomic_c_85ca2469__nrf_atomic_internal_sub_hs</STRONG> (Thumb, 30 bytes, Stack size 0 bytes, nrf_atomic.o(.emb_text), UNUSED)

<P><STRONG><a name="[68]"></a>HERA_Dipatcher</STRONG> (Thumb, 48 bytes, Stack size 0 bytes, cortex-m4_fbp.o(.emb_text), UNUSED)
<BR><BR>[Calls]<UL><LI><a href="#[69]">&gt;&gt;</a>&nbsp;&nbsp;&nbsp;hera_fix_func
</UL>

<P><STRONG><a name="[52]"></a>FPB_Handler0</STRONG> (Thumb, 44 bytes, Stack size 0 bytes, cortex-m4_fbp.o(.emb_text))
<BR><BR>[Stack]<UL><LI>Max Depth = 376<LI>Call Chain = FPB_Handler0 &rArr; leave_fpb_bpkt &rArr; run_ebpf_filter &rArr; ebpf_vm_exec &rArr; __aeabi_uldivmod
</UL>
<BR>[Calls]<UL><LI><a href="#[6a]">&gt;&gt;</a>&nbsp;&nbsp;&nbsp;leave_fpb_bpkt
</UL>
<BR>[Address Reference Count : 2]<UL><LI> cortex-m4_fbp.o(i.fpb_setup_test)
<LI> cortex-m4_fbp.o(.constdata)
</UL>
<P><STRONG><a name="[62]"></a>FPB_Handler1</STRONG> (Thumb, 44 bytes, Stack size 0 bytes, cortex-m4_fbp.o(.emb_text))
<BR><BR>[Stack]<UL><LI>Max Depth = 376<LI>Call Chain = FPB_Handler1 &rArr; leave_fpb_bpkt &rArr; run_ebpf_filter &rArr; ebpf_vm_exec &rArr; __aeabi_uldivmod
</UL>
<BR>[Calls]<UL><LI><a href="#[6a]">&gt;&gt;</a>&nbsp;&nbsp;&nbsp;leave_fpb_bpkt
</UL>
<BR>[Address Reference Count : 1]<UL><LI> cortex-m4_fbp.o(.constdata)
</UL>
<P><STRONG><a name="[63]"></a>FPB_Handler2</STRONG> (Thumb, 38 bytes, Stack size 0 bytes, cortex-m4_fbp.o(.emb_text))
<BR><BR>[Stack]<UL><LI>Max Depth = 376<LI>Call Chain = FPB_Handler2 &rArr; leave_fpb_bpkt &rArr; run_ebpf_filter &rArr; ebpf_vm_exec &rArr; __aeabi_uldivmod
</UL>
<BR>[Calls]<UL><LI><a href="#[6a]">&gt;&gt;</a>&nbsp;&nbsp;&nbsp;leave_fpb_bpkt
</UL>
<BR>[Address Reference Count : 1]<UL><LI> cortex-m4_fbp.o(.constdata)
</UL>
<P><STRONG><a name="[64]"></a>FPB_Handler3</STRONG> (Thumb, 38 bytes, Stack size 0 bytes, cortex-m4_fbp.o(.emb_text))
<BR><BR>[Stack]<UL><LI>Max Depth = 376<LI>Call Chain = FPB_Handler3 &rArr; leave_fpb_bpkt &rArr; run_ebpf_filter &rArr; ebpf_vm_exec &rArr; __aeabi_uldivmod
</UL>
<BR>[Calls]<UL><LI><a href="#[6a]">&gt;&gt;</a>&nbsp;&nbsp;&nbsp;leave_fpb_bpkt
</UL>
<BR>[Address Reference Count : 1]<UL><LI> cortex-m4_fbp.o(.constdata)
</UL>
<P><STRONG><a name="[65]"></a>FPB_Handler4</STRONG> (Thumb, 38 bytes, Stack size 0 bytes, cortex-m4_fbp.o(.emb_text))
<BR><BR>[Stack]<UL><LI>Max Depth = 376<LI>Call Chain = FPB_Handler4 &rArr; leave_fpb_bpkt &rArr; run_ebpf_filter &rArr; ebpf_vm_exec &rArr; __aeabi_uldivmod
</UL>
<BR>[Calls]<UL><LI><a href="#[6a]">&gt;&gt;</a>&nbsp;&nbsp;&nbsp;leave_fpb_bpkt
</UL>
<BR>[Address Reference Count : 1]<UL><LI> cortex-m4_fbp.o(.constdata)
</UL>
<P><STRONG><a name="[50]"></a>FPB_Handler5</STRONG> (Thumb, 24 bytes, Stack size 0 bytes, cortex-m4_fbp.o(.emb_text))
<BR><BR>[Stack]<UL><LI>Max Depth = 144<LI>Call Chain = FPB_Handler5 &rArr; fpb_enable_callback &rArr; debug_log &rArr; log_print_porting &rArr; shell_put_char &rArr; app_uart_put &rArr; nrf_drv_uart_tx &rArr; nrfx_uart_tx &rArr; tx_byte &rArr; nrf_uart_event_clear
</UL>
<BR>[Calls]<UL><LI><a href="#[6b]">&gt;&gt;</a>&nbsp;&nbsp;&nbsp;fpb_enable_callback
</UL>
<BR>[Address Reference Count : 2]<UL><LI> cortex-m4_fbp.o(i.fpb_disable_cur_inst)
<LI> cortex-m4_fbp.o(.constdata)
</UL>
<P><STRONG><a name="[1ab]"></a>set_return</STRONG> (Thumb, 4 bytes, Stack size 0 bytes, cortex-m4_fbp.o(.emb_text), UNUSED)

<P><STRONG><a name="[1b]"></a>DebugMon_Handler</STRONG> (Thumb, 18 bytes, Stack size 0 bytes, cortex-m4_fbp.o(.emb_text))
<BR><BR>[Stack]<UL><LI>Max Depth = 376<LI>Call Chain = DebugMon_Handler &rArr; leave_debug_monitor &rArr; run_patch_here &rArr; run_ebpf_filter &rArr; ebpf_vm_exec &rArr; __aeabi_uldivmod
</UL>
<BR>[Calls]<UL><LI><a href="#[6c]">&gt;&gt;</a>&nbsp;&nbsp;&nbsp;leave_debug_monitor
</UL>
<BR>[Address Reference Count : 1]<UL><LI> arm_startup_nrf52840.o(RESET)
</UL>
<P><STRONG><a name="[1ac]"></a>save_context</STRONG> (Thumb, 2 bytes, Stack size 0 bytes, fixed_patch_points.o(.emb_text), UNUSED)

<P><STRONG><a name="[1ad]"></a>restore_context</STRONG> (Thumb, 2 bytes, Stack size 0 bytes, fixed_patch_points.o(.emb_text), UNUSED)

<P><STRONG><a name="[6d]"></a>fixed_patch_point_hanlder</STRONG> (Thumb, 30 bytes, Stack size 0 bytes, fixed_patch_points.o(.emb_text))
<BR><BR>[Stack]<UL><LI>Max Depth = 360<LI>Call Chain = fixed_patch_point_hanlder &rArr; dispatch_fixed_patch_point &rArr; run_ebpf_filter &rArr; ebpf_vm_exec &rArr; __aeabi_uldivmod
</UL>
<BR>[Calls]<UL><LI><a href="#[6e]">&gt;&gt;</a>&nbsp;&nbsp;&nbsp;dispatch_fixed_patch_point
</UL>
<BR>[Called By]<UL><LI><a href="#[4f]">&gt;&gt;</a>&nbsp;&nbsp;&nbsp;dummy_buggy_MQTT_packet_length_decode
</UL>

<P><STRONG><a name="[14]"></a>Reset_Handler</STRONG> (Thumb, 8 bytes, Stack size 0 bytes, arm_startup_nrf52840.o(.text))
<BR>[Address Reference Count : 1]<UL><LI> arm_startup_nrf52840.o(RESET)
</UL>
<P><STRONG><a name="[15]"></a>NMI_Handler</STRONG> (Thumb, 2 bytes, Stack size 0 bytes, arm_startup_nrf52840.o(.text))
<BR><BR>[Calls]<UL><LI><a href="#[15]">&gt;&gt;</a>&nbsp;&nbsp;&nbsp;NMI_Handler
</UL>
<BR>[Called By]<UL><LI><a href="#[15]">&gt;&gt;</a>&nbsp;&nbsp;&nbsp;NMI_Handler
</UL>
<BR>[Address Reference Count : 1]<UL><LI> arm_startup_nrf52840.o(RESET)
</UL>
<P><STRONG><a name="[16]"></a>HardFault_Handler</STRONG> (Thumb, 2 bytes, Stack size 0 bytes, arm_startup_nrf52840.o(.text))
<BR><BR>[Calls]<UL><LI><a href="#[16]">&gt;&gt;</a>&nbsp;&nbsp;&nbsp;HardFault_Handler
</UL>
<BR>[Called By]<UL><LI><a href="#[16]">&gt;&gt;</a>&nbsp;&nbsp;&nbsp;HardFault_Handler
</UL>
<BR>[Address Reference Count : 1]<UL><LI> arm_startup_nrf52840.o(RESET)
</UL>
<P><STRONG><a name="[17]"></a>MemoryManagement_Handler</STRONG> (Thumb, 2 bytes, Stack size 0 bytes, arm_startup_nrf52840.o(.text))
<BR><BR>[Calls]<UL><LI><a href="#[17]">&gt;&gt;</a>&nbsp;&nbsp;&nbsp;MemoryManagement_Handler
</UL>
<BR>[Called By]<UL><LI><a href="#[17]">&gt;&gt;</a>&nbsp;&nbsp;&nbsp;MemoryManagement_Handler
</UL>
<BR>[Address Reference Count : 1]<UL><LI> arm_startup_nrf52840.o(RESET)
</UL>
<P><STRONG><a name="[18]"></a>BusFault_Handler</STRONG> (Thumb, 2 bytes, Stack size 0 bytes, arm_startup_nrf52840.o(.text))
<BR><BR>[Calls]<UL><LI><a href="#[18]">&gt;&gt;</a>&nbsp;&nbsp;&nbsp;BusFault_Handler
</UL>
<BR>[Called By]<UL><LI><a href="#[18]">&gt;&gt;</a>&nbsp;&nbsp;&nbsp;BusFault_Handler
</UL>
<BR>[Address Reference Count : 1]<UL><LI> arm_startup_nrf52840.o(RESET)
</UL>
<P><STRONG><a name="[19]"></a>UsageFault_Handler</STRONG> (Thumb, 2 bytes, Stack size 0 bytes, arm_startup_nrf52840.o(.text))
<BR><BR>[Calls]<UL><LI><a href="#[19]">&gt;&gt;</a>&nbsp;&nbsp;&nbsp;UsageFault_Handler
</UL>
<BR>[Called By]<UL><LI><a href="#[19]">&gt;&gt;</a>&nbsp;&nbsp;&nbsp;UsageFault_Handler
</UL>
<BR>[Address Reference Count : 1]<UL><LI> arm_startup_nrf52840.o(RESET)
</UL>
<P><STRONG><a name="[1a]"></a>SVC_Handler</STRONG> (Thumb, 2 bytes, Stack size 0 bytes, arm_startup_nrf52840.o(.text))
<BR><BR>[Calls]<UL><LI><a href="#[1a]">&gt;&gt;</a>&nbsp;&nbsp;&nbsp;SVC_Handler
</UL>
<BR>[Called By]<UL><LI><a href="#[1a]">&gt;&gt;</a>&nbsp;&nbsp;&nbsp;SVC_Handler
</UL>
<BR>[Address Reference Count : 1]<UL><LI> arm_startup_nrf52840.o(RESET)
</UL>
<P><STRONG><a name="[1c]"></a>PendSV_Handler</STRONG> (Thumb, 2 bytes, Stack size 0 bytes, arm_startup_nrf52840.o(.text))
<BR><BR>[Calls]<UL><LI><a href="#[1c]">&gt;&gt;</a>&nbsp;&nbsp;&nbsp;PendSV_Handler
</UL>
<BR>[Called By]<UL><LI><a href="#[1c]">&gt;&gt;</a>&nbsp;&nbsp;&nbsp;PendSV_Handler
</UL>
<BR>[Address Reference Count : 1]<UL><LI> arm_startup_nrf52840.o(RESET)
</UL>
<P><STRONG><a name="[1d]"></a>SysTick_Handler</STRONG> (Thumb, 2 bytes, Stack size 0 bytes, arm_startup_nrf52840.o(.text))
<BR><BR>[Calls]<UL><LI><a href="#[1d]">&gt;&gt;</a>&nbsp;&nbsp;&nbsp;SysTick_Handler
</UL>
<BR>[Called By]<UL><LI><a href="#[1d]">&gt;&gt;</a>&nbsp;&nbsp;&nbsp;SysTick_Handler
</UL>
<BR>[Address Reference Count : 1]<UL><LI> arm_startup_nrf52840.o(RESET)
</UL>
<P><STRONG><a name="[2d]"></a>CCM_AAR_IRQHandler</STRONG> (Thumb, 0 bytes, Stack size 0 bytes, arm_startup_nrf52840.o(.text))
<BR><BR>[Calls]<UL><LI><a href="#[2d]">&gt;&gt;</a>&nbsp;&nbsp;&nbsp;CCM_AAR_IRQHandler
</UL>
<BR>[Called By]<UL><LI><a href="#[2d]">&gt;&gt;</a>&nbsp;&nbsp;&nbsp;CCM_AAR_IRQHandler
</UL>
<BR>[Address Reference Count : 1]<UL><LI> arm_startup_nrf52840.o(RESET)
</UL>
<P><STRONG><a name="[31]"></a>COMP_LPCOMP_IRQHandler</STRONG> (Thumb, 0 bytes, Stack size 0 bytes, arm_startup_nrf52840.o(.text))
<BR>[Address Reference Count : 1]<UL><LI> arm_startup_nrf52840.o(RESET)
</UL>
<P><STRONG><a name="[46]"></a>CRYPTOCELL_IRQHandler</STRONG> (Thumb, 0 bytes, Stack size 0 bytes, arm_startup_nrf52840.o(.text))
<BR>[Address Reference Count : 1]<UL><LI> arm_startup_nrf52840.o(RESET)
</UL>
<P><STRONG><a name="[2c]"></a>ECB_IRQHandler</STRONG> (Thumb, 0 bytes, Stack size 0 bytes, arm_startup_nrf52840.o(.text))
<BR>[Address Reference Count : 1]<UL><LI> arm_startup_nrf52840.o(RESET)
</UL>
<P><STRONG><a name="[42]"></a>FPU_IRQHandler</STRONG> (Thumb, 0 bytes, Stack size 0 bytes, arm_startup_nrf52840.o(.text))
<BR>[Address Reference Count : 1]<UL><LI> arm_startup_nrf52840.o(RESET)
</UL>
<P><STRONG><a name="[24]"></a>GPIOTE_IRQHandler</STRONG> (Thumb, 0 bytes, Stack size 0 bytes, arm_startup_nrf52840.o(.text))
<BR>[Address Reference Count : 1]<UL><LI> arm_startup_nrf52840.o(RESET)
</UL>
<P><STRONG><a name="[41]"></a>I2S_IRQHandler</STRONG> (Thumb, 0 bytes, Stack size 0 bytes, arm_startup_nrf52840.o(.text))
<BR>[Address Reference Count : 1]<UL><LI> arm_startup_nrf52840.o(RESET)
</UL>
<P><STRONG><a name="[3c]"></a>MWU_IRQHandler</STRONG> (Thumb, 0 bytes, Stack size 0 bytes, arm_startup_nrf52840.o(.text))
<BR>[Address Reference Count : 1]<UL><LI> arm_startup_nrf52840.o(RESET)
</UL>
<P><STRONG><a name="[23]"></a>NFCT_IRQHandler</STRONG> (Thumb, 0 bytes, Stack size 0 bytes, arm_startup_nrf52840.o(.text))
<BR>[Address Reference Count : 1]<UL><LI> arm_startup_nrf52840.o(RESET)
</UL>
<P><STRONG><a name="[3b]"></a>PDM_IRQHandler</STRONG> (Thumb, 0 bytes, Stack size 0 bytes, arm_startup_nrf52840.o(.text))
<BR>[Address Reference Count : 1]<UL><LI> arm_startup_nrf52840.o(RESET)
</UL>
<P><STRONG><a name="[1e]"></a>POWER_CLOCK_IRQHandler</STRONG> (Thumb, 0 bytes, Stack size 0 bytes, arm_startup_nrf52840.o(.text))
<BR>[Address Reference Count : 1]<UL><LI> arm_startup_nrf52840.o(RESET)
</UL>
<P><STRONG><a name="[3a]"></a>PWM0_IRQHandler</STRONG> (Thumb, 0 bytes, Stack size 0 bytes, arm_startup_nrf52840.o(.text))
<BR>[Address Reference Count : 1]<UL><LI> arm_startup_nrf52840.o(RESET)
</UL>
<P><STRONG><a name="[3d]"></a>PWM1_IRQHandler</STRONG> (Thumb, 0 bytes, Stack size 0 bytes, arm_startup_nrf52840.o(.text))
<BR>[Address Reference Count : 1]<UL><LI> arm_startup_nrf52840.o(RESET)
</UL>
<P><STRONG><a name="[3e]"></a>PWM2_IRQHandler</STRONG> (Thumb, 0 bytes, Stack size 0 bytes, arm_startup_nrf52840.o(.text))
<BR>[Address Reference Count : 1]<UL><LI> arm_startup_nrf52840.o(RESET)
</UL>
<P><STRONG><a name="[47]"></a>PWM3_IRQHandler</STRONG> (Thumb, 0 bytes, Stack size 0 bytes, arm_startup_nrf52840.o(.text))
<BR>[Address Reference Count : 1]<UL><LI> arm_startup_nrf52840.o(RESET)
</UL>
<P><STRONG><a name="[30]"></a>QDEC_IRQHandler</STRONG> (Thumb, 0 bytes, Stack size 0 bytes, arm_startup_nrf52840.o(.text))
<BR>[Address Reference Count : 1]<UL><LI> arm_startup_nrf52840.o(RESET)
</UL>
<P><STRONG><a name="[45]"></a>QSPI_IRQHandler</STRONG> (Thumb, 0 bytes, Stack size 0 bytes, arm_startup_nrf52840.o(.text))
<BR>[Address Reference Count : 1]<UL><LI> arm_startup_nrf52840.o(RESET)
</UL>
<P><STRONG><a name="[1f]"></a>RADIO_IRQHandler</STRONG> (Thumb, 0 bytes, Stack size 0 bytes, arm_startup_nrf52840.o(.text))
<BR>[Address Reference Count : 1]<UL><LI> arm_startup_nrf52840.o(RESET)
</UL>
<P><STRONG><a name="[2b]"></a>RNG_IRQHandler</STRONG> (Thumb, 0 bytes, Stack size 0 bytes, arm_startup_nrf52840.o(.text))
<BR>[Address Reference Count : 1]<UL><LI> arm_startup_nrf52840.o(RESET)
</UL>
<P><STRONG><a name="[29]"></a>RTC0_IRQHandler</STRONG> (Thumb, 0 bytes, Stack size 0 bytes, arm_startup_nrf52840.o(.text))
<BR>[Address Reference Count : 1]<UL><LI> arm_startup_nrf52840.o(RESET)
</UL>
<P><STRONG><a name="[2f]"></a>RTC1_IRQHandler</STRONG> (Thumb, 0 bytes, Stack size 0 bytes, arm_startup_nrf52840.o(.text))
<BR>[Address Reference Count : 1]<UL><LI> arm_startup_nrf52840.o(RESET)
</UL>
<P><STRONG><a name="[40]"></a>RTC2_IRQHandler</STRONG> (Thumb, 0 bytes, Stack size 0 bytes, arm_startup_nrf52840.o(.text))
<BR>[Address Reference Count : 1]<UL><LI> arm_startup_nrf52840.o(RESET)
</UL>
<P><STRONG><a name="[25]"></a>SAADC_IRQHandler</STRONG> (Thumb, 0 bytes, Stack size 0 bytes, arm_startup_nrf52840.o(.text))
<BR>[Address Reference Count : 1]<UL><LI> arm_startup_nrf52840.o(RESET)
</UL>
<P><STRONG><a name="[21]"></a>SPIM0_SPIS0_TWIM0_TWIS0_SPI0_TWI0_IRQHandler</STRONG> (Thumb, 0 bytes, Stack size 0 bytes, arm_startup_nrf52840.o(.text))
<BR>[Address Reference Count : 1]<UL><LI> arm_startup_nrf52840.o(RESET)
</UL>
<P><STRONG><a name="[22]"></a>SPIM1_SPIS1_TWIM1_TWIS1_SPI1_TWI1_IRQHandler</STRONG> (Thumb, 0 bytes, Stack size 0 bytes, arm_startup_nrf52840.o(.text))
<BR>[Address Reference Count : 1]<UL><LI> arm_startup_nrf52840.o(RESET)
</UL>
<P><STRONG><a name="[3f]"></a>SPIM2_SPIS2_SPI2_IRQHandler</STRONG> (Thumb, 0 bytes, Stack size 0 bytes, arm_startup_nrf52840.o(.text))
<BR>[Address Reference Count : 1]<UL><LI> arm_startup_nrf52840.o(RESET)
</UL>
<P><STRONG><a name="[48]"></a>SPIM3_IRQHandler</STRONG> (Thumb, 0 bytes, Stack size 0 bytes, arm_startup_nrf52840.o(.text))
<BR>[Address Reference Count : 1]<UL><LI> arm_startup_nrf52840.o(RESET)
</UL>
<P><STRONG><a name="[32]"></a>SWI0_EGU0_IRQHandler</STRONG> (Thumb, 0 bytes, Stack size 0 bytes, arm_startup_nrf52840.o(.text))
<BR>[Address Reference Count : 1]<UL><LI> arm_startup_nrf52840.o(RESET)
</UL>
<P><STRONG><a name="[33]"></a>SWI1_EGU1_IRQHandler</STRONG> (Thumb, 0 bytes, Stack size 0 bytes, arm_startup_nrf52840.o(.text))
<BR>[Address Reference Count : 1]<UL><LI> arm_startup_nrf52840.o(RESET)
</UL>
<P><STRONG><a name="[34]"></a>SWI2_EGU2_IRQHandler</STRONG> (Thumb, 0 bytes, Stack size 0 bytes, arm_startup_nrf52840.o(.text))
<BR>[Address Reference Count : 1]<UL><LI> arm_startup_nrf52840.o(RESET)
</UL>
<P><STRONG><a name="[35]"></a>SWI3_EGU3_IRQHandler</STRONG> (Thumb, 0 bytes, Stack size 0 bytes, arm_startup_nrf52840.o(.text))
<BR>[Address Reference Count : 1]<UL><LI> arm_startup_nrf52840.o(RESET)
</UL>
<P><STRONG><a name="[36]"></a>SWI4_EGU4_IRQHandler</STRONG> (Thumb, 0 bytes, Stack size 0 bytes, arm_startup_nrf52840.o(.text))
<BR>[Address Reference Count : 1]<UL><LI> arm_startup_nrf52840.o(RESET)
</UL>
<P><STRONG><a name="[37]"></a>SWI5_EGU5_IRQHandler</STRONG> (Thumb, 0 bytes, Stack size 0 bytes, arm_startup_nrf52840.o(.text))
<BR>[Address Reference Count : 1]<UL><LI> arm_startup_nrf52840.o(RESET)
</UL>
<P><STRONG><a name="[2a]"></a>TEMP_IRQHandler</STRONG> (Thumb, 0 bytes, Stack size 0 bytes, arm_startup_nrf52840.o(.text))
<BR>[Address Reference Count : 1]<UL><LI> arm_startup_nrf52840.o(RESET)
</UL>
<P><STRONG><a name="[26]"></a>TIMER0_IRQHandler</STRONG> (Thumb, 0 bytes, Stack size 0 bytes, arm_startup_nrf52840.o(.text))
<BR>[Address Reference Count : 1]<UL><LI> arm_startup_nrf52840.o(RESET)
</UL>
<P><STRONG><a name="[27]"></a>TIMER1_IRQHandler</STRONG> (Thumb, 0 bytes, Stack size 0 bytes, arm_startup_nrf52840.o(.text))
<BR>[Address Reference Count : 1]<UL><LI> arm_startup_nrf52840.o(RESET)
</UL>
<P><STRONG><a name="[28]"></a>TIMER2_IRQHandler</STRONG> (Thumb, 0 bytes, Stack size 0 bytes, arm_startup_nrf52840.o(.text))
<BR>[Address Reference Count : 1]<UL><LI> arm_startup_nrf52840.o(RESET)
</UL>
<P><STRONG><a name="[38]"></a>TIMER3_IRQHandler</STRONG> (Thumb, 0 bytes, Stack size 0 bytes, arm_startup_nrf52840.o(.text))
<BR>[Address Reference Count : 1]<UL><LI> arm_startup_nrf52840.o(RESET)
</UL>
<P><STRONG><a name="[39]"></a>TIMER4_IRQHandler</STRONG> (Thumb, 0 bytes, Stack size 0 bytes, arm_startup_nrf52840.o(.text))
<BR>[Address Reference Count : 1]<UL><LI> arm_startup_nrf52840.o(RESET)
</UL>
<P><STRONG><a name="[44]"></a>UARTE1_IRQHandler</STRONG> (Thumb, 0 bytes, Stack size 0 bytes, arm_startup_nrf52840.o(.text))
<BR>[Address Reference Count : 1]<UL><LI> arm_startup_nrf52840.o(RESET)
</UL>
<P><STRONG><a name="[43]"></a>USBD_IRQHandler</STRONG> (Thumb, 0 bytes, Stack size 0 bytes, arm_startup_nrf52840.o(.text))
<BR>[Address Reference Count : 1]<UL><LI> arm_startup_nrf52840.o(RESET)
</UL>
<P><STRONG><a name="[2e]"></a>WDT_IRQHandler</STRONG> (Thumb, 0 bytes, Stack size 0 bytes, arm_startup_nrf52840.o(.text))
<BR>[Address Reference Count : 1]<UL><LI> arm_startup_nrf52840.o(RESET)
</UL>
<P><STRONG><a name="[6f]"></a>__aeabi_uldivmod</STRONG> (Thumb, 98 bytes, Stack size 40 bytes, uldiv.o(.text))
<BR><BR>[Stack]<UL><LI>Max Depth = 40<LI>Call Chain = __aeabi_uldivmod
</UL>
<BR>[Calls]<UL><LI><a href="#[70]">&gt;&gt;</a>&nbsp;&nbsp;&nbsp;__aeabi_llsr
<LI><a href="#[71]">&gt;&gt;</a>&nbsp;&nbsp;&nbsp;__aeabi_llsl
</UL>
<BR>[Called By]<UL><LI><a href="#[111]">&gt;&gt;</a>&nbsp;&nbsp;&nbsp;ebpf_vm_exec
<LI><a href="#[8b]">&gt;&gt;</a>&nbsp;&nbsp;&nbsp;_printf_core
<LI><a href="#[aa]">&gt;&gt;</a>&nbsp;&nbsp;&nbsp;_fp_digits
</UL>

<P><STRONG><a name="[71]"></a>__aeabi_llsl</STRONG> (Thumb, 30 bytes, Stack size 0 bytes, llshl.o(.text))
<BR><BR>[Called By]<UL><LI><a href="#[111]">&gt;&gt;</a>&nbsp;&nbsp;&nbsp;ebpf_vm_exec
<LI><a href="#[79]">&gt;&gt;</a>&nbsp;&nbsp;&nbsp;_double_epilogue
<LI><a href="#[77]">&gt;&gt;</a>&nbsp;&nbsp;&nbsp;__aeabi_dadd
<LI><a href="#[7f]">&gt;&gt;</a>&nbsp;&nbsp;&nbsp;__aeabi_d2ulz
<LI><a href="#[6f]">&gt;&gt;</a>&nbsp;&nbsp;&nbsp;__aeabi_uldivmod
</UL>

<P><STRONG><a name="[1ae]"></a>_ll_shift_l</STRONG> (Thumb, 0 bytes, Stack size 0 bytes, llshl.o(.text), UNUSED)

<P><STRONG><a name="[70]"></a>__aeabi_llsr</STRONG> (Thumb, 32 bytes, Stack size 0 bytes, llushr.o(.text))
<BR><BR>[Called By]<UL><LI><a href="#[111]">&gt;&gt;</a>&nbsp;&nbsp;&nbsp;ebpf_vm_exec
<LI><a href="#[79]">&gt;&gt;</a>&nbsp;&nbsp;&nbsp;_double_epilogue
<LI><a href="#[7f]">&gt;&gt;</a>&nbsp;&nbsp;&nbsp;__aeabi_d2ulz
<LI><a href="#[6f]">&gt;&gt;</a>&nbsp;&nbsp;&nbsp;__aeabi_uldivmod
</UL>

<P><STRONG><a name="[1af]"></a>_ll_ushift_r</STRONG> (Thumb, 0 bytes, Stack size 0 bytes, llushr.o(.text), UNUSED)

<P><STRONG><a name="[78]"></a>__aeabi_lasr</STRONG> (Thumb, 36 bytes, Stack size 0 bytes, llsshr.o(.text))
<BR><BR>[Called By]<UL><LI><a href="#[111]">&gt;&gt;</a>&nbsp;&nbsp;&nbsp;ebpf_vm_exec
<LI><a href="#[77]">&gt;&gt;</a>&nbsp;&nbsp;&nbsp;__aeabi_dadd
</UL>

<P><STRONG><a name="[1b0]"></a>_ll_sshift_r</STRONG> (Thumb, 0 bytes, Stack size 0 bytes, llsshr.o(.text), UNUSED)

<P><STRONG><a name="[16e]"></a>__rt_ctype_table</STRONG> (Thumb, 4 bytes, Stack size 0 bytes, ctype_o.o(.text))
<BR><BR>[Called By]<UL><LI><a href="#[165]">&gt;&gt;</a>&nbsp;&nbsp;&nbsp;nrf_log_hexdump_entry_process
</UL>

<P><STRONG><a name="[89]"></a>__aeabi_memcpy</STRONG> (Thumb, 36 bytes, Stack size 0 bytes, memcpya.o(.text))
<BR><BR>[Called By]<UL><LI><a href="#[144]">&gt;&gt;</a>&nbsp;&nbsp;&nbsp;memobj_op
<LI><a href="#[86]">&gt;&gt;</a>&nbsp;&nbsp;&nbsp;_WriteNoCheck
<LI><a href="#[87]">&gt;&gt;</a>&nbsp;&nbsp;&nbsp;_WriteBlocking
<LI><a href="#[e0]">&gt;&gt;</a>&nbsp;&nbsp;&nbsp;ebpf_realloc
<LI><a href="#[8f]">&gt;&gt;</a>&nbsp;&nbsp;&nbsp;emit2
</UL>

<P><STRONG><a name="[b9]"></a>__aeabi_memcpy4</STRONG> (Thumb, 0 bytes, Stack size 0 bytes, memcpya.o(.text))
<BR><BR>[Called By]<UL><LI><a href="#[c9]">&gt;&gt;</a>&nbsp;&nbsp;&nbsp;nrf_drv_uart_init
<LI><a href="#[c7]">&gt;&gt;</a>&nbsp;&nbsp;&nbsp;app_uart_init
<LI><a href="#[13e]">&gt;&gt;</a>&nbsp;&nbsp;&nbsp;uart_config
<LI><a href="#[19a]">&gt;&gt;</a>&nbsp;&nbsp;&nbsp;test_freertos_cve
<LI><a href="#[b8]">&gt;&gt;</a>&nbsp;&nbsp;&nbsp;add_fpb_bkpt
<LI><a href="#[10]">&gt;&gt;</a>&nbsp;&nbsp;&nbsp;test_ebpf_c9
<LI><a href="#[9]">&gt;&gt;</a>&nbsp;&nbsp;&nbsp;test_ebpf_c2
<LI><a href="#[12]">&gt;&gt;</a>&nbsp;&nbsp;&nbsp;test_ebpf_c11
</UL>

<P><STRONG><a name="[1b1]"></a>__aeabi_memcpy8</STRONG> (Thumb, 0 bytes, Stack size 0 bytes, memcpya.o(.text), UNUSED)

<P><STRONG><a name="[73]"></a>__aeabi_memset</STRONG> (Thumb, 14 bytes, Stack size 0 bytes, memseta.o(.text))
<BR><BR>[Called By]<UL><LI><a href="#[74]">&gt;&gt;</a>&nbsp;&nbsp;&nbsp;_memset$wrapper
<LI><a href="#[72]">&gt;&gt;</a>&nbsp;&nbsp;&nbsp;__aeabi_memclr
</UL>

<P><STRONG><a name="[1b2]"></a>__aeabi_memset4</STRONG> (Thumb, 0 bytes, Stack size 0 bytes, memseta.o(.text), UNUSED)

<P><STRONG><a name="[1b3]"></a>__aeabi_memset8</STRONG> (Thumb, 0 bytes, Stack size 0 bytes, memseta.o(.text), UNUSED)

<P><STRONG><a name="[72]"></a>__aeabi_memclr</STRONG> (Thumb, 4 bytes, Stack size 0 bytes, memseta.o(.text))
<BR><BR>[Calls]<UL><LI><a href="#[73]">&gt;&gt;</a>&nbsp;&nbsp;&nbsp;__aeabi_memset
</UL>
<BR>[Called By]<UL><LI><a href="#[106]">&gt;&gt;</a>&nbsp;&nbsp;&nbsp;log_print_porting
</UL>

<P><STRONG><a name="[11b]"></a>__aeabi_memclr4</STRONG> (Thumb, 0 bytes, Stack size 0 bytes, memseta.o(.text))
<BR><BR>[Called By]<UL><LI><a href="#[13f]">&gt;&gt;</a>&nbsp;&nbsp;&nbsp;run_shell_cli
<LI><a href="#[161]">&gt;&gt;</a>&nbsp;&nbsp;&nbsp;nrf_log_backend_serial_put
<LI><a href="#[12d]">&gt;&gt;</a>&nbsp;&nbsp;&nbsp;init_patch_sys
<LI><a href="#[192]">&gt;&gt;</a>&nbsp;&nbsp;&nbsp;set_patch_mode
<LI><a href="#[191]">&gt;&gt;</a>&nbsp;&nbsp;&nbsp;shell_process
<LI><a href="#[10f]">&gt;&gt;</a>&nbsp;&nbsp;&nbsp;ebpf_vm_set_inst
<LI><a href="#[10]">&gt;&gt;</a>&nbsp;&nbsp;&nbsp;test_ebpf_c9
<LI><a href="#[e]">&gt;&gt;</a>&nbsp;&nbsp;&nbsp;test_ebpf_c7
<LI><a href="#[d]">&gt;&gt;</a>&nbsp;&nbsp;&nbsp;test_ebpf_c6
<LI><a href="#[c]">&gt;&gt;</a>&nbsp;&nbsp;&nbsp;test_ebpf_c5
<LI><a href="#[a]">&gt;&gt;</a>&nbsp;&nbsp;&nbsp;test_ebpf_c3
<LI><a href="#[13]">&gt;&gt;</a>&nbsp;&nbsp;&nbsp;test_ebpf_c12
<LI><a href="#[12]">&gt;&gt;</a>&nbsp;&nbsp;&nbsp;test_ebpf_c11
<LI><a href="#[127]">&gt;&gt;</a>&nbsp;&nbsp;&nbsp;jit_mem_allocate
</UL>

<P><STRONG><a name="[1b4]"></a>__aeabi_memclr8</STRONG> (Thumb, 0 bytes, Stack size 0 bytes, memseta.o(.text), UNUSED)

<P><STRONG><a name="[74]"></a>_memset$wrapper</STRONG> (Thumb, 18 bytes, Stack size 8 bytes, memseta.o(.text), UNUSED)
<BR><BR>[Calls]<UL><LI><a href="#[73]">&gt;&gt;</a>&nbsp;&nbsp;&nbsp;__aeabi_memset
</UL>

<P><STRONG><a name="[159]"></a>strlen</STRONG> (Thumb, 14 bytes, Stack size 0 bytes, strlen.o(.text))
<BR><BR>[Called By]<UL><LI><a href="#[158]">&gt;&gt;</a>&nbsp;&nbsp;&nbsp;nrf_fprintf_fmt
</UL>

<P><STRONG><a name="[194]"></a>strcmp</STRONG> (Thumb, 28 bytes, Stack size 8 bytes, strcmp.o(.text))
<BR><BR>[Stack]<UL><LI>Max Depth = 8<LI>Call Chain = strcmp
</UL>
<BR>[Called By]<UL><LI><a href="#[193]">&gt;&gt;</a>&nbsp;&nbsp;&nbsp;shell_dispatch_cmd
</UL>

<P><STRONG><a name="[88]"></a>strcpy</STRONG> (Thumb, 18 bytes, Stack size 0 bytes, strcpy.o(.text))
<BR><BR>[Called By]<UL><LI><a href="#[83]">&gt;&gt;</a>&nbsp;&nbsp;&nbsp;_DoInit
</UL>

<P><STRONG><a name="[75]"></a>calloc</STRONG> (Thumb, 28 bytes, Stack size 8 bytes, calloc.o(.text))
<BR><BR>[Stack]<UL><LI>Max Depth = 28<LI>Call Chain = calloc &rArr; malloc
</UL>
<BR>[Calls]<UL><LI><a href="#[76]">&gt;&gt;</a>&nbsp;&nbsp;&nbsp;malloc
</UL>
<BR>[Called By]<UL><LI><a href="#[10d]">&gt;&gt;</a>&nbsp;&nbsp;&nbsp;ebpf_calloc
</UL>

<P><STRONG><a name="[187]"></a>__aeabi_f2d</STRONG> (Thumb, 38 bytes, Stack size 0 bytes, f2d.o(.text))
<BR><BR>[Called By]<UL><LI><a href="#[114]">&gt;&gt;</a>&nbsp;&nbsp;&nbsp;profile_dump
</UL>

<P><STRONG><a name="[1b5]"></a>__aeabi_uidiv</STRONG> (Thumb, 0 bytes, Stack size 12 bytes, uidiv.o(.text), UNUSED)

<P><STRONG><a name="[ae]"></a>__aeabi_uidivmod</STRONG> (Thumb, 44 bytes, Stack size 12 bytes, uidiv.o(.text), UNUSED)
<BR><BR>[Called By]<UL><LI><a href="#[8b]">&gt;&gt;</a>&nbsp;&nbsp;&nbsp;_printf_core
</UL>

<P><STRONG><a name="[1b6]"></a>__I$use$fp</STRONG> (Thumb, 0 bytes, Stack size 48 bytes, iusefp.o(.text), UNUSED)

<P><STRONG><a name="[77]"></a>__aeabi_dadd</STRONG> (Thumb, 322 bytes, Stack size 48 bytes, dadd.o(.text), UNUSED)
<BR><BR>[Calls]<UL><LI><a href="#[7a]">&gt;&gt;</a>&nbsp;&nbsp;&nbsp;_double_round
<LI><a href="#[79]">&gt;&gt;</a>&nbsp;&nbsp;&nbsp;_double_epilogue
<LI><a href="#[78]">&gt;&gt;</a>&nbsp;&nbsp;&nbsp;__aeabi_lasr
<LI><a href="#[71]">&gt;&gt;</a>&nbsp;&nbsp;&nbsp;__aeabi_llsl
</UL>
<BR>[Called By]<UL><LI><a href="#[7c]">&gt;&gt;</a>&nbsp;&nbsp;&nbsp;__aeabi_drsub
<LI><a href="#[7b]">&gt;&gt;</a>&nbsp;&nbsp;&nbsp;__aeabi_dsub
<LI><a href="#[aa]">&gt;&gt;</a>&nbsp;&nbsp;&nbsp;_fp_digits
</UL>

<P><STRONG><a name="[7b]"></a>__aeabi_dsub</STRONG> (Thumb, 6 bytes, Stack size 0 bytes, dadd.o(.text), UNUSED)
<BR><BR>[Calls]<UL><LI><a href="#[77]">&gt;&gt;</a>&nbsp;&nbsp;&nbsp;__aeabi_dadd
</UL>

<P><STRONG><a name="[7c]"></a>__aeabi_drsub</STRONG> (Thumb, 6 bytes, Stack size 0 bytes, dadd.o(.text), UNUSED)
<BR><BR>[Calls]<UL><LI><a href="#[77]">&gt;&gt;</a>&nbsp;&nbsp;&nbsp;__aeabi_dadd
</UL>

<P><STRONG><a name="[7d]"></a>__aeabi_dmul</STRONG> (Thumb, 228 bytes, Stack size 48 bytes, dmul.o(.text), UNUSED)
<BR><BR>[Calls]<UL><LI><a href="#[79]">&gt;&gt;</a>&nbsp;&nbsp;&nbsp;_double_epilogue
</UL>
<BR>[Called By]<UL><LI><a href="#[aa]">&gt;&gt;</a>&nbsp;&nbsp;&nbsp;_fp_digits
</UL>

<P><STRONG><a name="[7e]"></a>__aeabi_ddiv</STRONG> (Thumb, 222 bytes, Stack size 32 bytes, ddiv.o(.text), UNUSED)
<BR><BR>[Calls]<UL><LI><a href="#[7a]">&gt;&gt;</a>&nbsp;&nbsp;&nbsp;_double_round
</UL>
<BR>[Called By]<UL><LI><a href="#[aa]">&gt;&gt;</a>&nbsp;&nbsp;&nbsp;_fp_digits
</UL>

<P><STRONG><a name="[7f]"></a>__aeabi_d2ulz</STRONG> (Thumb, 48 bytes, Stack size 0 bytes, dfixul.o(.text), UNUSED)
<BR><BR>[Calls]<UL><LI><a href="#[70]">&gt;&gt;</a>&nbsp;&nbsp;&nbsp;__aeabi_llsr
<LI><a href="#[71]">&gt;&gt;</a>&nbsp;&nbsp;&nbsp;__aeabi_llsl
</UL>
<BR>[Called By]<UL><LI><a href="#[aa]">&gt;&gt;</a>&nbsp;&nbsp;&nbsp;_fp_digits
</UL>

<P><STRONG><a name="[ab]"></a>__aeabi_cdrcmple</STRONG> (Thumb, 48 bytes, Stack size 0 bytes, cdrcmple.o(.text), UNUSED)
<BR><BR>[Called By]<UL><LI><a href="#[aa]">&gt;&gt;</a>&nbsp;&nbsp;&nbsp;_fp_digits
</UL>

<P><STRONG><a name="[67]"></a>__scatterload</STRONG> (Thumb, 28 bytes, Stack size 0 bytes, init.o(.text))
<BR><BR>[Calls]<UL><LI><a href="#[80]">&gt;&gt;</a>&nbsp;&nbsp;&nbsp;__main_after_scatterload
</UL>
<BR>[Called By]<UL><LI><a href="#[66]">&gt;&gt;</a>&nbsp;&nbsp;&nbsp;_main_scatterload
</UL>

<P><STRONG><a name="[1b7]"></a>__scatterload_rt2</STRONG> (Thumb, 0 bytes, Stack size 0 bytes, init.o(.text), UNUSED)

<P><STRONG><a name="[7a]"></a>_double_round</STRONG> (Thumb, 30 bytes, Stack size 8 bytes, depilogue.o(.text), UNUSED)
<BR><BR>[Called By]<UL><LI><a href="#[79]">&gt;&gt;</a>&nbsp;&nbsp;&nbsp;_double_epilogue
<LI><a href="#[7e]">&gt;&gt;</a>&nbsp;&nbsp;&nbsp;__aeabi_ddiv
<LI><a href="#[77]">&gt;&gt;</a>&nbsp;&nbsp;&nbsp;__aeabi_dadd
</UL>

<P><STRONG><a name="[79]"></a>_double_epilogue</STRONG> (Thumb, 156 bytes, Stack size 32 bytes, depilogue.o(.text), UNUSED)
<BR><BR>[Calls]<UL><LI><a href="#[7a]">&gt;&gt;</a>&nbsp;&nbsp;&nbsp;_double_round
<LI><a href="#[70]">&gt;&gt;</a>&nbsp;&nbsp;&nbsp;__aeabi_llsr
<LI><a href="#[71]">&gt;&gt;</a>&nbsp;&nbsp;&nbsp;__aeabi_llsl
</UL>
<BR>[Called By]<UL><LI><a href="#[7d]">&gt;&gt;</a>&nbsp;&nbsp;&nbsp;__aeabi_dmul
<LI><a href="#[77]">&gt;&gt;</a>&nbsp;&nbsp;&nbsp;__aeabi_dadd
</UL>

<P><STRONG><a name="[1b8]"></a>__decompress</STRONG> (Thumb, 0 bytes, Stack size unknown bytes, __dclz77c.o(.text), UNUSED)

<P><STRONG><a name="[1b9]"></a>__decompress2</STRONG> (Thumb, 94 bytes, Stack size unknown bytes, __dclz77c.o(.text), UNUSED)

<P><STRONG><a name="[82]"></a>SEGGER_RTT_Init</STRONG> (Thumb, 4 bytes, Stack size 0 bytes, segger_rtt.o(i.SEGGER_RTT_Init))
<BR><BR>[Stack]<UL><LI>Max Depth = 8<LI>Call Chain = SEGGER_RTT_Init &rArr; _DoInit
</UL>
<BR>[Calls]<UL><LI><a href="#[83]">&gt;&gt;</a>&nbsp;&nbsp;&nbsp;_DoInit
</UL>
<BR>[Called By]<UL><LI><a href="#[160]">&gt;&gt;</a>&nbsp;&nbsp;&nbsp;nrf_log_backend_rtt_init
</UL>

<P><STRONG><a name="[84]"></a>SEGGER_RTT_WriteNoLock</STRONG> (Thumb, 86 bytes, Stack size 16 bytes, segger_rtt.o(i.SEGGER_RTT_WriteNoLock))
<BR><BR>[Stack]<UL><LI>Max Depth = 48<LI>Call Chain = SEGGER_RTT_WriteNoLock &rArr; _WriteBlocking
</UL>
<BR>[Calls]<UL><LI><a href="#[86]">&gt;&gt;</a>&nbsp;&nbsp;&nbsp;_WriteNoCheck
<LI><a href="#[87]">&gt;&gt;</a>&nbsp;&nbsp;&nbsp;_WriteBlocking
<LI><a href="#[85]">&gt;&gt;</a>&nbsp;&nbsp;&nbsp;_GetAvailWriteSpace
</UL>
<BR>[Called By]<UL><LI><a href="#[55]">&gt;&gt;</a>&nbsp;&nbsp;&nbsp;serial_tx
</UL>

<P><STRONG><a name="[4a]"></a>SystemInit</STRONG> (Thumb, 424 bytes, Stack size 12 bytes, system_nrf52840.o(i.SystemInit))
<BR><BR>[Stack]<UL><LI>Max Depth = 12<LI>Call Chain = SystemInit
</UL>
<BR>[Address Reference Count : 1]<UL><LI> arm_startup_nrf52840.o(.text)
</UL>
<P><STRONG><a name="[20]"></a>UARTE0_UART0_IRQHandler</STRONG> (Thumb, 6 bytes, Stack size 0 bytes, nrfx_prs.o(i.UARTE0_UART0_IRQHandler))
<BR>[Address Reference Count : 1]<UL><LI> arm_startup_nrf52840.o(RESET)
</UL>
<P><STRONG><a name="[8a]"></a>__0vsnprintf</STRONG> (Thumb, 40 bytes, Stack size 24 bytes, printfa.o(i.__0vsnprintf), UNUSED)
<BR><BR>[Calls]<UL><LI><a href="#[8b]">&gt;&gt;</a>&nbsp;&nbsp;&nbsp;_printf_core
</UL>

<P><STRONG><a name="[1ba]"></a>__1vsnprintf</STRONG> (Thumb, 0 bytes, Stack size 24 bytes, printfa.o(i.__0vsnprintf), UNUSED)

<P><STRONG><a name="[1bb]"></a>__2vsnprintf</STRONG> (Thumb, 0 bytes, Stack size 24 bytes, printfa.o(i.__0vsnprintf), UNUSED)

<P><STRONG><a name="[1bc]"></a>__c89vsnprintf</STRONG> (Thumb, 0 bytes, Stack size 24 bytes, printfa.o(i.__0vsnprintf), UNUSED)

<P><STRONG><a name="[137]"></a>vsnprintf</STRONG> (Thumb, 0 bytes, Stack size 24 bytes, printfa.o(i.__0vsnprintf))
<BR><BR>[Stack]<UL><LI>Max Depth = 24<LI>Call Chain = vsnprintf
</UL>
<BR>[Called By]<UL><LI><a href="#[106]">&gt;&gt;</a>&nbsp;&nbsp;&nbsp;log_print_porting
<LI><a href="#[105]">&gt;&gt;</a>&nbsp;&nbsp;&nbsp;shell_printf
</UL>

<P><STRONG><a name="[1bd]"></a>__scatterload_copy</STRONG> (Thumb, 14 bytes, Stack size unknown bytes, handlers.o(i.__scatterload_copy), UNUSED)

<P><STRONG><a name="[1be]"></a>__scatterload_null</STRONG> (Thumb, 2 bytes, Stack size unknown bytes, handlers.o(i.__scatterload_null), UNUSED)

<P><STRONG><a name="[1bf]"></a>__scatterload_zeroinit</STRONG> (Thumb, 14 bytes, Stack size unknown bytes, handlers.o(i.__scatterload_zeroinit), UNUSED)

<P><STRONG><a name="[9d]"></a>_emit_lsh64_imm</STRONG> (Thumb, 212 bytes, Stack size 32 bytes, jit_thumb2.o(i._emit_lsh64_imm))
<BR><BR>[Stack]<UL><LI>Max Depth = 120<LI>Call Chain = _emit_lsh64_imm &rArr; arm_bpf_put_reg64 &rArr; emit_a32_mov_reg &rArr; arm_bpf_put_reg32 &rArr; _emit_str_i &rArr; emit4 &rArr; emit2
</UL>
<BR>[Calls]<UL><LI><a href="#[8d]">&gt;&gt;</a>&nbsp;&nbsp;&nbsp;emit4
<LI><a href="#[8f]">&gt;&gt;</a>&nbsp;&nbsp;&nbsp;emit2
<LI><a href="#[a0]">&gt;&gt;</a>&nbsp;&nbsp;&nbsp;arm_bpf_put_reg64
<LI><a href="#[9e]">&gt;&gt;</a>&nbsp;&nbsp;&nbsp;arm_bpf_get_reg64
<LI><a href="#[9f]">&gt;&gt;</a>&nbsp;&nbsp;&nbsp;_emit_mov_reg
</UL>
<BR>[Called By]<UL><LI><a href="#[ec]">&gt;&gt;</a>&nbsp;&nbsp;&nbsp;build_inst
</UL>

<P><STRONG><a name="[a1]"></a>_emit_lsh64_reg</STRONG> (Thumb, 236 bytes, Stack size 40 bytes, jit_thumb2.o(i._emit_lsh64_reg))
<BR><BR>[Stack]<UL><LI>Max Depth = 96<LI>Call Chain = _emit_lsh64_reg &rArr; arm_bpf_put_reg32 &rArr; _emit_str_i &rArr; emit4 &rArr; emit2
</UL>
<BR>[Calls]<UL><LI><a href="#[8d]">&gt;&gt;</a>&nbsp;&nbsp;&nbsp;emit4
<LI><a href="#[a3]">&gt;&gt;</a>&nbsp;&nbsp;&nbsp;arm_bpf_put_reg32
<LI><a href="#[9e]">&gt;&gt;</a>&nbsp;&nbsp;&nbsp;arm_bpf_get_reg64
<LI><a href="#[a2]">&gt;&gt;</a>&nbsp;&nbsp;&nbsp;arm_bpf_get_reg32
</UL>
<BR>[Called By]<UL><LI><a href="#[ec]">&gt;&gt;</a>&nbsp;&nbsp;&nbsp;build_inst
</UL>

<P><STRONG><a name="[b1]"></a>add_hw_bkpt</STRONG> (Thumb, 124 bytes, Stack size 16 bytes, cortex-m4_fbp.o(i.add_hw_bkpt))
<BR><BR>[Stack]<UL><LI>Max Depth = 208<LI>Call Chain = add_hw_bkpt &rArr; add_fpb_bkpt &rArr; debug_log &rArr; log_print_porting &rArr; shell_put_char &rArr; app_uart_put &rArr; nrf_drv_uart_tx &rArr; nrfx_uart_tx &rArr; tx_byte &rArr; nrf_uart_event_clear
</UL>
<BR>[Calls]<UL><LI><a href="#[81]">&gt;&gt;</a>&nbsp;&nbsp;&nbsp;debug_log
<LI><a href="#[b8]">&gt;&gt;</a>&nbsp;&nbsp;&nbsp;add_fpb_bkpt
</UL>
<BR>[Called By]<UL><LI><a href="#[af]">&gt;&gt;</a>&nbsp;&nbsp;&nbsp;active_patch
</UL>

<P><STRONG><a name="[bc]"></a>app_error_fault_handler</STRONG> (Thumb, 84 bytes, Stack size 0 bytes, app_error_weak.o(i.app_error_fault_handler))
<BR><BR>[Stack]<UL><LI>Max Depth = 152<LI>Call Chain = app_error_fault_handler &rArr; nrf_log_frontend_std_0 &rArr; std_n &rArr; nrf_log_frontend_dequeue &rArr;  nrf_log_frontend_std_0 (Cycle)
</UL>
<BR>[Calls]<UL><LI><a href="#[bf]">&gt;&gt;</a>&nbsp;&nbsp;&nbsp;nrf_log_frontend_std_0
<LI><a href="#[be]">&gt;&gt;</a>&nbsp;&nbsp;&nbsp;nrf_log_frontend_dequeue
<LI><a href="#[bd]">&gt;&gt;</a>&nbsp;&nbsp;&nbsp;nrf_log_panic
</UL>
<BR>[Called By]<UL><LI><a href="#[c0]">&gt;&gt;</a>&nbsp;&nbsp;&nbsp;app_error_handler_bare
</UL>

<P><STRONG><a name="[c0]"></a>app_error_handler_bare</STRONG> (Thumb, 22 bytes, Stack size 16 bytes, app_error.o(i.app_error_handler_bare))
<BR><BR>[Stack]<UL><LI>Max Depth = 168<LI>Call Chain = app_error_handler_bare &rArr; app_error_fault_handler &rArr; nrf_log_frontend_std_0 &rArr; std_n &rArr; nrf_log_frontend_dequeue &rArr;  nrf_log_frontend_std_0 (Cycle)
</UL>
<BR>[Calls]<UL><LI><a href="#[bc]">&gt;&gt;</a>&nbsp;&nbsp;&nbsp;app_error_fault_handler
</UL>
<BR>[Called By]<UL><LI><a href="#[5c]">&gt;&gt;</a>&nbsp;&nbsp;&nbsp;uart_error_handle
<LI><a href="#[13e]">&gt;&gt;</a>&nbsp;&nbsp;&nbsp;uart_config
<LI><a href="#[49]">&gt;&gt;</a>&nbsp;&nbsp;&nbsp;main
<LI><a href="#[c5]">&gt;&gt;</a>&nbsp;&nbsp;&nbsp;app_uart_get
</UL>

<P><STRONG><a name="[c1]"></a>app_fifo_get</STRONG> (Thumb, 22 bytes, Stack size 8 bytes, app_fifo.o(i.app_fifo_get))
<BR><BR>[Stack]<UL><LI>Max Depth = 8<LI>Call Chain = app_fifo_get
</UL>
<BR>[Calls]<UL><LI><a href="#[c2]">&gt;&gt;</a>&nbsp;&nbsp;&nbsp;fifo_get
</UL>
<BR>[Called By]<UL><LI><a href="#[ca]">&gt;&gt;</a>&nbsp;&nbsp;&nbsp;app_uart_put
<LI><a href="#[c5]">&gt;&gt;</a>&nbsp;&nbsp;&nbsp;app_uart_get
<LI><a href="#[4d]">&gt;&gt;</a>&nbsp;&nbsp;&nbsp;uart_event_handler
</UL>

<P><STRONG><a name="[c8]"></a>app_fifo_init</STRONG> (Thumb, 32 bytes, Stack size 0 bytes, app_fifo.o(i.app_fifo_init))
<BR><BR>[Called By]<UL><LI><a href="#[c7]">&gt;&gt;</a>&nbsp;&nbsp;&nbsp;app_uart_init
</UL>

<P><STRONG><a name="[c3]"></a>app_fifo_put</STRONG> (Thumb, 26 bytes, Stack size 8 bytes, app_fifo.o(i.app_fifo_put))
<BR><BR>[Stack]<UL><LI>Max Depth = 8<LI>Call Chain = app_fifo_put
</UL>
<BR>[Calls]<UL><LI><a href="#[c4]">&gt;&gt;</a>&nbsp;&nbsp;&nbsp;fifo_put
</UL>
<BR>[Called By]<UL><LI><a href="#[ca]">&gt;&gt;</a>&nbsp;&nbsp;&nbsp;app_uart_put
<LI><a href="#[4d]">&gt;&gt;</a>&nbsp;&nbsp;&nbsp;uart_event_handler
</UL>

<P><STRONG><a name="[c5]"></a>app_uart_get</STRONG> (Thumb, 42 bytes, Stack size 16 bytes, app_uart_fifo.o(i.app_uart_get))
<BR><BR>[Stack]<UL><LI>Max Depth = 184<LI>Call Chain = app_uart_get &rArr; app_error_handler_bare &rArr; app_error_fault_handler &rArr; nrf_log_frontend_std_0 &rArr; std_n &rArr; nrf_log_frontend_dequeue &rArr;  nrf_log_frontend_std_0 (Cycle)
</UL>
<BR>[Calls]<UL><LI><a href="#[c0]">&gt;&gt;</a>&nbsp;&nbsp;&nbsp;app_error_handler_bare
<LI><a href="#[c6]">&gt;&gt;</a>&nbsp;&nbsp;&nbsp;nrf_drv_uart_rx
<LI><a href="#[c1]">&gt;&gt;</a>&nbsp;&nbsp;&nbsp;app_fifo_get
</UL>
<BR>[Called By]<UL><LI><a href="#[190]">&gt;&gt;</a>&nbsp;&nbsp;&nbsp;shell_get_char
</UL>

<P><STRONG><a name="[c7]"></a>app_uart_init</STRONG> (Thumb, 148 bytes, Stack size 56 bytes, app_uart_fifo.o(i.app_uart_init))
<BR><BR>[Stack]<UL><LI>Max Depth = 208<LI>Call Chain = app_uart_init &rArr; nrf_drv_uart_init &rArr; nrfx_uarte_init &rArr; apply_config &rArr; nrf_gpio_cfg_output &rArr; nrf_gpio_cfg
</UL>
<BR>[Calls]<UL><LI><a href="#[c9]">&gt;&gt;</a>&nbsp;&nbsp;&nbsp;nrf_drv_uart_init
<LI><a href="#[c6]">&gt;&gt;</a>&nbsp;&nbsp;&nbsp;nrf_drv_uart_rx
<LI><a href="#[c8]">&gt;&gt;</a>&nbsp;&nbsp;&nbsp;app_fifo_init
<LI><a href="#[b9]">&gt;&gt;</a>&nbsp;&nbsp;&nbsp;__aeabi_memcpy4
</UL>
<BR>[Called By]<UL><LI><a href="#[13e]">&gt;&gt;</a>&nbsp;&nbsp;&nbsp;uart_config
</UL>

<P><STRONG><a name="[ca]"></a>app_uart_put</STRONG> (Thumb, 70 bytes, Stack size 8 bytes, app_uart_fifo.o(i.app_uart_put))
<BR><BR>[Stack]<UL><LI>Max Depth = 80<LI>Call Chain = app_uart_put &rArr; nrf_drv_uart_tx &rArr; nrfx_uart_tx &rArr; tx_byte &rArr; nrf_uart_event_clear
</UL>
<BR>[Calls]<UL><LI><a href="#[cb]">&gt;&gt;</a>&nbsp;&nbsp;&nbsp;nrfx_uarte_tx_in_progress
<LI><a href="#[cc]">&gt;&gt;</a>&nbsp;&nbsp;&nbsp;nrfx_uart_tx_in_progress
<LI><a href="#[cd]">&gt;&gt;</a>&nbsp;&nbsp;&nbsp;nrf_drv_uart_tx
<LI><a href="#[c3]">&gt;&gt;</a>&nbsp;&nbsp;&nbsp;app_fifo_put
<LI><a href="#[c1]">&gt;&gt;</a>&nbsp;&nbsp;&nbsp;app_fifo_get
</UL>
<BR>[Called By]<UL><LI><a href="#[138]">&gt;&gt;</a>&nbsp;&nbsp;&nbsp;shell_put_char
</UL>

<P><STRONG><a name="[ce]"></a>app_util_critical_region_enter</STRONG> (Thumb, 4 bytes, Stack size 0 bytes, app_util_platform.o(i.app_util_critical_region_enter))
<BR><BR>[Calls]<UL><LI><a href="#[cf]">&gt;&gt;</a>&nbsp;&nbsp;&nbsp;app_util_disable_irq
</UL>
<BR>[Called By]<UL><LI><a href="#[be]">&gt;&gt;</a>&nbsp;&nbsp;&nbsp;nrf_log_frontend_dequeue
<LI><a href="#[150]">&gt;&gt;</a>&nbsp;&nbsp;&nbsp;nrf_balloc_free
<LI><a href="#[14f]">&gt;&gt;</a>&nbsp;&nbsp;&nbsp;nrf_balloc_alloc
<LI><a href="#[175]">&gt;&gt;</a>&nbsp;&nbsp;&nbsp;nrfx_prs_acquire
<LI><a href="#[e6]">&gt;&gt;</a>&nbsp;&nbsp;&nbsp;buf_prealloc
</UL>

<P><STRONG><a name="[d0]"></a>app_util_critical_region_exit</STRONG> (Thumb, 4 bytes, Stack size 0 bytes, app_util_platform.o(i.app_util_critical_region_exit))
<BR><BR>[Calls]<UL><LI><a href="#[d1]">&gt;&gt;</a>&nbsp;&nbsp;&nbsp;app_util_enable_irq
</UL>
<BR>[Called By]<UL><LI><a href="#[be]">&gt;&gt;</a>&nbsp;&nbsp;&nbsp;nrf_log_frontend_dequeue
<LI><a href="#[150]">&gt;&gt;</a>&nbsp;&nbsp;&nbsp;nrf_balloc_free
<LI><a href="#[14f]">&gt;&gt;</a>&nbsp;&nbsp;&nbsp;nrf_balloc_alloc
<LI><a href="#[175]">&gt;&gt;</a>&nbsp;&nbsp;&nbsp;nrfx_prs_acquire
<LI><a href="#[e6]">&gt;&gt;</a>&nbsp;&nbsp;&nbsp;buf_prealloc
</UL>

<P><STRONG><a name="[cf]"></a>app_util_disable_irq</STRONG> (Thumb, 12 bytes, Stack size 0 bytes, app_util_platform.o(i.app_util_disable_irq))
<BR><BR>[Called By]<UL><LI><a href="#[ce]">&gt;&gt;</a>&nbsp;&nbsp;&nbsp;app_util_critical_region_enter
</UL>

<P><STRONG><a name="[d1]"></a>app_util_enable_irq</STRONG> (Thumb, 14 bytes, Stack size 0 bytes, app_util_platform.o(i.app_util_enable_irq))
<BR><BR>[Called By]<UL><LI><a href="#[d0]">&gt;&gt;</a>&nbsp;&nbsp;&nbsp;app_util_critical_region_exit
</UL>

<P><STRONG><a name="[db]"></a>arraymap_destroy</STRONG> (Thumb, 26 bytes, Stack size 8 bytes, hashmap.o(i.arraymap_destroy))
<BR><BR>[Stack]<UL><LI>Max Depth = 16<LI>Call Chain = arraymap_destroy &rArr; ebpf_free &rArr; free
</UL>
<BR>[Calls]<UL><LI><a href="#[dc]">&gt;&gt;</a>&nbsp;&nbsp;&nbsp;ebpf_free
</UL>
<BR>[Called By]<UL><LI><a href="#[18d]">&gt;&gt;</a>&nbsp;&nbsp;&nbsp;test_patch_dispatcher
</UL>

<P><STRONG><a name="[dd]"></a>arraymap_get</STRONG> (Thumb, 30 bytes, Stack size 8 bytes, hashmap.o(i.arraymap_get))
<BR><BR>[Stack]<UL><LI>Max Depth = 20<LI>Call Chain = arraymap_get &rArr; binary_search
</UL>
<BR>[Calls]<UL><LI><a href="#[de]">&gt;&gt;</a>&nbsp;&nbsp;&nbsp;binary_search
</UL>
<BR>[Called By]<UL><LI><a href="#[109]">&gt;&gt;</a>&nbsp;&nbsp;&nbsp;get_fixed_patch_by_lr
<LI><a href="#[59]">&gt;&gt;</a>&nbsp;&nbsp;&nbsp;tmp_map_get_val
<LI><a href="#[181]">&gt;&gt;</a>&nbsp;&nbsp;&nbsp;patch_num_eva
</UL>

<P><STRONG><a name="[1a1]"></a>arraymap_iter_val</STRONG> (Thumb, 22 bytes, Stack size 0 bytes, hashmap.o(i.arraymap_iter_val))
<BR><BR>[Called By]<UL><LI><a href="#[b0]">&gt;&gt;</a>&nbsp;&nbsp;&nbsp;update_bits_filter
</UL>

<P><STRONG><a name="[df]"></a>arraymap_new</STRONG> (Thumb, 42 bytes, Stack size 16 bytes, hashmap.o(i.arraymap_new))
<BR><BR>[Stack]<UL><LI>Max Depth = 36<LI>Call Chain = arraymap_new &rArr; ebpf_malloc &rArr; malloc
</UL>
<BR>[Calls]<UL><LI><a href="#[b3]">&gt;&gt;</a>&nbsp;&nbsp;&nbsp;ebpf_malloc
</UL>
<BR>[Called By]<UL><LI><a href="#[12d]">&gt;&gt;</a>&nbsp;&nbsp;&nbsp;init_patch_sys
<LI><a href="#[58]">&gt;&gt;</a>&nbsp;&nbsp;&nbsp;tmp_map_save_val
<LI><a href="#[181]">&gt;&gt;</a>&nbsp;&nbsp;&nbsp;patch_num_eva
</UL>

<P><STRONG><a name="[b7]"></a>arraymap_set</STRONG> (Thumb, 188 bytes, Stack size 32 bytes, hashmap.o(i.arraymap_set))
<BR><BR>[Stack]<UL><LI>Max Depth = 68<LI>Call Chain = arraymap_set &rArr; ebpf_realloc &rArr; ebpf_malloc &rArr; malloc
</UL>
<BR>[Calls]<UL><LI><a href="#[e0]">&gt;&gt;</a>&nbsp;&nbsp;&nbsp;ebpf_realloc
</UL>
<BR>[Called By]<UL><LI><a href="#[b6]">&gt;&gt;</a>&nbsp;&nbsp;&nbsp;add_fixed_patch_to_ctx
<LI><a href="#[58]">&gt;&gt;</a>&nbsp;&nbsp;&nbsp;tmp_map_save_val
<LI><a href="#[181]">&gt;&gt;</a>&nbsp;&nbsp;&nbsp;patch_num_eva
</UL>

<P><STRONG><a name="[e1]"></a>bsp_board_init</STRONG> (Thumb, 80 bytes, Stack size 32 bytes, boards.o(i.bsp_board_init))
<BR><BR>[Stack]<UL><LI>Max Depth = 72<LI>Call Chain = bsp_board_init &rArr; nrf_gpio_cfg
</UL>
<BR>[Calls]<UL><LI><a href="#[e3]">&gt;&gt;</a>&nbsp;&nbsp;&nbsp;bsp_board_leds_off
<LI><a href="#[e2]">&gt;&gt;</a>&nbsp;&nbsp;&nbsp;nrf_gpio_cfg
</UL>
<BR>[Called By]<UL><LI><a href="#[49]">&gt;&gt;</a>&nbsp;&nbsp;&nbsp;main
</UL>

<P><STRONG><a name="[e4]"></a>bsp_board_led_off</STRONG> (Thumb, 10 bytes, Stack size 0 bytes, boards.o(i.bsp_board_led_off))
<BR><BR>[Stack]<UL><LI>Max Depth = 16<LI>Call Chain = bsp_board_led_off &rArr; nrf_gpio_pin_write
</UL>
<BR>[Calls]<UL><LI><a href="#[e5]">&gt;&gt;</a>&nbsp;&nbsp;&nbsp;nrf_gpio_pin_write
</UL>
<BR>[Called By]<UL><LI><a href="#[e3]">&gt;&gt;</a>&nbsp;&nbsp;&nbsp;bsp_board_leds_off
</UL>

<P><STRONG><a name="[e3]"></a>bsp_board_leds_off</STRONG> (Thumb, 18 bytes, Stack size 8 bytes, boards.o(i.bsp_board_leds_off))
<BR><BR>[Stack]<UL><LI>Max Depth = 24<LI>Call Chain = bsp_board_leds_off &rArr; bsp_board_led_off &rArr; nrf_gpio_pin_write
</UL>
<BR>[Calls]<UL><LI><a href="#[e4]">&gt;&gt;</a>&nbsp;&nbsp;&nbsp;bsp_board_led_off
</UL>
<BR>[Called By]<UL><LI><a href="#[e1]">&gt;&gt;</a>&nbsp;&nbsp;&nbsp;bsp_board_init
</UL>

<P><STRONG><a name="[168]"></a>buffer_is_empty</STRONG> (Thumb, 16 bytes, Stack size 0 bytes, nrf_log_frontend.o(i.buffer_is_empty))
<BR><BR>[Called By]<UL><LI><a href="#[be]">&gt;&gt;</a>&nbsp;&nbsp;&nbsp;nrf_log_frontend_dequeue
</UL>

<P><STRONG><a name="[b4]"></a>calc_bpkt_addr</STRONG> (Thumb, 36 bytes, Stack size 0 bytes, cortex-m4_fbp.o(i.calc_bpkt_addr))
<BR><BR>[Called By]<UL><LI><a href="#[136]">&gt;&gt;</a>&nbsp;&nbsp;&nbsp;load_local_patch_to_ctx
<LI><a href="#[b2]">&gt;&gt;</a>&nbsp;&nbsp;&nbsp;add_dynamic_patch_to_ctx
</UL>

<P><STRONG><a name="[b5]"></a>calc_bpkt_pc</STRONG> (Thumb, 20 bytes, Stack size 0 bytes, utils.o(i.calc_bpkt_pc))
<BR><BR>[Called By]<UL><LI><a href="#[136]">&gt;&gt;</a>&nbsp;&nbsp;&nbsp;load_local_patch_to_ctx
<LI><a href="#[b2]">&gt;&gt;</a>&nbsp;&nbsp;&nbsp;add_dynamic_patch_to_ctx
<LI><a href="#[125]">&gt;&gt;</a>&nbsp;&nbsp;&nbsp;fpb_disable_cur_inst
</UL>

<P><STRONG><a name="[ba]"></a>calc_branch_instr</STRONG> (Thumb, 70 bytes, Stack size 12 bytes, cortex-m4_fbp.o(i.calc_branch_instr))
<BR><BR>[Stack]<UL><LI>Max Depth = 12<LI>Call Chain = calc_branch_instr
</UL>
<BR>[Called By]<UL><LI><a href="#[125]">&gt;&gt;</a>&nbsp;&nbsp;&nbsp;fpb_disable_cur_inst
<LI><a href="#[126]">&gt;&gt;</a>&nbsp;&nbsp;&nbsp;fpb_setup_test
<LI><a href="#[b8]">&gt;&gt;</a>&nbsp;&nbsp;&nbsp;add_fpb_bkpt
</UL>

<P><STRONG><a name="[102]"></a>clear_all_hw_bkpt</STRONG> (Thumb, 46 bytes, Stack size 8 bytes, cortex-m4_fbp.o(i.clear_all_hw_bkpt))
<BR><BR>[Stack]<UL><LI>Max Depth = 8<LI>Call Chain = clear_all_hw_bkpt
</UL>
<BR>[Calls]<UL><LI><a href="#[103]">&gt;&gt;</a>&nbsp;&nbsp;&nbsp;fpb_disable
</UL>
<BR>[Called By]<UL><LI><a href="#[192]">&gt;&gt;</a>&nbsp;&nbsp;&nbsp;set_patch_mode
<LI><a href="#[3]">&gt;&gt;</a>&nbsp;&nbsp;&nbsp;reset_patch
</UL>

<P><STRONG><a name="[183]"></a>cycles2us</STRONG> (Thumb, 4 bytes, Stack size 0 bytes, profiling.o(i.cycles2us))
<BR><BR>[Called By]<UL><LI><a href="#[181]">&gt;&gt;</a>&nbsp;&nbsp;&nbsp;patch_num_eva
</UL>

<P><STRONG><a name="[81]"></a>debug_log</STRONG> (Thumb, 22 bytes, Stack size 24 bytes, utils.o(i.debug_log))
<BR><BR>[Stack]<UL><LI>Max Depth = 128<LI>Call Chain = debug_log &rArr; log_print_porting &rArr; shell_put_char &rArr; app_uart_put &rArr; nrf_drv_uart_tx &rArr; nrfx_uart_tx &rArr; tx_byte &rArr; nrf_uart_event_clear
</UL>
<BR>[Calls]<UL><LI><a href="#[106]">&gt;&gt;</a>&nbsp;&nbsp;&nbsp;log_print_porting
</UL>
<BR>[Called By]<UL><LI><a href="#[b1]">&gt;&gt;</a>&nbsp;&nbsp;&nbsp;add_hw_bkpt
<LI><a href="#[136]">&gt;&gt;</a>&nbsp;&nbsp;&nbsp;load_local_patch_to_ctx
<LI><a href="#[b2]">&gt;&gt;</a>&nbsp;&nbsp;&nbsp;add_dynamic_patch_to_ctx
<LI><a href="#[12d]">&gt;&gt;</a>&nbsp;&nbsp;&nbsp;init_patch_sys
<LI><a href="#[199]">&gt;&gt;</a>&nbsp;&nbsp;&nbsp;test_debugmon_patch
<LI><a href="#[189]">&gt;&gt;</a>&nbsp;&nbsp;&nbsp;show_local_patch_desc
<LI><a href="#[18a]">&gt;&gt;</a>&nbsp;&nbsp;&nbsp;show_hw_bkpt
<LI><a href="#[197]">&gt;&gt;</a>&nbsp;&nbsp;&nbsp;show_all_patches
<LI><a href="#[18c]">&gt;&gt;</a>&nbsp;&nbsp;&nbsp;run_ebpf_test
<LI><a href="#[18b]">&gt;&gt;</a>&nbsp;&nbsp;&nbsp;run_ebpf_eva
<LI><a href="#[188]">&gt;&gt;</a>&nbsp;&nbsp;&nbsp;read_local_patch
<LI><a href="#[114]">&gt;&gt;</a>&nbsp;&nbsp;&nbsp;profile_dump
<LI><a href="#[134]">&gt;&gt;</a>&nbsp;&nbsp;&nbsp;load_local_fixed_patch
<LI><a href="#[0]">&gt;&gt;</a>&nbsp;&nbsp;&nbsp;this_is_cve_trigger_func
<LI><a href="#[1]">&gt;&gt;</a>&nbsp;&nbsp;&nbsp;test_debug_patch
<LI><a href="#[196]">&gt;&gt;</a>&nbsp;&nbsp;&nbsp;show_patch_list
<LI><a href="#[193]">&gt;&gt;</a>&nbsp;&nbsp;&nbsp;shell_dispatch_cmd
<LI><a href="#[56]">&gt;&gt;</a>&nbsp;&nbsp;&nbsp;iot_print_log
<LI><a href="#[57]">&gt;&gt;</a>&nbsp;&nbsp;&nbsp;iot_call_C_func_noret
<LI><a href="#[135]">&gt;&gt;</a>&nbsp;&nbsp;&nbsp;show_fixed_patch_desc
<LI><a href="#[6e]">&gt;&gt;</a>&nbsp;&nbsp;&nbsp;dispatch_fixed_patch_point
<LI><a href="#[4f]">&gt;&gt;</a>&nbsp;&nbsp;&nbsp;dummy_buggy_MQTT_packet_length_decode
<LI><a href="#[4e]">&gt;&gt;</a>&nbsp;&nbsp;&nbsp;call_dummy_buggy_MQTT_function
<LI><a href="#[125]">&gt;&gt;</a>&nbsp;&nbsp;&nbsp;fpb_disable_cur_inst
<LI><a href="#[6a]">&gt;&gt;</a>&nbsp;&nbsp;&nbsp;leave_fpb_bpkt
<LI><a href="#[6c]">&gt;&gt;</a>&nbsp;&nbsp;&nbsp;leave_debug_monitor
<LI><a href="#[6b]">&gt;&gt;</a>&nbsp;&nbsp;&nbsp;fpb_enable_callback
<LI><a href="#[19a]">&gt;&gt;</a>&nbsp;&nbsp;&nbsp;test_freertos_cve
<LI><a href="#[132]">&gt;&gt;</a>&nbsp;&nbsp;&nbsp;run_patch_here
<LI><a href="#[126]">&gt;&gt;</a>&nbsp;&nbsp;&nbsp;fpb_setup_test
<LI><a href="#[107]">&gt;&gt;</a>&nbsp;&nbsp;&nbsp;debug_monitor_init
<LI><a href="#[b8]">&gt;&gt;</a>&nbsp;&nbsp;&nbsp;add_fpb_bkpt
<LI><a href="#[51]">&gt;&gt;</a>&nbsp;&nbsp;&nbsp;RawBuggyFunc
<LI><a href="#[181]">&gt;&gt;</a>&nbsp;&nbsp;&nbsp;patch_num_eva
<LI><a href="#[10e]">&gt;&gt;</a>&nbsp;&nbsp;&nbsp;ebpf_eva
<LI><a href="#[5b]">&gt;&gt;</a>&nbsp;&nbsp;&nbsp;my_memmove
<LI><a href="#[ec]">&gt;&gt;</a>&nbsp;&nbsp;&nbsp;build_inst
<LI><a href="#[eb]">&gt;&gt;</a>&nbsp;&nbsp;&nbsp;build_body
<LI><a href="#[a6]">&gt;&gt;</a>&nbsp;&nbsp;&nbsp;_emit_sub_imm
<LI><a href="#[12a]">&gt;&gt;</a>&nbsp;&nbsp;&nbsp;jit_dump_inst
</UL>

<P><STRONG><a name="[6e]"></a>dispatch_fixed_patch_point</STRONG> (Thumb, 84 bytes, Stack size 16 bytes, fixed_patch_points.o(i.dispatch_fixed_patch_point))
<BR><BR>[Stack]<UL><LI>Max Depth = 360<LI>Call Chain = dispatch_fixed_patch_point &rArr; run_ebpf_filter &rArr; ebpf_vm_exec &rArr; __aeabi_uldivmod
</UL>
<BR>[Calls]<UL><LI><a href="#[10a]">&gt;&gt;</a>&nbsp;&nbsp;&nbsp;run_ebpf_filter
<LI><a href="#[109]">&gt;&gt;</a>&nbsp;&nbsp;&nbsp;get_fixed_patch_by_lr
<LI><a href="#[81]">&gt;&gt;</a>&nbsp;&nbsp;&nbsp;debug_log
</UL>
<BR>[Called By]<UL><LI><a href="#[6d]">&gt;&gt;</a>&nbsp;&nbsp;&nbsp;fixed_patch_point_hanlder
</UL>

<P><STRONG><a name="[10d]"></a>ebpf_calloc</STRONG> (Thumb, 12 bytes, Stack size 0 bytes, ebpf_allocator.o(i.ebpf_calloc))
<BR><BR>[Stack]<UL><LI>Max Depth = 28<LI>Call Chain = ebpf_calloc &rArr; calloc &rArr; malloc
</UL>
<BR>[Calls]<UL><LI><a href="#[75]">&gt;&gt;</a>&nbsp;&nbsp;&nbsp;calloc
</UL>
<BR>[Called By]<UL><LI><a href="#[188]">&gt;&gt;</a>&nbsp;&nbsp;&nbsp;read_local_patch
<LI><a href="#[134]">&gt;&gt;</a>&nbsp;&nbsp;&nbsp;load_local_fixed_patch
<LI><a href="#[119]">&gt;&gt;</a>&nbsp;&nbsp;&nbsp;use_default_helper_func
</UL>

<P><STRONG><a name="[10e]"></a>ebpf_eva</STRONG> (Thumb, 150 bytes, Stack size 48 bytes, ebpf_test.o(i.ebpf_eva))
<BR><BR>[Stack]<UL><LI>Max Depth = 392<LI>Call Chain = ebpf_eva &rArr; ebpf_vm_exec &rArr; __aeabi_uldivmod
</UL>
<BR>[Calls]<UL><LI><a href="#[111]">&gt;&gt;</a>&nbsp;&nbsp;&nbsp;ebpf_vm_exec
<LI><a href="#[100]">&gt;&gt;</a>&nbsp;&nbsp;&nbsp;profile_start
<LI><a href="#[101]">&gt;&gt;</a>&nbsp;&nbsp;&nbsp;profile_end
<LI><a href="#[114]">&gt;&gt;</a>&nbsp;&nbsp;&nbsp;profile_dump
<LI><a href="#[110]">&gt;&gt;</a>&nbsp;&nbsp;&nbsp;profile_add_event
<LI><a href="#[81]">&gt;&gt;</a>&nbsp;&nbsp;&nbsp;debug_log
<LI><a href="#[115]">&gt;&gt;</a>&nbsp;&nbsp;&nbsp;jit_mem_statistic
<LI><a href="#[113]">&gt;&gt;</a>&nbsp;&nbsp;&nbsp;jit_mem_free
<LI><a href="#[116]">&gt;&gt;</a>&nbsp;&nbsp;&nbsp;get_ebpf_alloc_size
<LI><a href="#[112]">&gt;&gt;</a>&nbsp;&nbsp;&nbsp;gen_jit_code
<LI><a href="#[10f]">&gt;&gt;</a>&nbsp;&nbsp;&nbsp;ebpf_vm_set_inst
</UL>
<BR>[Called By]<UL><LI><a href="#[10]">&gt;&gt;</a>&nbsp;&nbsp;&nbsp;test_ebpf_c9
<LI><a href="#[f]">&gt;&gt;</a>&nbsp;&nbsp;&nbsp;test_ebpf_c8
<LI><a href="#[e]">&gt;&gt;</a>&nbsp;&nbsp;&nbsp;test_ebpf_c7
<LI><a href="#[d]">&gt;&gt;</a>&nbsp;&nbsp;&nbsp;test_ebpf_c6
<LI><a href="#[c]">&gt;&gt;</a>&nbsp;&nbsp;&nbsp;test_ebpf_c5
<LI><a href="#[b]">&gt;&gt;</a>&nbsp;&nbsp;&nbsp;test_ebpf_c4
<LI><a href="#[a]">&gt;&gt;</a>&nbsp;&nbsp;&nbsp;test_ebpf_c3
<LI><a href="#[9]">&gt;&gt;</a>&nbsp;&nbsp;&nbsp;test_ebpf_c2
<LI><a href="#[13]">&gt;&gt;</a>&nbsp;&nbsp;&nbsp;test_ebpf_c12
<LI><a href="#[12]">&gt;&gt;</a>&nbsp;&nbsp;&nbsp;test_ebpf_c11
<LI><a href="#[11]">&gt;&gt;</a>&nbsp;&nbsp;&nbsp;test_ebpf_c10
<LI><a href="#[8]">&gt;&gt;</a>&nbsp;&nbsp;&nbsp;test_ebpf_c1
<LI><a href="#[7]">&gt;&gt;</a>&nbsp;&nbsp;&nbsp;test_ebpf_c0
</UL>

<P><STRONG><a name="[dc]"></a>ebpf_free</STRONG> (Thumb, 4 bytes, Stack size 0 bytes, ebpf_allocator.o(i.ebpf_free))
<BR><BR>[Stack]<UL><LI>Max Depth = 8<LI>Call Chain = ebpf_free &rArr; free
</UL>
<BR>[Calls]<UL><LI><a href="#[117]">&gt;&gt;</a>&nbsp;&nbsp;&nbsp;free
</UL>
<BR>[Called By]<UL><LI><a href="#[db]">&gt;&gt;</a>&nbsp;&nbsp;&nbsp;arraymap_destroy
</UL>

<P><STRONG><a name="[b3]"></a>ebpf_malloc</STRONG> (Thumb, 12 bytes, Stack size 0 bytes, ebpf_allocator.o(i.ebpf_malloc))
<BR><BR>[Stack]<UL><LI>Max Depth = 20<LI>Call Chain = ebpf_malloc &rArr; malloc
</UL>
<BR>[Calls]<UL><LI><a href="#[76]">&gt;&gt;</a>&nbsp;&nbsp;&nbsp;malloc
</UL>
<BR>[Called By]<UL><LI><a href="#[12b]">&gt;&gt;</a>&nbsp;&nbsp;&nbsp;init_ebpf_vm
<LI><a href="#[df]">&gt;&gt;</a>&nbsp;&nbsp;&nbsp;arraymap_new
<LI><a href="#[b2]">&gt;&gt;</a>&nbsp;&nbsp;&nbsp;add_dynamic_patch_to_ctx
<LI><a href="#[e0]">&gt;&gt;</a>&nbsp;&nbsp;&nbsp;ebpf_realloc
</UL>

<P><STRONG><a name="[e0]"></a>ebpf_realloc</STRONG> (Thumb, 76 bytes, Stack size 16 bytes, ebpf_allocator.o(i.ebpf_realloc))
<BR><BR>[Stack]<UL><LI>Max Depth = 36<LI>Call Chain = ebpf_realloc &rArr; ebpf_malloc &rArr; malloc
</UL>
<BR>[Calls]<UL><LI><a href="#[b3]">&gt;&gt;</a>&nbsp;&nbsp;&nbsp;ebpf_malloc
<LI><a href="#[117]">&gt;&gt;</a>&nbsp;&nbsp;&nbsp;free
<LI><a href="#[89]">&gt;&gt;</a>&nbsp;&nbsp;&nbsp;__aeabi_memcpy
</UL>
<BR>[Called By]<UL><LI><a href="#[b7]">&gt;&gt;</a>&nbsp;&nbsp;&nbsp;arraymap_set
</UL>

<P><STRONG><a name="[118]"></a>ebpf_register</STRONG> (Thumb, 40 bytes, Stack size 16 bytes, ebpf_vm.o(i.ebpf_register))
<BR><BR>[Stack]<UL><LI>Max Depth = 52<LI>Call Chain = ebpf_register &rArr; use_default_helper_func &rArr; ebpf_calloc &rArr; calloc &rArr; malloc
</UL>
<BR>[Calls]<UL><LI><a href="#[119]">&gt;&gt;</a>&nbsp;&nbsp;&nbsp;use_default_helper_func
</UL>
<BR>[Called By]<UL><LI><a href="#[12c]">&gt;&gt;</a>&nbsp;&nbsp;&nbsp;set_default_helpers
</UL>

<P><STRONG><a name="[111]"></a>ebpf_vm_exec</STRONG> (Thumb, 3284 bytes, Stack size 304 bytes, ebpf_vm.o(i.ebpf_vm_exec))
<BR><BR>[Stack]<UL><LI>Max Depth = 344<LI>Call Chain = ebpf_vm_exec &rArr; __aeabi_uldivmod
</UL>
<BR>[Calls]<UL><LI><a href="#[11a]">&gt;&gt;</a>&nbsp;&nbsp;&nbsp;bounds_check
<LI><a href="#[78]">&gt;&gt;</a>&nbsp;&nbsp;&nbsp;__aeabi_lasr
<LI><a href="#[70]">&gt;&gt;</a>&nbsp;&nbsp;&nbsp;__aeabi_llsr
<LI><a href="#[71]">&gt;&gt;</a>&nbsp;&nbsp;&nbsp;__aeabi_llsl
<LI><a href="#[6f]">&gt;&gt;</a>&nbsp;&nbsp;&nbsp;__aeabi_uldivmod
</UL>
<BR>[Called By]<UL><LI><a href="#[10a]">&gt;&gt;</a>&nbsp;&nbsp;&nbsp;run_ebpf_filter
<LI><a href="#[10e]">&gt;&gt;</a>&nbsp;&nbsp;&nbsp;ebpf_eva
</UL>

<P><STRONG><a name="[10f]"></a>ebpf_vm_set_inst</STRONG> (Thumb, 32 bytes, Stack size 16 bytes, ebpf_vm.o(i.ebpf_vm_set_inst))
<BR><BR>[Stack]<UL><LI>Max Depth = 84<LI>Call Chain = ebpf_vm_set_inst &rArr; init_iot_ebpf_helpers &rArr; set_default_helpers &rArr; ebpf_register &rArr; use_default_helper_func &rArr; ebpf_calloc &rArr; calloc &rArr; malloc
</UL>
<BR>[Calls]<UL><LI><a href="#[11c]">&gt;&gt;</a>&nbsp;&nbsp;&nbsp;init_iot_ebpf_helpers
<LI><a href="#[11b]">&gt;&gt;</a>&nbsp;&nbsp;&nbsp;__aeabi_memclr4
</UL>
<BR>[Called By]<UL><LI><a href="#[188]">&gt;&gt;</a>&nbsp;&nbsp;&nbsp;read_local_patch
<LI><a href="#[134]">&gt;&gt;</a>&nbsp;&nbsp;&nbsp;load_local_fixed_patch
<LI><a href="#[10e]">&gt;&gt;</a>&nbsp;&nbsp;&nbsp;ebpf_eva
</UL>

<P><STRONG><a name="[f0]"></a>emit_alu64_reg</STRONG> (Thumb, 130 bytes, Stack size 48 bytes, jit_thumb2.o(i.emit_alu64_reg))
<BR><BR>[Stack]<UL><LI>Max Depth = 144<LI>Call Chain = emit_alu64_reg &rArr; emit_alu32_reg &rArr; arm_bpf_put_reg32 &rArr; _emit_str_i &rArr; emit4 &rArr; emit2
</UL>
<BR>[Calls]<UL><LI><a href="#[123]">&gt;&gt;</a>&nbsp;&nbsp;&nbsp;emit_alu32_reg
<LI><a href="#[a0]">&gt;&gt;</a>&nbsp;&nbsp;&nbsp;arm_bpf_put_reg64
<LI><a href="#[9e]">&gt;&gt;</a>&nbsp;&nbsp;&nbsp;arm_bpf_get_reg64
<LI><a href="#[a2]">&gt;&gt;</a>&nbsp;&nbsp;&nbsp;arm_bpf_get_reg32
</UL>
<BR>[Called By]<UL><LI><a href="#[ec]">&gt;&gt;</a>&nbsp;&nbsp;&nbsp;build_inst
</UL>

<P><STRONG><a name="[fa]"></a>emit_ldx_reg</STRONG> (Thumb, 208 bytes, Stack size 40 bytes, jit_thumb2.o(i.emit_ldx_reg))
<BR><BR>[Stack]<UL><LI>Max Depth = 128<LI>Call Chain = emit_ldx_reg &rArr; arm_bpf_put_reg64 &rArr; emit_a32_mov_reg &rArr; arm_bpf_put_reg32 &rArr; _emit_str_i &rArr; emit4 &rArr; emit2
</UL>
<BR>[Calls]<UL><LI><a href="#[124]">&gt;&gt;</a>&nbsp;&nbsp;&nbsp;is_ldst_imm
<LI><a href="#[ee]">&gt;&gt;</a>&nbsp;&nbsp;&nbsp;emit_mov_imm
<LI><a href="#[da]">&gt;&gt;</a>&nbsp;&nbsp;&nbsp;emit_a32_mov_reg
<LI><a href="#[a0]">&gt;&gt;</a>&nbsp;&nbsp;&nbsp;arm_bpf_put_reg64
<LI><a href="#[9c]">&gt;&gt;</a>&nbsp;&nbsp;&nbsp;_emit_ldrh_i
<LI><a href="#[9a]">&gt;&gt;</a>&nbsp;&nbsp;&nbsp;_emit_ldrb_i
<LI><a href="#[99]">&gt;&gt;</a>&nbsp;&nbsp;&nbsp;_emit_ldr_i
<LI><a href="#[8c]">&gt;&gt;</a>&nbsp;&nbsp;&nbsp;_emit_add_reg
</UL>
<BR>[Called By]<UL><LI><a href="#[ec]">&gt;&gt;</a>&nbsp;&nbsp;&nbsp;build_inst
</UL>

<P><STRONG><a name="[125]"></a>fpb_disable_cur_inst</STRONG> (Thumb, 94 bytes, Stack size 32 bytes, cortex-m4_fbp.o(i.fpb_disable_cur_inst))
<BR><BR>[Stack]<UL><LI>Max Depth = 160<LI>Call Chain = fpb_disable_cur_inst &rArr; debug_log &rArr; log_print_porting &rArr; shell_put_char &rArr; app_uart_put &rArr; nrf_drv_uart_tx &rArr; nrfx_uart_tx &rArr; tx_byte &rArr; nrf_uart_event_clear
</UL>
<BR>[Calls]<UL><LI><a href="#[bb]">&gt;&gt;</a>&nbsp;&nbsp;&nbsp;little_endian_16_bit
<LI><a href="#[b5]">&gt;&gt;</a>&nbsp;&nbsp;&nbsp;calc_bpkt_pc
<LI><a href="#[81]">&gt;&gt;</a>&nbsp;&nbsp;&nbsp;debug_log
<LI><a href="#[ba]">&gt;&gt;</a>&nbsp;&nbsp;&nbsp;calc_branch_instr
</UL>
<BR>[Called By]<UL><LI><a href="#[6a]">&gt;&gt;</a>&nbsp;&nbsp;&nbsp;leave_fpb_bpkt
</UL>

<P><STRONG><a name="[6b]"></a>fpb_enable_callback</STRONG> (Thumb, 50 bytes, Stack size 16 bytes, cortex-m4_fbp.o(i.fpb_enable_callback))
<BR><BR>[Stack]<UL><LI>Max Depth = 144<LI>Call Chain = fpb_enable_callback &rArr; debug_log &rArr; log_print_porting &rArr; shell_put_char &rArr; app_uart_put &rArr; nrf_drv_uart_tx &rArr; nrfx_uart_tx &rArr; tx_byte &rArr; nrf_uart_event_clear
</UL>
<BR>[Calls]<UL><LI><a href="#[81]">&gt;&gt;</a>&nbsp;&nbsp;&nbsp;debug_log
</UL>
<BR>[Called By]<UL><LI><a href="#[50]">&gt;&gt;</a>&nbsp;&nbsp;&nbsp;FPB_Handler5
</UL>

<P><STRONG><a name="[117]"></a>free</STRONG> (Thumb, 76 bytes, Stack size 8 bytes, malloc.o(i.free))
<BR><BR>[Stack]<UL><LI>Max Depth = 8<LI>Call Chain = free
</UL>
<BR>[Called By]<UL><LI><a href="#[dc]">&gt;&gt;</a>&nbsp;&nbsp;&nbsp;ebpf_free
<LI><a href="#[e0]">&gt;&gt;</a>&nbsp;&nbsp;&nbsp;ebpf_realloc
</UL>

<P><STRONG><a name="[112]"></a>gen_jit_code</STRONG> (Thumb, 84 bytes, Stack size 64 bytes, jit.o(i.gen_jit_code))
<BR><BR>[Stack]<UL><LI>Max Depth = 304<LI>Call Chain = gen_jit_code &rArr; jit_compile &rArr; build_body &rArr; build_inst &rArr; emit_alu64_reg &rArr; emit_alu32_reg &rArr; arm_bpf_put_reg32 &rArr; _emit_str_i &rArr; emit4 &rArr; emit2
</UL>
<BR>[Calls]<UL><LI><a href="#[113]">&gt;&gt;</a>&nbsp;&nbsp;&nbsp;jit_mem_free
<LI><a href="#[12a]">&gt;&gt;</a>&nbsp;&nbsp;&nbsp;jit_dump_inst
<LI><a href="#[129]">&gt;&gt;</a>&nbsp;&nbsp;&nbsp;jit_compile
<LI><a href="#[128]">&gt;&gt;</a>&nbsp;&nbsp;&nbsp;jit_state_set_mem
<LI><a href="#[127]">&gt;&gt;</a>&nbsp;&nbsp;&nbsp;jit_mem_allocate
</UL>
<BR>[Called By]<UL><LI><a href="#[188]">&gt;&gt;</a>&nbsp;&nbsp;&nbsp;read_local_patch
<LI><a href="#[10e]">&gt;&gt;</a>&nbsp;&nbsp;&nbsp;ebpf_eva
</UL>

<P><STRONG><a name="[182]"></a>get_cur_tick</STRONG> (Thumb, 6 bytes, Stack size 0 bytes, profiling.o(i.get_cur_tick))
<BR><BR>[Called By]<UL><LI><a href="#[181]">&gt;&gt;</a>&nbsp;&nbsp;&nbsp;patch_num_eva
</UL>

<P><STRONG><a name="[133]"></a>get_dynamic_patch_by_bpkt</STRONG> (Thumb, 40 bytes, Stack size 0 bytes, iotpatch.o(i.get_dynamic_patch_by_bpkt))
<BR><BR>[Called By]<UL><LI><a href="#[6a]">&gt;&gt;</a>&nbsp;&nbsp;&nbsp;leave_fpb_bpkt
<LI><a href="#[132]">&gt;&gt;</a>&nbsp;&nbsp;&nbsp;run_patch_here
</UL>

<P><STRONG><a name="[116]"></a>get_ebpf_alloc_size</STRONG> (Thumb, 6 bytes, Stack size 0 bytes, ebpf_allocator.o(i.get_ebpf_alloc_size))
<BR><BR>[Called By]<UL><LI><a href="#[10e]">&gt;&gt;</a>&nbsp;&nbsp;&nbsp;ebpf_eva
</UL>

<P><STRONG><a name="[109]"></a>get_fixed_patch_by_lr</STRONG> (Thumb, 34 bytes, Stack size 8 bytes, iotpatch.o(i.get_fixed_patch_by_lr))
<BR><BR>[Stack]<UL><LI>Max Depth = 28<LI>Call Chain = get_fixed_patch_by_lr &rArr; arraymap_get &rArr; binary_search
</UL>
<BR>[Calls]<UL><LI><a href="#[dd]">&gt;&gt;</a>&nbsp;&nbsp;&nbsp;arraymap_get
</UL>
<BR>[Called By]<UL><LI><a href="#[6e]">&gt;&gt;</a>&nbsp;&nbsp;&nbsp;dispatch_fixed_patch_point
</UL>

<P><STRONG><a name="[69]"></a>hera_fix_func</STRONG> (Thumb, 28 bytes, Stack size 0 bytes, cortex-m4_fbp.o(i.hera_fix_func))
<BR><BR>[Called By]<UL><LI><a href="#[68]">&gt;&gt;</a>&nbsp;&nbsp;&nbsp;HERA_Dipatcher
<LI><a href="#[19a]">&gt;&gt;</a>&nbsp;&nbsp;&nbsp;test_freertos_cve
</UL>

<P><STRONG><a name="[12b]"></a>init_ebpf_vm</STRONG> (Thumb, 38 bytes, Stack size 16 bytes, ebpf_vm.o(i.init_ebpf_vm))
<BR><BR>[Stack]<UL><LI>Max Depth = 84<LI>Call Chain = init_ebpf_vm &rArr; init_iot_ebpf_helpers &rArr; set_default_helpers &rArr; ebpf_register &rArr; use_default_helper_func &rArr; ebpf_calloc &rArr; calloc &rArr; malloc
</UL>
<BR>[Calls]<UL><LI><a href="#[b3]">&gt;&gt;</a>&nbsp;&nbsp;&nbsp;ebpf_malloc
<LI><a href="#[11c]">&gt;&gt;</a>&nbsp;&nbsp;&nbsp;init_iot_ebpf_helpers
</UL>
<BR>[Called By]<UL><LI><a href="#[188]">&gt;&gt;</a>&nbsp;&nbsp;&nbsp;read_local_patch
<LI><a href="#[134]">&gt;&gt;</a>&nbsp;&nbsp;&nbsp;load_local_fixed_patch
</UL>

<P><STRONG><a name="[11c]"></a>init_iot_ebpf_helpers</STRONG> (Thumb, 20 bytes, Stack size 8 bytes, ebpf_vm.o(i.init_iot_ebpf_helpers))
<BR><BR>[Stack]<UL><LI>Max Depth = 68<LI>Call Chain = init_iot_ebpf_helpers &rArr; set_default_helpers &rArr; ebpf_register &rArr; use_default_helper_func &rArr; ebpf_calloc &rArr; calloc &rArr; malloc
</UL>
<BR>[Calls]<UL><LI><a href="#[12c]">&gt;&gt;</a>&nbsp;&nbsp;&nbsp;set_default_helpers
<LI><a href="#[119]">&gt;&gt;</a>&nbsp;&nbsp;&nbsp;use_default_helper_func
</UL>
<BR>[Called By]<UL><LI><a href="#[12b]">&gt;&gt;</a>&nbsp;&nbsp;&nbsp;init_ebpf_vm
<LI><a href="#[10f]">&gt;&gt;</a>&nbsp;&nbsp;&nbsp;ebpf_vm_set_inst
</UL>

<P><STRONG><a name="[12d]"></a>init_patch_sys</STRONG> (Thumb, 46 bytes, Stack size 8 bytes, iotpatch.o(i.init_patch_sys))
<BR><BR>[Stack]<UL><LI>Max Depth = 136<LI>Call Chain = init_patch_sys &rArr; debug_log &rArr; log_print_porting &rArr; shell_put_char &rArr; app_uart_put &rArr; nrf_drv_uart_tx &rArr; nrfx_uart_tx &rArr; tx_byte &rArr; nrf_uart_event_clear
</UL>
<BR>[Calls]<UL><LI><a href="#[df]">&gt;&gt;</a>&nbsp;&nbsp;&nbsp;arraymap_new
<LI><a href="#[b0]">&gt;&gt;</a>&nbsp;&nbsp;&nbsp;update_bits_filter
<LI><a href="#[81]">&gt;&gt;</a>&nbsp;&nbsp;&nbsp;debug_log
<LI><a href="#[11b]">&gt;&gt;</a>&nbsp;&nbsp;&nbsp;__aeabi_memclr4
</UL>
[...]
<LI><a href="#[fb]">&gt;&gt;</a>&nbsp;&nbsp;&nbsp;emit_str_reg
<LI><a href="#[fd]">&gt;&gt;</a>&nbsp;&nbsp;&nbsp;emit_push_r64
<LI><a href="#[ef]">&gt;&gt;</a>&nbsp;&nbsp;&nbsp;emit_mov_se_imm64
<LI><a href="#[ed]">&gt;&gt;</a>&nbsp;&nbsp;&nbsp;emit_mov_reg64
<LI><a href="#[ee]">&gt;&gt;</a>&nbsp;&nbsp;&nbsp;emit_mov_imm
<LI><a href="#[f9]">&gt;&gt;</a>&nbsp;&nbsp;&nbsp;emit_mov_i64
<LI><a href="#[f2]">&gt;&gt;</a>&nbsp;&nbsp;&nbsp;emit_alu32_imm
<LI><a href="#[f3]">&gt;&gt;</a>&nbsp;&nbsp;&nbsp;emit_a32_rsh_r64
<LI><a href="#[f4]">&gt;&gt;</a>&nbsp;&nbsp;&nbsp;emit_a32_rsh_i64
<LI><a href="#[f8]">&gt;&gt;</a>&nbsp;&nbsp;&nbsp;emit_a32_mul_r64
<LI><a href="#[f5]">&gt;&gt;</a>&nbsp;&nbsp;&nbsp;emit_a32_arsh_r64
<LI><a href="#[f6]">&gt;&gt;</a>&nbsp;&nbsp;&nbsp;emit_a32_arsh_i64
<LI><a href="#[8d]">&gt;&gt;</a>&nbsp;&nbsp;&nbsp;emit4
<LI><a href="#[8f]">&gt;&gt;</a>&nbsp;&nbsp;&nbsp;emit2
<LI><a href="#[fc]">&gt;&gt;</a>&nbsp;&nbsp;&nbsp;bpf2a32_offset
<LI><a href="#[a0]">&gt;&gt;</a>&nbsp;&nbsp;&nbsp;arm_bpf_put_reg64
<LI><a href="#[9e]">&gt;&gt;</a>&nbsp;&nbsp;&nbsp;arm_bpf_get_reg64
<LI><a href="#[a2]">&gt;&gt;</a>&nbsp;&nbsp;&nbsp;arm_bpf_get_reg32
<LI><a href="#[92]">&gt;&gt;</a>&nbsp;&nbsp;&nbsp;_use_b4
<LI><a href="#[f7]">&gt;&gt;</a>&nbsp;&nbsp;&nbsp;_thumb32_RSBW_IMM_T2
<LI><a href="#[98]">&gt;&gt;</a>&nbsp;&nbsp;&nbsp;_emit_jump
<LI><a href="#[93]">&gt;&gt;</a>&nbsp;&nbsp;&nbsp;_emit_cmp_cond
<LI><a href="#[90]">&gt;&gt;</a>&nbsp;&nbsp;&nbsp;_emit_b
</UL>
<BR>[Called By]<UL><LI><a href="#[eb]">&gt;&gt;</a>&nbsp;&nbsp;&nbsp;build_body
</UL>

<P><STRONG><a name="[fe]"></a>build_prologue</STRONG> (Thumb, 112 bytes, Stack size 16 bytes, jit_thumb2.o(i.build_prologue))
<BR><BR>[Stack]<UL><LI>Max Depth = 168<LI>Call Chain = build_prologue &rArr; _emit_sub_imm &rArr; debug_log &rArr; log_print_porting &rArr; shell_put_char &rArr; app_uart_put &rArr; nrf_drv_uart_tx &rArr; nrfx_uart_tx &rArr; tx_byte &rArr; nrf_uart_event_clear
</UL>
<BR>[Calls]<UL><LI><a href="#[ed]">&gt;&gt;</a>&nbsp;&nbsp;&nbsp;emit_mov_reg64
<LI><a href="#[ee]">&gt;&gt;</a>&nbsp;&nbsp;&nbsp;emit_mov_imm
<LI><a href="#[8d]">&gt;&gt;</a>&nbsp;&nbsp;&nbsp;emit4
<LI><a href="#[ff]">&gt;&gt;</a>&nbsp;&nbsp;&nbsp;_thumb32_PUSHW_T2
<LI><a href="#[a6]">&gt;&gt;</a>&nbsp;&nbsp;&nbsp;_emit_sub_imm
<LI><a href="#[9f]">&gt;&gt;</a>&nbsp;&nbsp;&nbsp;_emit_mov_reg
</UL>
<BR>[Called By]<UL><LI><a href="#[129]">&gt;&gt;</a>&nbsp;&nbsp;&nbsp;jit_compile
</UL>

<P><STRONG><a name="[8f]"></a>emit2</STRONG> (Thumb, 32 bytes, Stack size 16 bytes, jit_thumb2.o(i.emit2))
<BR><BR>[Stack]<UL><LI>Max Depth = 16<LI>Call Chain = emit2
</UL>
<BR>[Calls]<UL><LI><a href="#[89]">&gt;&gt;</a>&nbsp;&nbsp;&nbsp;__aeabi_memcpy
</UL>
<BR>[Called By]<UL><LI><a href="#[9d]">&gt;&gt;</a>&nbsp;&nbsp;&nbsp;_emit_lsh64_imm
<LI><a href="#[fd]">&gt;&gt;</a>&nbsp;&nbsp;&nbsp;emit_push_r64
<LI><a href="#[ee]">&gt;&gt;</a>&nbsp;&nbsp;&nbsp;emit_mov_imm
<LI><a href="#[123]">&gt;&gt;</a>&nbsp;&nbsp;&nbsp;emit_alu32_reg
<LI><a href="#[f2]">&gt;&gt;</a>&nbsp;&nbsp;&nbsp;emit_alu32_imm
<LI><a href="#[f8]">&gt;&gt;</a>&nbsp;&nbsp;&nbsp;emit_a32_mul_r64
<LI><a href="#[f5]">&gt;&gt;</a>&nbsp;&nbsp;&nbsp;emit_a32_arsh_r64
<LI><a href="#[8d]">&gt;&gt;</a>&nbsp;&nbsp;&nbsp;emit4
<LI><a href="#[ec]">&gt;&gt;</a>&nbsp;&nbsp;&nbsp;build_inst
<LI><a href="#[a8]">&gt;&gt;</a>&nbsp;&nbsp;&nbsp;_emit_sub_reg
<LI><a href="#[a6]">&gt;&gt;</a>&nbsp;&nbsp;&nbsp;_emit_sub_imm
<LI><a href="#[9f]">&gt;&gt;</a>&nbsp;&nbsp;&nbsp;_emit_mov_reg
<LI><a href="#[9c]">&gt;&gt;</a>&nbsp;&nbsp;&nbsp;_emit_ldrh_i
<LI><a href="#[9a]">&gt;&gt;</a>&nbsp;&nbsp;&nbsp;_emit_ldrb_i
<LI><a href="#[96]">&gt;&gt;</a>&nbsp;&nbsp;&nbsp;_emit_cmp_reg
<LI><a href="#[91]">&gt;&gt;</a>&nbsp;&nbsp;&nbsp;_emit_b_cond
<LI><a href="#[90]">&gt;&gt;</a>&nbsp;&nbsp;&nbsp;_emit_b
<LI><a href="#[8c]">&gt;&gt;</a>&nbsp;&nbsp;&nbsp;_emit_add_reg
</UL>

<P><STRONG><a name="[8d]"></a>emit4</STRONG> (Thumb, 24 bytes, Stack size 16 bytes, jit_thumb2.o(i.emit4))
<BR><BR>[Stack]<UL><LI>Max Depth = 32<LI>Call Chain = emit4 &rArr; emit2
</UL>
<BR>[Calls]<UL><LI><a href="#[8f]">&gt;&gt;</a>&nbsp;&nbsp;&nbsp;emit2
</UL>
<BR>[Called By]<UL><LI><a href="#[a1]">&gt;&gt;</a>&nbsp;&nbsp;&nbsp;_emit_lsh64_reg
<LI><a href="#[9d]">&gt;&gt;</a>&nbsp;&nbsp;&nbsp;_emit_lsh64_imm
<LI><a href="#[f1]">&gt;&gt;</a>&nbsp;&nbsp;&nbsp;emit_u32_div_mod
<LI><a href="#[fb]">&gt;&gt;</a>&nbsp;&nbsp;&nbsp;emit_str_reg
<LI><a href="#[fd]">&gt;&gt;</a>&nbsp;&nbsp;&nbsp;emit_push_r64
<LI><a href="#[ee]">&gt;&gt;</a>&nbsp;&nbsp;&nbsp;emit_mov_imm
<LI><a href="#[123]">&gt;&gt;</a>&nbsp;&nbsp;&nbsp;emit_alu32_reg
<LI><a href="#[f3]">&gt;&gt;</a>&nbsp;&nbsp;&nbsp;emit_a32_rsh_r64
<LI><a href="#[f4]">&gt;&gt;</a>&nbsp;&nbsp;&nbsp;emit_a32_rsh_i64
<LI><a href="#[f8]">&gt;&gt;</a>&nbsp;&nbsp;&nbsp;emit_a32_mul_r64
<LI><a href="#[f5]">&gt;&gt;</a>&nbsp;&nbsp;&nbsp;emit_a32_arsh_r64
<LI><a href="#[f6]">&gt;&gt;</a>&nbsp;&nbsp;&nbsp;emit_a32_arsh_i64
<LI><a href="#[fe]">&gt;&gt;</a>&nbsp;&nbsp;&nbsp;build_prologue
<LI><a href="#[ec]">&gt;&gt;</a>&nbsp;&nbsp;&nbsp;build_inst
<LI><a href="#[a8]">&gt;&gt;</a>&nbsp;&nbsp;&nbsp;_emit_sub_reg
<LI><a href="#[a6]">&gt;&gt;</a>&nbsp;&nbsp;&nbsp;_emit_sub_imm
<LI><a href="#[a5]">&gt;&gt;</a>&nbsp;&nbsp;&nbsp;_emit_strd_i
<LI><a href="#[a4]">&gt;&gt;</a>&nbsp;&nbsp;&nbsp;_emit_str_i
<LI><a href="#[9f]">&gt;&gt;</a>&nbsp;&nbsp;&nbsp;_emit_mov_reg
<LI><a href="#[9c]">&gt;&gt;</a>&nbsp;&nbsp;&nbsp;_emit_ldrh_i
<LI><a href="#[9b]">&gt;&gt;</a>&nbsp;&nbsp;&nbsp;_emit_ldrd_i
<LI><a href="#[9a]">&gt;&gt;</a>&nbsp;&nbsp;&nbsp;_emit_ldrb_i
<LI><a href="#[99]">&gt;&gt;</a>&nbsp;&nbsp;&nbsp;_emit_ldr_i
<LI><a href="#[93]">&gt;&gt;</a>&nbsp;&nbsp;&nbsp;_emit_cmp_cond
<LI><a href="#[91]">&gt;&gt;</a>&nbsp;&nbsp;&nbsp;_emit_b_cond
<LI><a href="#[90]">&gt;&gt;</a>&nbsp;&nbsp;&nbsp;_emit_b
<LI><a href="#[8c]">&gt;&gt;</a>&nbsp;&nbsp;&nbsp;_emit_add_reg
<LI><a href="#[129]">&gt;&gt;</a>&nbsp;&nbsp;&nbsp;jit_compile
</UL>

<P><STRONG><a name="[f6]"></a>emit_a32_arsh_i64</STRONG> (Thumb, 184 bytes, Stack size 32 bytes, jit_thumb2.o(i.emit_a32_arsh_i64))
<BR><BR>[Stack]<UL><LI>Max Depth = 120<LI>Call Chain = emit_a32_arsh_i64 &rArr; arm_bpf_put_reg64 &rArr; emit_a32_mov_reg &rArr; arm_bpf_put_reg32 &rArr; _emit_str_i &rArr; emit4 &rArr; emit2
</UL>
<BR>[Calls]<UL><LI><a href="#[8d]">&gt;&gt;</a>&nbsp;&nbsp;&nbsp;emit4
<LI><a href="#[a0]">&gt;&gt;</a>&nbsp;&nbsp;&nbsp;arm_bpf_put_reg64
<LI><a href="#[9e]">&gt;&gt;</a>&nbsp;&nbsp;&nbsp;arm_bpf_get_reg64
<LI><a href="#[95]">&gt;&gt;</a>&nbsp;&nbsp;&nbsp;_thumb32_ORRW_REG_T2
<LI><a href="#[11d]">&gt;&gt;</a>&nbsp;&nbsp;&nbsp;_thumb32_LSRW_IMM_T2
<LI><a href="#[11e]">&gt;&gt;</a>&nbsp;&nbsp;&nbsp;_thumb32_ASRW_IMM_T2
<LI><a href="#[9f]">&gt;&gt;</a>&nbsp;&nbsp;&nbsp;_emit_mov_reg
</UL>
<BR>[Called By]<UL><LI><a href="#[ec]">&gt;&gt;</a>&nbsp;&nbsp;&nbsp;build_inst
</UL>

<P><STRONG><a name="[f5]"></a>emit_a32_arsh_r64</STRONG> (Thumb, 274 bytes, Stack size 40 bytes, jit_thumb2.o(i.emit_a32_arsh_r64))
<BR><BR>[Stack]<UL><LI>Max Depth = 96<LI>Call Chain = emit_a32_arsh_r64 &rArr; arm_bpf_put_reg32 &rArr; _emit_str_i &rArr; emit4 &rArr; emit2
</UL>
<BR>[Calls]<UL><LI><a href="#[8d]">&gt;&gt;</a>&nbsp;&nbsp;&nbsp;emit4
<LI><a href="#[8f]">&gt;&gt;</a>&nbsp;&nbsp;&nbsp;emit2
<LI><a href="#[a3]">&gt;&gt;</a>&nbsp;&nbsp;&nbsp;arm_bpf_put_reg32
<LI><a href="#[9e]">&gt;&gt;</a>&nbsp;&nbsp;&nbsp;arm_bpf_get_reg64
<LI><a href="#[a2]">&gt;&gt;</a>&nbsp;&nbsp;&nbsp;arm_bpf_get_reg32
<LI><a href="#[a7]">&gt;&gt;</a>&nbsp;&nbsp;&nbsp;_thumb32_SUBW_IMM_T4
<LI><a href="#[f7]">&gt;&gt;</a>&nbsp;&nbsp;&nbsp;_thumb32_RSBW_IMM_T2
<LI><a href="#[95]">&gt;&gt;</a>&nbsp;&nbsp;&nbsp;_thumb32_ORRW_REG_T2
<LI><a href="#[11f]">&gt;&gt;</a>&nbsp;&nbsp;&nbsp;_thumb32_LSRW_REG_T2
<LI><a href="#[120]">&gt;&gt;</a>&nbsp;&nbsp;&nbsp;_thumb32_LSLW_REG_T2
<LI><a href="#[121]">&gt;&gt;</a>&nbsp;&nbsp;&nbsp;_thumb32_ASRW_REG_T2
</UL>
<BR>[Called By]<UL><LI><a href="#[ec]">&gt;&gt;</a>&nbsp;&nbsp;&nbsp;build_inst
</UL>

<P><STRONG><a name="[da]"></a>emit_a32_mov_reg</STRONG> (Thumb, 32 bytes, Stack size 16 bytes, jit_thumb2.o(i.emit_a32_mov_reg))
<BR><BR>[Stack]<UL><LI>Max Depth = 72<LI>Call Chain = emit_a32_mov_reg &rArr; arm_bpf_put_reg32 &rArr; _emit_str_i &rArr; emit4 &rArr; emit2
</UL>
<BR>[Calls]<UL><LI><a href="#[a3]">&gt;&gt;</a>&nbsp;&nbsp;&nbsp;arm_bpf_put_reg32
<LI><a href="#[a2]">&gt;&gt;</a>&nbsp;&nbsp;&nbsp;arm_bpf_get_reg32
</UL>
<BR>[Called By]<UL><LI><a href="#[fa]">&gt;&gt;</a>&nbsp;&nbsp;&nbsp;emit_ldx_reg
<LI><a href="#[ed]">&gt;&gt;</a>&nbsp;&nbsp;&nbsp;emit_mov_reg64
<LI><a href="#[a0]">&gt;&gt;</a>&nbsp;&nbsp;&nbsp;arm_bpf_put_reg64
</UL>

<P><STRONG><a name="[f8]"></a>emit_a32_mul_r64</STRONG> (Thumb, 174 bytes, Stack size 24 bytes, jit_thumb2.o(i.emit_a32_mul_r64))
<BR><BR>[Stack]<UL><LI>Max Depth = 80<LI>Call Chain = emit_a32_mul_r64 &rArr; arm_bpf_put_reg32 &rArr; _emit_str_i &rArr; emit4 &rArr; emit2
</UL>
<BR>[Calls]<UL><LI><a href="#[8d]">&gt;&gt;</a>&nbsp;&nbsp;&nbsp;emit4
<LI><a href="#[8f]">&gt;&gt;</a>&nbsp;&nbsp;&nbsp;emit2
<LI><a href="#[a3]">&gt;&gt;</a>&nbsp;&nbsp;&nbsp;arm_bpf_put_reg32
<LI><a href="#[9e]">&gt;&gt;</a>&nbsp;&nbsp;&nbsp;arm_bpf_get_reg64
<LI><a href="#[122]">&gt;&gt;</a>&nbsp;&nbsp;&nbsp;_thumb32_MUL_T2
<LI><a href="#[8e]">&gt;&gt;</a>&nbsp;&nbsp;&nbsp;_thumb16_ADD_REG_T2
</UL>
<BR>[Called By]<UL><LI><a href="#[ec]">&gt;&gt;</a>&nbsp;&nbsp;&nbsp;build_inst
</UL>

<P><STRONG><a name="[f4]"></a>emit_a32_rsh_i64</STRONG> (Thumb, 180 bytes, Stack size 32 bytes, jit_thumb2.o(i.emit_a32_rsh_i64))
<BR><BR>[Stack]<UL><LI>Max Depth = 120<LI>Call Chain = emit_a32_rsh_i64 &rArr; arm_bpf_put_reg64 &rArr; emit_a32_mov_reg &rArr; arm_bpf_put_reg32 &rArr; _emit_str_i &rArr; emit4 &rArr; emit2
</UL>
<BR>[Calls]<UL><LI><a href="#[ee]">&gt;&gt;</a>&nbsp;&nbsp;&nbsp;emit_mov_imm
<LI><a href="#[8d]">&gt;&gt;</a>&nbsp;&nbsp;&nbsp;emit4
<LI><a href="#[a0]">&gt;&gt;</a>&nbsp;&nbsp;&nbsp;arm_bpf_put_reg64
<LI><a href="#[9e]">&gt;&gt;</a>&nbsp;&nbsp;&nbsp;arm_bpf_get_reg64
<LI><a href="#[95]">&gt;&gt;</a>&nbsp;&nbsp;&nbsp;_thumb32_ORRW_REG_T2
<LI><a href="#[11d]">&gt;&gt;</a>&nbsp;&nbsp;&nbsp;_thumb32_LSRW_IMM_T2
<LI><a href="#[9f]">&gt;&gt;</a>&nbsp;&nbsp;&nbsp;_emit_mov_reg
</UL>
<BR>[Called By]<UL><LI><a href="#[ec]">&gt;&gt;</a>&nbsp;&nbsp;&nbsp;build_inst
</UL>

<P><STRONG><a name="[f3]"></a>emit_a32_rsh_r64</STRONG> (Thumb, 262 bytes, Stack size 40 bytes, jit_thumb2.o(i.emit_a32_rsh_r64))
<BR><BR>[Stack]<UL><LI>Max Depth = 96<LI>Call Chain = emit_a32_rsh_r64 &rArr; arm_bpf_put_reg32 &rArr; _emit_str_i &rArr; emit4 &rArr; emit2
</UL>
<BR>[Calls]<UL><LI><a href="#[8d]">&gt;&gt;</a>&nbsp;&nbsp;&nbsp;emit4
<LI><a href="#[a3]">&gt;&gt;</a>&nbsp;&nbsp;&nbsp;arm_bpf_put_reg32
<LI><a href="#[9e]">&gt;&gt;</a>&nbsp;&nbsp;&nbsp;arm_bpf_get_reg64
<LI><a href="#[a2]">&gt;&gt;</a>&nbsp;&nbsp;&nbsp;arm_bpf_get_reg32
<LI><a href="#[a7]">&gt;&gt;</a>&nbsp;&nbsp;&nbsp;_thumb32_SUBW_IMM_T4
<LI><a href="#[f7]">&gt;&gt;</a>&nbsp;&nbsp;&nbsp;_thumb32_RSBW_IMM_T2
<LI><a href="#[95]">&gt;&gt;</a>&nbsp;&nbsp;&nbsp;_thumb32_ORRW_REG_T2
<LI><a href="#[11f]">&gt;&gt;</a>&nbsp;&nbsp;&nbsp;_thumb32_LSRW_REG_T2
<LI><a href="#[120]">&gt;&gt;</a>&nbsp;&nbsp;&nbsp;_thumb32_LSLW_REG_T2
</UL>
<BR>[Called By]<UL><LI><a href="#[ec]">&gt;&gt;</a>&nbsp;&nbsp;&nbsp;build_inst
</UL>

<P><STRONG><a name="[f2]"></a>emit_alu32_imm</STRONG> (Thumb, 110 bytes, Stack size 24 bytes, jit_thumb2.o(i.emit_alu32_imm))
<BR><BR>[Stack]<UL><LI>Max Depth = 80<LI>Call Chain = emit_alu32_imm &rArr; arm_bpf_put_reg32 &rArr; _emit_str_i &rArr; emit4 &rArr; emit2
</UL>
<BR>[Calls]<UL><LI><a href="#[8f]">&gt;&gt;</a>&nbsp;&nbsp;&nbsp;emit2
<LI><a href="#[a3]">&gt;&gt;</a>&nbsp;&nbsp;&nbsp;arm_bpf_put_reg32
<LI><a href="#[a2]">&gt;&gt;</a>&nbsp;&nbsp;&nbsp;arm_bpf_get_reg32
</UL>
<BR>[Called By]<UL><LI><a href="#[ec]">&gt;&gt;</a>&nbsp;&nbsp;&nbsp;build_inst
</UL>

<P><STRONG><a name="[123]"></a>emit_alu32_reg</STRONG> (Thumb, 418 bytes, Stack size 40 bytes, jit_thumb2.o(i.emit_alu32_reg))
<BR><BR>[Stack]<UL><LI>Max Depth = 96<LI>Call Chain = emit_alu32_reg &rArr; arm_bpf_put_reg32 &rArr; _emit_str_i &rArr; emit4 &rArr; emit2
</UL>
<BR>[Calls]<UL><LI><a href="#[8d]">&gt;&gt;</a>&nbsp;&nbsp;&nbsp;emit4
<LI><a href="#[8f]">&gt;&gt;</a>&nbsp;&nbsp;&nbsp;emit2
<LI><a href="#[a3]">&gt;&gt;</a>&nbsp;&nbsp;&nbsp;arm_bpf_put_reg32
<LI><a href="#[a2]">&gt;&gt;</a>&nbsp;&nbsp;&nbsp;arm_bpf_get_reg32
<LI><a href="#[95]">&gt;&gt;</a>&nbsp;&nbsp;&nbsp;_thumb32_ORRW_REG_T2
<LI><a href="#[11f]">&gt;&gt;</a>&nbsp;&nbsp;&nbsp;_thumb32_LSRW_REG_T2
<LI><a href="#[120]">&gt;&gt;</a>&nbsp;&nbsp;&nbsp;_thumb32_LSLW_REG_T2
<LI><a href="#[121]">&gt;&gt;</a>&nbsp;&nbsp;&nbsp;_thumb32_ASRW_REG_T2
<LI><a href="#[a8]">&gt;&gt;</a>&nbsp;&nbsp;&nbsp;_emit_sub_reg
<LI><a href="#[8c]">&gt;&gt;</a>&nbsp;&nbsp;&nbsp;_emit_add_reg
</UL>
<BR>[Called By]<UL><LI><a href="#[f0]">&gt;&gt;</a>&nbsp;&nbsp;&nbsp;emit_alu64_reg
</UL>

<P><STRONG><a name="[f9]"></a>emit_mov_i64</STRONG> (Thumb, 54 bytes, Stack size 24 bytes, jit_thumb2.o(i.emit_mov_i64))
<BR><BR>[Stack]<UL><LI>Max Depth = 112<LI>Call Chain = emit_mov_i64 &rArr; arm_bpf_put_reg64 &rArr; emit_a32_mov_reg &rArr; arm_bpf_put_reg32 &rArr; _emit_str_i &rArr; emit4 &rArr; emit2
</UL>
<BR>[Calls]<UL><LI><a href="#[ee]">&gt;&gt;</a>&nbsp;&nbsp;&nbsp;emit_mov_imm
<LI><a href="#[a0]">&gt;&gt;</a>&nbsp;&nbsp;&nbsp;arm_bpf_put_reg64
</UL>
<BR>[Called By]<UL><LI><a href="#[ef]">&gt;&gt;</a>&nbsp;&nbsp;&nbsp;emit_mov_se_imm64
<LI><a href="#[ec]">&gt;&gt;</a>&nbsp;&nbsp;&nbsp;build_inst
</UL>

<P><STRONG><a name="[ee]"></a>emit_mov_imm</STRONG> (Thumb, 128 bytes, Stack size 16 bytes, jit_thumb2.o(i.emit_mov_imm))
<BR><BR>[Stack]<UL><LI>Max Depth = 48<LI>Call Chain = emit_mov_imm &rArr; emit4 &rArr; emit2
</UL>
<BR>[Calls]<UL><LI><a href="#[8d]">&gt;&gt;</a>&nbsp;&nbsp;&nbsp;emit4
<LI><a href="#[8f]">&gt;&gt;</a>&nbsp;&nbsp;&nbsp;emit2
</UL>
<BR>[Called By]<UL><LI><a href="#[fa]">&gt;&gt;</a>&nbsp;&nbsp;&nbsp;emit_ldx_reg
<LI><a href="#[f1]">&gt;&gt;</a>&nbsp;&nbsp;&nbsp;emit_u32_div_mod
<LI><a href="#[fb]">&gt;&gt;</a>&nbsp;&nbsp;&nbsp;emit_str_reg
<LI><a href="#[ef]">&gt;&gt;</a>&nbsp;&nbsp;&nbsp;emit_mov_se_imm64
<LI><a href="#[f9]">&gt;&gt;</a>&nbsp;&nbsp;&nbsp;emit_mov_i64
<LI><a href="#[f4]">&gt;&gt;</a>&nbsp;&nbsp;&nbsp;emit_a32_rsh_i64
<LI><a href="#[fe]">&gt;&gt;</a>&nbsp;&nbsp;&nbsp;build_prologue
<LI><a href="#[ec]">&gt;&gt;</a>&nbsp;&nbsp;&nbsp;build_inst
</UL>

<P><STRONG><a name="[ed]"></a>emit_mov_reg64</STRONG> (Thumb, 126 bytes, Stack size 16 bytes, jit_thumb2.o(i.emit_mov_reg64))
<BR><BR>[Stack]<UL><LI>Max Depth = 88<LI>Call Chain = emit_mov_reg64 &rArr; emit_a32_mov_reg &rArr; arm_bpf_put_reg32 &rArr; _emit_str_i &rArr; emit4 &rArr; emit2
</UL>
<BR>[Calls]<UL><LI><a href="#[da]">&gt;&gt;</a>&nbsp;&nbsp;&nbsp;emit_a32_mov_reg
<LI><a href="#[a5]">&gt;&gt;</a>&nbsp;&nbsp;&nbsp;_emit_strd_i
<LI><a href="#[9f]">&gt;&gt;</a>&nbsp;&nbsp;&nbsp;_emit_mov_reg
<LI><a href="#[9b]">&gt;&gt;</a>&nbsp;&nbsp;&nbsp;_emit_ldrd_i
</UL>
<BR>[Called By]<UL><LI><a href="#[fe]">&gt;&gt;</a>&nbsp;&nbsp;&nbsp;build_prologue
<LI><a href="#[ec]">&gt;&gt;</a>&nbsp;&nbsp;&nbsp;build_inst
</UL>

<P><STRONG><a name="[ef]"></a>emit_mov_se_imm64</STRONG> (Thumb, 34 bytes, Stack size 8 bytes, jit_thumb2.o(i.emit_mov_se_imm64))
<BR><BR>[Stack]<UL><LI>Max Depth = 120<LI>Call Chain = emit_mov_se_imm64 &rArr; emit_mov_i64 &rArr; arm_bpf_put_reg64 &rArr; emit_a32_mov_reg &rArr; arm_bpf_put_reg32 &rArr; _emit_str_i &rArr; emit4 &rArr; emit2
</UL>
<BR>[Calls]<UL><LI><a href="#[ee]">&gt;&gt;</a>&nbsp;&nbsp;&nbsp;emit_mov_imm
<LI><a href="#[f9]">&gt;&gt;</a>&nbsp;&nbsp;&nbsp;emit_mov_i64
</UL>
<BR>[Called By]<UL><LI><a href="#[ec]">&gt;&gt;</a>&nbsp;&nbsp;&nbsp;build_inst
</UL>

<P><STRONG><a name="[fd]"></a>emit_push_r64</STRONG> (Thumb, 86 bytes, Stack size 16 bytes, jit_thumb2.o(i.emit_push_r64))
<BR><BR>[Stack]<UL><LI>Max Depth = 72<LI>Call Chain = emit_push_r64 &rArr; arm_bpf_get_reg64 &rArr; _emit_ldrd_i &rArr; emit4 &rArr; emit2
</UL>
<BR>[Calls]<UL><LI><a href="#[8d]">&gt;&gt;</a>&nbsp;&nbsp;&nbsp;emit4
<LI><a href="#[8f]">&gt;&gt;</a>&nbsp;&nbsp;&nbsp;emit2
<LI><a href="#[9e]">&gt;&gt;</a>&nbsp;&nbsp;&nbsp;arm_bpf_get_reg64
<LI><a href="#[ff]">&gt;&gt;</a>&nbsp;&nbsp;&nbsp;_thumb32_PUSHW_T2
</UL>
<BR>[Called By]<UL><LI><a href="#[ec]">&gt;&gt;</a>&nbsp;&nbsp;&nbsp;build_inst
</UL>

<P><STRONG><a name="[fb]"></a>emit_str_reg</STRONG> (Thumb, 288 bytes, Stack size 32 bytes, jit_thumb2.o(i.emit_str_reg))
<BR><BR>[Stack]<UL><LI>Max Depth = 80<LI>Call Chain = emit_str_reg &rArr; emit_mov_imm &rArr; emit4 &rArr; emit2
</UL>
<BR>[Calls]<UL><LI><a href="#[124]">&gt;&gt;</a>&nbsp;&nbsp;&nbsp;is_ldst_imm
<LI><a href="#[ee]">&gt;&gt;</a>&nbsp;&nbsp;&nbsp;emit_mov_imm
<LI><a href="#[8d]">&gt;&gt;</a>&nbsp;&nbsp;&nbsp;emit4
<LI><a href="#[a2]">&gt;&gt;</a>&nbsp;&nbsp;&nbsp;arm_bpf_get_reg32
<LI><a href="#[a4]">&gt;&gt;</a>&nbsp;&nbsp;&nbsp;_emit_str_i
<LI><a href="#[8c]">&gt;&gt;</a>&nbsp;&nbsp;&nbsp;_emit_add_reg
</UL>
<BR>[Called By]<UL><LI><a href="#[ec]">&gt;&gt;</a>&nbsp;&nbsp;&nbsp;build_inst
</UL>

<P><STRONG><a name="[f1]"></a>emit_u32_div_mod</STRONG> (Thumb, 150 bytes, Stack size 32 bytes, jit_thumb2.o(i.emit_u32_div_mod))
<BR><BR>[Stack]<UL><LI>Max Depth = 88<LI>Call Chain = emit_u32_div_mod &rArr; arm_bpf_put_reg32 &rArr; _emit_str_i &rArr; emit4 &rArr; emit2
</UL>
<BR>[Calls]<UL><LI><a href="#[ee]">&gt;&gt;</a>&nbsp;&nbsp;&nbsp;emit_mov_imm
<LI><a href="#[8d]">&gt;&gt;</a>&nbsp;&nbsp;&nbsp;emit4
<LI><a href="#[a3]">&gt;&gt;</a>&nbsp;&nbsp;&nbsp;arm_bpf_put_reg32
<LI><a href="#[a2]">&gt;&gt;</a>&nbsp;&nbsp;&nbsp;arm_bpf_get_reg32
</UL>
<BR>[Called By]<UL><LI><a href="#[ec]">&gt;&gt;</a>&nbsp;&nbsp;&nbsp;build_inst
</UL>

<P><STRONG><a name="[124]"></a>is_ldst_imm</STRONG> (Thumb, 50 bytes, Stack size 0 bytes, jit_thumb2.o(i.is_ldst_imm))
<BR><BR>[Called By]<UL><LI><a href="#[fa]">&gt;&gt;</a>&nbsp;&nbsp;&nbsp;emit_ldx_reg
<LI><a href="#[fb]">&gt;&gt;</a>&nbsp;&nbsp;&nbsp;emit_str_reg
</UL>

<P><STRONG><a name="[aa]"></a>_fp_digits</STRONG> (Thumb, 366 bytes, Stack size 64 bytes, printfa.o(i._fp_digits), UNUSED)
<BR><BR>[Calls]<UL><LI><a href="#[7d]">&gt;&gt;</a>&nbsp;&nbsp;&nbsp;__aeabi_dmul
<LI><a href="#[7e]">&gt;&gt;</a>&nbsp;&nbsp;&nbsp;__aeabi_ddiv
<LI><a href="#[77]">&gt;&gt;</a>&nbsp;&nbsp;&nbsp;__aeabi_dadd
<LI><a href="#[7f]">&gt;&gt;</a>&nbsp;&nbsp;&nbsp;__aeabi_d2ulz
<LI><a href="#[ab]">&gt;&gt;</a>&nbsp;&nbsp;&nbsp;__aeabi_cdrcmple
<LI><a href="#[6f]">&gt;&gt;</a>&nbsp;&nbsp;&nbsp;__aeabi_uldivmod
</UL>
<BR>[Called By]<UL><LI><a href="#[8b]">&gt;&gt;</a>&nbsp;&nbsp;&nbsp;_printf_core
</UL>

<P><STRONG><a name="[8b]"></a>_printf_core</STRONG> (Thumb, 1744 bytes, Stack size 136 bytes, printfa.o(i._printf_core), UNUSED)
<BR><BR>[Calls]<UL><LI><a href="#[ae]">&gt;&gt;</a>&nbsp;&nbsp;&nbsp;__aeabi_uidivmod
<LI><a href="#[ac]">&gt;&gt;</a>&nbsp;&nbsp;&nbsp;_printf_pre_padding
<LI><a href="#[ad]">&gt;&gt;</a>&nbsp;&nbsp;&nbsp;_printf_post_padding
<LI><a href="#[aa]">&gt;&gt;</a>&nbsp;&nbsp;&nbsp;_fp_digits
<LI><a href="#[6f]">&gt;&gt;</a>&nbsp;&nbsp;&nbsp;__aeabi_uldivmod
</UL>
<BR>[Called By]<UL><LI><a href="#[8a]">&gt;&gt;</a>&nbsp;&nbsp;&nbsp;__0vsnprintf
</UL>

<P><STRONG><a name="[ad]"></a>_printf_post_padding</STRONG> (Thumb, 36 bytes, Stack size 24 bytes, printfa.o(i._printf_post_padding), UNUSED)
<BR><BR>[Called By]<UL><LI><a href="#[8b]">&gt;&gt;</a>&nbsp;&nbsp;&nbsp;_printf_core
</UL>

<P><STRONG><a name="[ac]"></a>_printf_pre_padding</STRONG> (Thumb, 46 bytes, Stack size 24 bytes, printfa.o(i._printf_pre_padding), UNUSED)
<BR><BR>[Called By]<UL><LI><a href="#[8b]">&gt;&gt;</a>&nbsp;&nbsp;&nbsp;_printf_core
</UL>

<P><STRONG><a name="[4c]"></a>_snputc</STRONG> (Thumb, 22 bytes, Stack size 0 bytes, printfa.o(i._snputc))
<BR>[Address Reference Count : 1]<UL><LI> printfa.o(i.__0vsnprintf)
</UL><P>
<H3>
Undefined Global Symbols
</H3><HR></body></html>
