Component: ARM Compiler 5.06 update 6 (build 750) Tool: armlink [4d35ed]

==============================================================================

Section Cross References

    main.o(.text) refers to misc.o(.text) for NVIC_PriorityGroupConfig
    main.o(.text) refers to delay.o(.text) for delay_init
    main.o(.text) refers to usart.o(.text) for uart_init
    main.o(.text) refers to led.o(.text) for LED_Init
    main.o(.text) refers to lcd.o(.text) for LCD_Init
    main.o(.text) refers to key.o(.text) for KEY_Init
    main.o(.text) refers to sram.o(.text) for FSMC_SRAM_Init
    main.o(.text) refers to malloc.o(.text) for my_mem_init
    main.o(.text) refers to ihp_cli.o(.text) for run_shell_cli
    stm32f4xx_it.o(.text) refers to __2printf.o(.text) for __2printf
    system_stm32f4xx.o(.text) refers to system_stm32f4xx.o(.data) for SystemCoreClock
    led.o(.text) refers to stm32f4xx_rcc.o(.text) for RCC_AHB1PeriphClockCmd
    led.o(.text) refers to stm32f4xx_gpio.o(.text) for GPIO_Init
    lcd.o(.text) refers to _printf_percent.o(.ARM.Collect$$_printf_percent$$00000000) for _printf_percent
    lcd.o(.text) refers to _printf_x.o(.ARM.Collect$$_printf_percent$$0000000C) for _printf_x
    lcd.o(.text) refers to _printf_hex_int_ll_ptr.o(.text) for _printf_longlong_hex
    lcd.o(.text) refers to delay.o(.text) for delay_us
    lcd.o(.text) refers to lcd.o(.bss) for lcddev
    lcd.o(.text) refers to lcd.o(.data) for POINT_COLOR
    lcd.o(.text) refers to dflt_clz.o(x$fpl$dfltu) for __aeabi_ui2d
    lcd.o(.text) refers to dmul.o(x$fpl$dmul) for __aeabi_dmul
    lcd.o(.text) refers to dfixu.o(x$fpl$dfixu) for __aeabi_d2uiz
    lcd.o(.text) refers to stm32f4xx_rcc.o(.text) for RCC_AHB1PeriphClockCmd
    lcd.o(.text) refers to stm32f4xx_gpio.o(.text) for GPIO_Init
    lcd.o(.text) refers to stm32f4xx_fsmc.o(.text) for FSMC_NORSRAMInit
    lcd.o(.text) refers to __2printf.o(.text) for __2printf
    lcd.o(.text) refers to lcd.o(.constdata) for asc2_1206
    key.o(.text) refers to stm32f4xx_rcc.o(.text) for RCC_AHB1PeriphClockCmd
    key.o(.text) refers to stm32f4xx_gpio.o(.text) for GPIO_Init
    key.o(.text) refers to delay.o(.text) for delay_ms
    key.o(.text) refers to key.o(.data) for key_up
    sram.o(.text) refers to stm32f4xx_rcc.o(.text) for RCC_AHB1PeriphClockCmd
    sram.o(.text) refers to stm32f4xx_gpio.o(.text) for GPIO_Init
    sram.o(.text) refers to stm32f4xx_fsmc.o(.text) for FSMC_NORSRAMInit
    delay.o(.text) refers to misc.o(.text) for SysTick_CLKSourceConfig
    delay.o(.text) refers to delay.o(.data) for fac_us
    usart.o(.rev16_text) refers (Special) to use_no_semi_2.o(.text) for __use_no_semihosting
    usart.o(.revsh_text) refers (Special) to use_no_semi_2.o(.text) for __use_no_semihosting
    usart.o(.text) refers (Special) to use_no_semi_2.o(.text) for __use_no_semihosting
    usart.o(.text) refers to stm32f4xx_rcc.o(.text) for RCC_AHB1PeriphClockCmd
    usart.o(.text) refers to stm32f4xx_gpio.o(.text) for GPIO_PinAFConfig
    usart.o(.text) refers to stm32f4xx_usart.o(.text) for USART_Init
    usart.o(.text) refers to misc.o(.text) for NVIC_Init
    usart.o(.text) refers to usart.o(.data) for USART_RX_STA
    usart.o(.text) refers to usart.o(.bss) for USART_RX_BUF
    usart.o(.bss) refers (Special) to use_no_semi_2.o(.text) for __use_no_semihosting
    usart.o(.data) refers (Special) to use_no_semi_2.o(.text) for __use_no_semihosting
    startup_stm32f40_41xxx.o(STACK) refers (Special) to heapauxi.o(.text) for __use_two_region_memory
    startup_stm32f40_41xxx.o(HEAP) refers (Special) to heapauxi.o(.text) for __use_two_region_memory
    startup_stm32f40_41xxx.o(RESET) refers (Special) to heapauxi.o(.text) for __use_two_region_memory
    startup_stm32f40_41xxx.o(RESET) refers to startup_stm32f40_41xxx.o(STACK) for __initial_sp
    startup_stm32f40_41xxx.o(RESET) refers to startup_stm32f40_41xxx.o(.text) for Reset_Handler
    startup_stm32f40_41xxx.o(RESET) refers to stm32f4xx_it.o(.text) for NMI_Handler
    startup_stm32f40_41xxx.o(RESET) refers to cortex-m4_fbp.o(.emb_text) for DebugMon_Handler
    startup_stm32f40_41xxx.o(RESET) refers to usart.o(.text) for USART1_IRQHandler
    startup_stm32f40_41xxx.o(.text) refers (Special) to heapauxi.o(.text) for __use_two_region_memory
    startup_stm32f40_41xxx.o(.text) refers to system_stm32f4xx.o(.text) for SystemInit
    startup_stm32f40_41xxx.o(.text) refers to __main.o(!!!main) for __main
    startup_stm32f40_41xxx.o(.text) refers to startup_stm32f40_41xxx.o(HEAP) for Heap_Mem
    startup_stm32f40_41xxx.o(.text) refers to startup_stm32f40_41xxx.o(STACK) for Stack_Mem
    stm32f4xx_gpio.o(.text) refers to stm32f4xx_rcc.o(.text) for RCC_AHB1PeriphResetCmd
    stm32f4xx_fsmc.o(.text) refers to stm32f4xx_fsmc.o(.constdata) for FSMC_DefaultTimingStruct
    stm32f4xx_rcc.o(.text) refers to stm32f4xx_rcc.o(.data) for APBAHBPrescTable
    stm32f4xx_syscfg.o(.text) refers to stm32f4xx_rcc.o(.text) for RCC_APB2PeriphResetCmd
[...]
    BusFault_Handler                         0x080004d5   Thumb Code     4  stm32f4xx_it.o(.text)
    UsageFault_Handler                       0x080004d9   Thumb Code     4  stm32f4xx_it.o(.text)
    SVC_Handler                              0x080004dd   Thumb Code     2  stm32f4xx_it.o(.text)
    PendSV_Handler                           0x080004df   Thumb Code     2  stm32f4xx_it.o(.text)
    SysTick_Handler                          0x080004e1   Thumb Code     2  stm32f4xx_it.o(.text)
    SystemInit                               0x080005dd   Thumb Code    88  system_stm32f4xx.o(.text)
    SystemCoreClockUpdate                    0x08000635   Thumb Code   174  system_stm32f4xx.o(.text)
    LED_Init                                 0x08000711   Thumb Code    60  led.o(.text)
    LCD_WR_REG                               0x08000751   Thumb Code    18  lcd.o(.text)
    LCD_WR_DATA                              0x08000763   Thumb Code    20  lcd.o(.text)
    LCD_RD_DATA                              0x08000777   Thumb Code    16  lcd.o(.text)
    LCD_WriteReg                             0x08000787   Thumb Code    14  lcd.o(.text)
    LCD_ReadReg                              0x08000795   Thumb Code    22  lcd.o(.text)
    LCD_WriteRAM_Prepare                     0x080007ab   Thumb Code    10  lcd.o(.text)
    LCD_WriteRAM                             0x080007b5   Thumb Code     8  lcd.o(.text)
    LCD_BGR2RGB                              0x080007bd   Thumb Code    26  lcd.o(.text)
    opt_delay                                0x080007d7   Thumb Code    14  lcd.o(.text)
    LCD_SetCursor                            0x080007e5   Thumb Code   418  lcd.o(.text)
    LCD_ReadPoint                            0x08000987   Thumb Code   360  lcd.o(.text)
    LCD_DisplayOn                            0x08000aef   Thumb Code   102  lcd.o(.text)
    LCD_DisplayOff                           0x08000b55   Thumb Code    90  lcd.o(.text)
    LCD_Scan_Dir                             0x08000baf   Thumb Code   744  lcd.o(.text)
    LCD_DrawPoint                            0x08000e97   Thumb Code    28  lcd.o(.text)
    LCD_Fast_DrawPoint                       0x08000eb3   Thumb Code   388  lcd.o(.text)
    LCD_SSD_BackLightSet                     0x08001037   Thumb Code    88  lcd.o(.text)
    LCD_Display_Dir                          0x0800108f   Thumb Code   444  lcd.o(.text)
    LCD_Set_Window                           0x0800124b   Thumb Code   546  lcd.o(.text)
    LCD_Clear                                0x0800146d   Thumb Code   100  lcd.o(.text)
    LCD_Init                                 0x080014d1   Thumb Code 14696  lcd.o(.text)
    LCD_Fill                                 0x08004e39   Thumb Code   180  lcd.o(.text)
    LCD_Color_Fill                           0x08004eed   Thumb Code   100  lcd.o(.text)
    LCD_DrawLine                             0x08004f51   Thumb Code   176  lcd.o(.text)
    LCD_DrawRectangle                        0x08005001   Thumb Code    60  lcd.o(.text)
    LCD_Draw_Circle                          0x0800503d   Thumb Code   152  lcd.o(.text)
    LCD_ShowChar                             0x080050d5   Thumb Code   272  lcd.o(.text)
    LCD_Pow                                  0x080051e5   Thumb Code    22  lcd.o(.text)
    LCD_ShowNum                              0x080051fb   Thumb Code   148  lcd.o(.text)
    LCD_ShowxNum                             0x0800528f   Thumb Code   220  lcd.o(.text)
    LCD_ShowString                           0x0800536b   Thumb Code   102  lcd.o(.text)
    KEY_Init                                 0x080053d1   Thumb Code    60  key.o(.text)
    KEY_Scan                                 0x0800540d   Thumb Code   188  key.o(.text)
    FSMC_SRAM_Init                           0x080054d5   Thumb Code   694  sram.o(.text)
    FSMC_SRAM_WriteBuffer                    0x0800578b   Thumb Code    24  sram.o(.text)
    FSMC_SRAM_ReadBuffer                     0x080057a3   Thumb Code    22  sram.o(.text)
    fsmc_sram_test_write                     0x080057b9   Thumb Code    16  sram.o(.text)
    fsmc_sram_test_read                      0x080057c9   Thumb Code    20  sram.o(.text)
    delay_init                               0x080057f1   Thumb Code    52  delay.o(.text)
    delay_us                                 0x08005825   Thumb Code    72  delay.o(.text)
    delay_xms                                0x0800586d   Thumb Code    72  delay.o(.text)
    delay_ms                                 0x080058b5   Thumb Code    56  delay.o(.text)
    _sys_exit                                0x080058f5   Thumb Code     4  usart.o(.text)
    fputc                                    0x080058f9   Thumb Code    22  usart.o(.text)
    uart_init                                0x0800590f   Thumb Code   164  usart.o(.text)
    uart_putchar                             0x080059b3   Thumb Code    20  usart.o(.text)
    USART1_IRQHandler                        0x080059c7   Thumb Code   122  usart.o(.text)
    Reset_Handler                            0x08005a51   Thumb Code     8  startup_stm32f40_41xxx.o(.text)
    ADC_IRQHandler                           0x08005a6b   Thumb Code     0  startup_stm32f40_41xxx.o(.text)
    CAN1_RX0_IRQHandler                      0x08005a6b   Thumb Code     0  startup_stm32f40_41xxx.o(.text)
    CAN1_RX1_IRQHandler                      0x08005a6b   Thumb Code     0  startup_stm32f40_41xxx.o(.text)
    CAN1_SCE_IRQHandler                      0x08005a6b   Thumb Code     0  startup_stm32f40_41xxx.o(.text)
    CAN1_TX_IRQHandler                       0x08005a6b   Thumb Code     0  startup_stm32f40_41xxx.o(.text)
    CAN2_RX0_IRQHandler                      0x08005a6b   Thumb Code     0  startup_stm32f40_41xxx.o(.text)
    CAN2_RX1_IRQHandler                      0x08005a6b   Thumb Code     0  startup_stm32f40_41xxx.o(.text)
    CAN2_SCE_IRQHandler                      0x08005a6b   Thumb Code     0  startup_stm32f40_41xxx.o(.text)
    CAN2_TX_IRQHandler                       0x08005a6b   Thumb Code     0  startup_stm32f40_41xxx.o(.text)
    CRYP_IRQHandler                          0x08005a6b   Thumb Code     0  startup_stm32f40_41xxx.o(.text)
    DCMI_IRQHandler                          0x08005a6b   Thumb Code     0  startup_stm32f40_41xxx.o(.text)
    DMA1_Stream0_IRQHandler                  0x08005a6b   Thumb Code     0  startup_stm32f40_41xxx.o(.text)
    DMA1_Stream1_IRQHandler                  0x08005a6b   Thumb Code     0  startup_stm32f40_41xxx.o(.text)
    DMA1_Stream2_IRQHandler                  0x08005a6b   Thumb Code     0  startup_stm32f40_41xxx.o(.text)
    DMA1_Stream3_IRQHandler                  0x08005a6b   Thumb Code     0  startup_stm32f40_41xxx.o(.text)
    DMA1_Stream4_IRQHandler                  0x08005a6b   Thumb Code     0  startup_stm32f40_41xxx.o(.text)
    DMA1_Stream5_IRQHandler                  0x08005a6b   Thumb Code     0  startup_stm32f40_41xxx.o(.text)
    DMA1_Stream6_IRQHandler                  0x08005a6b   Thumb Code     0  startup_stm32f40_41xxx.o(.text)
    DMA1_Stream7_IRQHandler                  0x08005a6b   Thumb Code     0  startup_stm32f40_41xxx.o(.text)
    DMA2_Stream0_IRQHandler                  0x08005a6b   Thumb Code     0  startup_stm32f40_41xxx.o(.text)
    DMA2_Stream1_IRQHandler                  0x08005a6b   Thumb Code     0  startup_stm32f40_41xxx.o(.text)
    DMA2_Stream2_IRQHandler                  0x08005a6b   Thumb Code     0  startup_stm32f40_41xxx.o(.text)
    DMA2_Stream3_IRQHandler                  0x08005a6b   Thumb Code     0  startup_stm32f40_41xxx.o(.text)
    DMA2_Stream4_IRQHandler                  0x08005a6b   Thumb Code     0  startup_stm32f40_41xxx.o(.text)
    DMA2_Stream5_IRQHandler                  0x08005a6b   Thumb Code     0  startup_stm32f40_41xxx.o(.text)
    DMA2_Stream6_IRQHandler                  0x08005a6b   Thumb Code     0  startup_stm32f40_41xxx.o(.text)
    DMA2_Stream7_IRQHandler                  0x08005a6b   Thumb Code     0  startup_stm32f40_41xxx.o(.text)
    ETH_IRQHandler                           0x08005a6b   Thumb Code     0  startup_stm32f40_41xxx.o(.text)
    ETH_WKUP_IRQHandler                      0x08005a6b   Thumb Code     0  startup_stm32f40_41xxx.o(.text)
    EXTI0_IRQHandler                         0x08005a6b   Thumb Code     0  startup_stm32f40_41xxx.o(.text)
    EXTI15_10_IRQHandler                     0x08005a6b   Thumb Code     0  startup_stm32f40_41xxx.o(.text)
    EXTI1_IRQHandler                         0x08005a6b   Thumb Code     0  startup_stm32f40_41xxx.o(.text)
    EXTI2_IRQHandler                         0x08005a6b   Thumb Code     0  startup_stm32f40_41xxx.o(.text)
    EXTI3_IRQHandler                         0x08005a6b   Thumb Code     0  startup_stm32f40_41xxx.o(.text)
    EXTI4_IRQHandler                         0x08005a6b   Thumb Code     0  startup_stm32f40_41xxx.o(.text)
    EXTI9_5_IRQHandler                       0x08005a6b   Thumb Code     0  startup_stm32f40_41xxx.o(.text)
    FLASH_IRQHandler                         0x08005a6b   Thumb Code     0  startup_stm32f40_41xxx.o(.text)
    FPU_IRQHandler                           0x08005a6b   Thumb Code     0  startup_stm32f40_41xxx.o(.text)
    FSMC_IRQHandler                          0x08005a6b   Thumb Code     0  startup_stm32f40_41xxx.o(.text)
    HASH_RNG_IRQHandler                      0x08005a6b   Thumb Code     0  startup_stm32f40_41xxx.o(.text)
    I2C1_ER_IRQHandler                       0x08005a6b   Thumb Code     0  startup_stm32f40_41xxx.o(.text)
    I2C1_EV_IRQHandler                       0x08005a6b   Thumb Code     0  startup_stm32f40_41xxx.o(.text)
    I2C2_ER_IRQHandler                       0x08005a6b   Thumb Code     0  startup_stm32f40_41xxx.o(.text)
    I2C2_EV_IRQHandler                       0x08005a6b   Thumb Code     0  startup_stm32f40_41xxx.o(.text)
    I2C3_ER_IRQHandler                       0x08005a6b   Thumb Code     0  startup_stm32f40_41xxx.o(.text)
    I2C3_EV_IRQHandler                       0x08005a6b   Thumb Code     0  startup_stm32f40_41xxx.o(.text)
    OTG_FS_IRQHandler                        0x08005a6b   Thumb Code     0  startup_stm32f40_41xxx.o(.text)
    OTG_FS_WKUP_IRQHandler                   0x08005a6b   Thumb Code     0  startup_stm32f40_41xxx.o(.text)
    OTG_HS_EP1_IN_IRQHandler                 0x08005a6b   Thumb Code     0  startup_stm32f40_41xxx.o(.text)
    OTG_HS_EP1_OUT_IRQHandler                0x08005a6b   Thumb Code     0  startup_stm32f40_41xxx.o(.text)
    OTG_HS_IRQHandler                        0x08005a6b   Thumb Code     0  startup_stm32f40_41xxx.o(.text)
    OTG_HS_WKUP_IRQHandler                   0x08005a6b   Thumb Code     0  startup_stm32f40_41xxx.o(.text)
    PVD_IRQHandler                           0x08005a6b   Thumb Code     0  startup_stm32f40_41xxx.o(.text)
    RCC_IRQHandler                           0x08005a6b   Thumb Code     0  startup_stm32f40_41xxx.o(.text)
    RTC_Alarm_IRQHandler                     0x08005a6b   Thumb Code     0  startup_stm32f40_41xxx.o(.text)
    RTC_WKUP_IRQHandler                      0x08005a6b   Thumb Code     0  startup_stm32f40_41xxx.o(.text)
    SDIO_IRQHandler                          0x08005a6b   Thumb Code     0  startup_stm32f40_41xxx.o(.text)
    SPI1_IRQHandler                          0x08005a6b   Thumb Code     0  startup_stm32f40_41xxx.o(.text)
    SPI2_IRQHandler                          0x08005a6b   Thumb Code     0  startup_stm32f40_41xxx.o(.text)
    SPI3_IRQHandler                          0x08005a6b   Thumb Code     0  startup_stm32f40_41xxx.o(.text)
    TAMP_STAMP_IRQHandler                    0x08005a6b   Thumb Code     0  startup_stm32f40_41xxx.o(.text)
    TIM1_BRK_TIM9_IRQHandler                 0x08005a6b   Thumb Code     0  startup_stm32f40_41xxx.o(.text)
    TIM1_CC_IRQHandler                       0x08005a6b   Thumb Code     0  startup_stm32f40_41xxx.o(.text)
    TIM1_TRG_COM_TIM11_IRQHandler            0x08005a6b   Thumb Code     0  startup_stm32f40_41xxx.o(.text)
    TIM1_UP_TIM10_IRQHandler                 0x08005a6b   Thumb Code     0  startup_stm32f40_41xxx.o(.text)
    TIM2_IRQHandler                          0x08005a6b   Thumb Code     0  startup_stm32f40_41xxx.o(.text)
    TIM3_IRQHandler                          0x08005a6b   Thumb Code     0  startup_stm32f40_41xxx.o(.text)
    TIM4_IRQHandler                          0x08005a6b   Thumb Code     0  startup_stm32f40_41xxx.o(.text)
    TIM5_IRQHandler                          0x08005a6b   Thumb Code     0  startup_stm32f40_41xxx.o(.text)
    TIM6_DAC_IRQHandler                      0x08005a6b   Thumb Code     0  startup_stm32f40_41xxx.o(.text)
    TIM7_IRQHandler                          0x08005a6b   Thumb Code     0  startup_stm32f40_41xxx.o(.text)
    TIM8_BRK_TIM12_IRQHandler                0x08005a6b   Thumb Code     0  startup_stm32f40_41xxx.o(.text)
    TIM8_CC_IRQHandler                       0x08005a6b   Thumb Code     0  startup_stm32f40_41xxx.o(.text)
    TIM8_TRG_COM_TIM14_IRQHandler            0x08005a6b   Thumb Code     0  startup_stm32f40_41xxx.o(.text)
    TIM8_UP_TIM13_IRQHandler                 0x08005a6b   Thumb Code     0  startup_stm32f40_41xxx.o(.text)
    UART4_IRQHandler                         0x08005a6b   Thumb Code     0  startup_stm32f40_41xxx.o(.text)
    UART5_IRQHandler                         0x08005a6b   Thumb Code     0  startup_stm32f40_41xxx.o(.text)
    USART2_IRQHandler                        0x08005a6b   Thumb Code     0  startup_stm32f40_41xxx.o(.text)
    USART3_IRQHandler                        0x08005a6b   Thumb Code     0  startup_stm32f40_41xxx.o(.text)
    USART6_IRQHandler                        0x08005a6b   Thumb Code     0  startup_stm32f40_41xxx.o(.text)
    WWDG_IRQHandler                          0x08005a6b   Thumb Code     0  startup_stm32f40_41xxx.o(.text)
    __user_initial_stackheap                 0x08005a6d   Thumb Code     0  startup_stm32f40_41xxx.o(.text)
    NVIC_PriorityGroupConfig                 0x08005a91   Thumb Code    10  misc.o(.text)
    NVIC_Init                                0x08005a9b   Thumb Code   106  misc.o(.text)
    NVIC_SetVectorTable                      0x08005b05   Thumb Code    14  misc.o(.text)
    NVIC_SystemLPConfig                      0x08005b13   Thumb Code    34  misc.o(.text)
    SysTick_CLKSourceConfig                  0x08005b35   Thumb Code    40  misc.o(.text)
    GPIO_DeInit                              0x08005b71   Thumb Code   268  stm32f4xx_gpio.o(.text)
    GPIO_Init                                0x08005c7d   Thumb Code   144  stm32f4xx_gpio.o(.text)
    GPIO_StructInit                          0x08005d0d   Thumb Code    18  stm32f4xx_gpio.o(.text)
    GPIO_PinLockConfig                       0x08005d1f   Thumb Code    34  stm32f4xx_gpio.o(.text)
    GPIO_ReadInputDataBit                    0x08005d41   Thumb Code    18  stm32f4xx_gpio.o(.text)
    GPIO_ReadInputData                       0x08005d53   Thumb Code     8  stm32f4xx_gpio.o(.text)
    GPIO_ReadOutputDataBit                   0x08005d5b   Thumb Code    18  stm32f4xx_gpio.o(.text)
    GPIO_ReadOutputData                      0x08005d6d   Thumb Code     8  stm32f4xx_gpio.o(.text)
    GPIO_SetBits                             0x08005d75   Thumb Code     4  stm32f4xx_gpio.o(.text)
    GPIO_ResetBits                           0x08005d79   Thumb Code     4  stm32f4xx_gpio.o(.text)
    GPIO_WriteBit                            0x08005d7d   Thumb Code    10  stm32f4xx_gpio.o(.text)
    GPIO_Write                               0x08005d87   Thumb Code     4  stm32f4xx_gpio.o(.text)
    GPIO_ToggleBits                          0x08005d8b   Thumb Code     8  stm32f4xx_gpio.o(.text)
    GPIO_PinAFConfig                         0x08005d93   Thumb Code    70  stm32f4xx_gpio.o(.text)
    FSMC_NORSRAMDeInit                       0x08005e05   Thumb Code    54  stm32f4xx_fsmc.o(.text)
    FSMC_NORSRAMInit                         0x08005e3b   Thumb Code   230  stm32f4xx_fsmc.o(.text)
    FSMC_NORSRAMStructInit                   0x08005f21   Thumb Code    48  stm32f4xx_fsmc.o(.text)
    FSMC_NORSRAMCmd                          0x08005f51   Thumb Code    46  stm32f4xx_fsmc.o(.text)
    FSMC_NANDDeInit                          0x08005f7f   Thumb Code    62  stm32f4xx_fsmc.o(.text)
    FSMC_NANDInit                            0x08005fbd   Thumb Code   132  stm32f4xx_fsmc.o(.text)
    FSMC_NANDStructInit                      0x08006041   Thumb Code    54  stm32f4xx_fsmc.o(.text)
    FSMC_NANDCmd                             0x08006077   Thumb Code    86  stm32f4xx_fsmc.o(.text)
    FSMC_NANDECCCmd                          0x080060cd   Thumb Code    86  stm32f4xx_fsmc.o(.text)
    FSMC_GetECC                              0x08006123   Thumb Code    24  stm32f4xx_fsmc.o(.text)
    FSMC_PCCARDDeInit                        0x0800613b   Thumb Code    36  stm32f4xx_fsmc.o(.text)
    FSMC_PCCARDInit                          0x0800615f   Thumb Code   130  stm32f4xx_fsmc.o(.text)
    FSMC_PCCARDStructInit                    0x080061e1   Thumb Code    60  stm32f4xx_fsmc.o(.text)
    FSMC_PCCARDCmd                           0x0800621d   Thumb Code    44  stm32f4xx_fsmc.o(.text)
    FSMC_ITConfig                            0x08006249   Thumb Code   128  stm32f4xx_fsmc.o(.text)
    FSMC_GetFlagStatus                       0x080062c9   Thumb Code    54  stm32f4xx_fsmc.o(.text)
    FSMC_ClearFlag                           0x080062ff   Thumb Code    74  stm32f4xx_fsmc.o(.text)
    FSMC_GetITStatus                         0x08006349   Thumb Code    62  stm32f4xx_fsmc.o(.text)
    FSMC_ClearITPendingBit                   0x08006387   Thumb Code    66  stm32f4xx_fsmc.o(.text)
    RCC_DeInit                               0x080063cd   Thumb Code    82  stm32f4xx_rcc.o(.text)
    RCC_HSEConfig                            0x0800641f   Thumb Code    14  stm32f4xx_rcc.o(.text)
    RCC_GetFlagStatus                        0x0800642d   Thumb Code    60  stm32f4xx_rcc.o(.text)
    RCC_WaitForHSEStartUp                    0x08006469   Thumb Code    56  stm32f4xx_rcc.o(.text)
    RCC_AdjustHSICalibrationValue            0x080064a1   Thumb Code    20  stm32f4xx_rcc.o(.text)
    RCC_HSICmd                               0x080064b5   Thumb Code     6  stm32f4xx_rcc.o(.text)
    RCC_LSEConfig                            0x080064bb   Thumb Code    46  stm32f4xx_rcc.o(.text)
    RCC_LSICmd                               0x080064e9   Thumb Code     6  stm32f4xx_rcc.o(.text)
    RCC_PLLConfig                            0x080064ef   Thumb Code    32  stm32f4xx_rcc.o(.text)
    RCC_PLLCmd                               0x0800650f   Thumb Code     6  stm32f4xx_rcc.o(.text)
    RCC_PLLI2SConfig                         0x08006515   Thumb Code    14  stm32f4xx_rcc.o(.text)
    RCC_PLLI2SCmd                            0x08006523   Thumb Code     6  stm32f4xx_rcc.o(.text)
    RCC_PLLSAIConfig                         0x08006529   Thumb Code    20  stm32f4xx_rcc.o(.text)
    RCC_PLLSAICmd                            0x0800653d   Thumb Code     6  stm32f4xx_rcc.o(.text)
    RCC_ClockSecuritySystemCmd               0x08006543   Thumb Code     6  stm32f4xx_rcc.o(.text)
    RCC_MCO1Config                           0x08006549   Thumb Code    28  stm32f4xx_rcc.o(.text)
    RCC_MCO2Config                           0x08006565   Thumb Code    28  stm32f4xx_rcc.o(.text)
    RCC_SYSCLKConfig                         0x08006581   Thumb Code    20  stm32f4xx_rcc.o(.text)
    RCC_GetSYSCLKSource                      0x08006595   Thumb Code    12  stm32f4xx_rcc.o(.text)
    RCC_HCLKConfig                           0x080065a1   Thumb Code    20  stm32f4xx_rcc.o(.text)
    RCC_PCLK1Config                          0x080065b5   Thumb Code    20  stm32f4xx_rcc.o(.text)
    RCC_PCLK2Config                          0x080065c9   Thumb Code    22  stm32f4xx_rcc.o(.text)
    RCC_GetClocksFreq                        0x080065df   Thumb Code   222  stm32f4xx_rcc.o(.text)
    RCC_RTCCLKConfig                         0x080066bd   Thumb Code    54  stm32f4xx_rcc.o(.text)
    RCC_RTCCLKCmd                            0x080066f3   Thumb Code     8  stm32f4xx_rcc.o(.text)
    RCC_BackupResetCmd                       0x080066fb   Thumb Code     8  stm32f4xx_rcc.o(.text)
    RCC_I2SCLKConfig                         0x08006703   Thumb Code     6  stm32f4xx_rcc.o(.text)
    RCC_SAIPLLI2SClkDivConfig                0x08006709   Thumb Code    26  stm32f4xx_rcc.o(.text)
    RCC_SAIPLLSAIClkDivConfig                0x08006723   Thumb Code    28  stm32f4xx_rcc.o(.text)
    RCC_SAIBlockACLKConfig                   0x0800673f   Thumb Code    20  stm32f4xx_rcc.o(.text)
    RCC_SAIBlockBCLKConfig                   0x08006753   Thumb Code    20  stm32f4xx_rcc.o(.text)
    RCC_LTDCCLKDivConfig                     0x08006767   Thumb Code    20  stm32f4xx_rcc.o(.text)
    RCC_TIMCLKPresConfig                     0x0800677b   Thumb Code     6  stm32f4xx_rcc.o(.text)
    RCC_AHB1PeriphClockCmd                   0x08006781   Thumb Code    34  stm32f4xx_rcc.o(.text)
    RCC_AHB2PeriphClockCmd                   0x080067a3   Thumb Code    78  stm32f4xx_rcc.o(.text)
    RCC_AHB3PeriphClockCmd                   0x080067f1   Thumb Code    34  stm32f4xx_rcc.o(.text)
    RCC_APB1PeriphClockCmd                   0x08006813   Thumb Code    34  stm32f4xx_rcc.o(.text)
    RCC_APB2PeriphClockCmd                   0x08006835   Thumb Code    34  stm32f4xx_rcc.o(.text)
    RCC_AHB1PeriphResetCmd                   0x08006857   Thumb Code    34  stm32f4xx_rcc.o(.text)
    RCC_AHB2PeriphResetCmd                   0x08006879   Thumb Code    34  stm32f4xx_rcc.o(.text)
    RCC_AHB3PeriphResetCmd                   0x0800689b   Thumb Code    34  stm32f4xx_rcc.o(.text)
    RCC_APB1PeriphResetCmd                   0x080068bd   Thumb Code    34  stm32f4xx_rcc.o(.text)
    RCC_APB2PeriphResetCmd                   0x080068df   Thumb Code    34  stm32f4xx_rcc.o(.text)
    RCC_AHB1PeriphClockLPModeCmd             0x08006901   Thumb Code    34  stm32f4xx_rcc.o(.text)
    RCC_AHB2PeriphClockLPModeCmd             0x08006923   Thumb Code    34  stm32f4xx_rcc.o(.text)
    RCC_AHB3PeriphClockLPModeCmd             0x08006945   Thumb Code    34  stm32f4xx_rcc.o(.text)
    RCC_APB1PeriphClockLPModeCmd             0x08006967   Thumb Code    34  stm32f4xx_rcc.o(.text)
    RCC_APB2PeriphClockLPModeCmd             0x08006989   Thumb Code    34  stm32f4xx_rcc.o(.text)
    RCC_LSEModeConfig                        0x080069ab   Thumb Code    40  stm32f4xx_rcc.o(.text)
    RCC_ITConfig                             0x080069d3   Thumb Code    34  stm32f4xx_rcc.o(.text)
    RCC_ClearFlag                            0x080069f5   Thumb Code    18  stm32f4xx_rcc.o(.text)
    RCC_GetITStatus                          0x08006a07   Thumb Code    22  stm32f4xx_rcc.o(.text)
    RCC_ClearITPendingBit                    0x08006a1d   Thumb Code     8  stm32f4xx_rcc.o(.text)
    USART_DeInit                             0x08006a29   Thumb Code   206  stm32f4xx_usart.o(.text)
    USART_Init                               0x08006af7   Thumb Code   204  stm32f4xx_usart.o(.text)
    USART_StructInit                         0x08006bc3   Thumb Code    24  stm32f4xx_usart.o(.text)
    USART_ClockInit                          0x08006bdb   Thumb Code    32  stm32f4xx_usart.o(.text)
    USART_ClockStructInit                    0x08006bfb   Thumb Code    12  stm32f4xx_usart.o(.text)
    USART_Cmd                                0x08006c07   Thumb Code    24  stm32f4xx_usart.o(.text)
    USART_SetPrescaler                       0x08006c1f   Thumb Code    16  stm32f4xx_usart.o(.text)
    USART_OverSampling8Cmd                   0x08006c2f   Thumb Code    22  stm32f4xx_usart.o(.text)
    USART_OneBitMethodCmd                    0x08006c45   Thumb Code    24  stm32f4xx_usart.o(.text)
    USART_SendData                           0x08006c5d   Thumb Code     8  stm32f4xx_usart.o(.text)
    USART_ReceiveData                        0x08006c65   Thumb Code    10  stm32f4xx_usart.o(.text)
    USART_SetAddress                         0x08006c6f   Thumb Code    18  stm32f4xx_usart.o(.text)
    USART_ReceiverWakeUpCmd                  0x08006c81   Thumb Code    24  stm32f4xx_usart.o(.text)
    USART_WakeUpConfig                       0x08006c99   Thumb Code    18  stm32f4xx_usart.o(.text)
    USART_LINBreakDetectLengthConfig         0x08006cab   Thumb Code    18  stm32f4xx_usart.o(.text)
    USART_LINCmd                             0x08006cbd   Thumb Code    24  stm32f4xx_usart.o(.text)
    USART_SendBreak                          0x08006cd5   Thumb Code    10  stm32f4xx_usart.o(.text)
    USART_HalfDuplexCmd                      0x08006cdf   Thumb Code    24  stm32f4xx_usart.o(.text)
    USART_SetGuardTime                       0x08006cf7   Thumb Code    16  stm32f4xx_usart.o(.text)
    USART_SmartCardCmd                       0x08006d07   Thumb Code    24  stm32f4xx_usart.o(.text)
    USART_SmartCardNACKCmd                   0x08006d1f   Thumb Code    24  stm32f4xx_usart.o(.text)
    USART_IrDAConfig                         0x08006d37   Thumb Code    18  stm32f4xx_usart.o(.text)
    USART_IrDACmd                            0x08006d49   Thumb Code    24  stm32f4xx_usart.o(.text)
    USART_DMACmd                             0x08006d61   Thumb Code    18  stm32f4xx_usart.o(.text)
    USART_ITConfig                           0x08006d73   Thumb Code    74  stm32f4xx_usart.o(.text)
    USART_GetFlagStatus                      0x08006dbd   Thumb Code    26  stm32f4xx_usart.o(.text)
    USART_ClearFlag                          0x08006dd7   Thumb Code    18  stm32f4xx_usart.o(.text)
    USART_GetITStatus                        0x08006de9   Thumb Code   118  stm32f4xx_usart.o(.text)
    USART_ClearITPendingBit                  0x08006e5f   Thumb Code    30  stm32f4xx_usart.o(.text)
    mymemcpy                                 0x08006e7d   Thumb Code    26  malloc.o(.text)
    mymemset                                 0x08006e97   Thumb Code    20  malloc.o(.text)
    my_mem_init                              0x08006eab   Thumb Code    54  malloc.o(.text)
    my_mem_perused                           0x08006ee1   Thumb Code    54  malloc.o(.text)
    my_mem_malloc                            0x08006f17   Thumb Code   154  malloc.o(.text)
    my_mem_free                              0x08006fb1   Thumb Code    94  malloc.o(.text)
    myfree                                   0x0800700f   Thumb Code    32  malloc.o(.text)
    mymalloc                                 0x0800702f   Thumb Code    36  malloc.o(.text)
    myrealloc                                0x08007053   Thumb Code    68  malloc.o(.text)
    run_test_by_id                           0x08007195   Thumb Code    68  ihp_cli.o(.text)
    run_shell_cli                            0x080077bb   Thumb Code    54  ihp_cli.o(.text)
    show_cve_info                            0x0800787d   Thumb Code     2  dummy_cve.o(.text)
    test_dummy_cve                           0x08007991   Thumb Code    50  dummy_cve.o(.text)
    dynamic_patch_dummy_cve1                 0x080079c3   Thumb Code    80  dummy_cve.o(.text)
    dynamic_patch_dummy_cve2                 0x08007a13   Thumb Code    76  dummy_cve.o(.text)
    shell_get_char                           0x08007b79   Thumb Code    96  ihp_porting.o(.text)
    shell_put_char                           0x08007bd9   Thumb Code    12  ihp_porting.o(.text)
    log_print_porting                        0x08007be5   Thumb Code    38  ihp_porting.o(.text)
    calc_bpkt_addr                           0x08007c51   Thumb Code    46  cortex-m4_fbp.o(.text)
    get_hw_bkpt_num                          0x08007c7f   Thumb Code     4  cortex-m4_fbp.o(.text)
    show_hw_bkpt                             0x08007c83   Thumb Code    90  cortex-m4_fbp.o(.text)
    fpb_trampoline_0                         0x08007cdd   Thumb Code    38  cortex-m4_fbp.o(.text)
    calc_branch_instr                        0x08007d03   Thumb Code   122  cortex-m4_fbp.o(.text)
    my_gen_bw                                0x08007d7d   Thumb Code   100  cortex-m4_fbp.o(.text)
    calc_branch_w_link_instr                 0x08007de1   Thumb Code    22  cortex-m4_fbp.o(.text)
    add_hw_bkpt                              0x08007fa1   Thumb Code   424  cortex-m4_fbp.o(.text)
    clear_all_hw_bkpt                        0x08008149   Thumb Code    50  cortex-m4_fbp.o(.text)
    fpb_disable_cur_inst                     0x080081ed   Thumb Code   142  cortex-m4_fbp.o(.text)
    fpb_enable_callback                      0x0800827b   Thumb Code    74  cortex-m4_fbp.o(.text)
    leave_fpb_bpkt                           0x080082c5   Thumb Code   232  cortex-m4_fbp.o(.text)
    leave_debug_monitor                      0x08008453   Thumb Code   128  cortex-m4_fbp.o(.text)
    set_patch_mode                           0x080084d3   Thumb Code    60  cortex-m4_fbp.o(.text)
    hera_fix_func                            0x08008791   Thumb Code    36  cortex-m4_fbp.o(.text)
    test_debugmon_patch                      0x080088a3   Thumb Code    44  cortex-m4_fbp.o(.text)
    test_fpb_flash_patch                     0x080088cf   Thumb Code    52  cortex-m4_fbp.o(.text)
    test_dynamic_bug                         0x08008af5   Thumb Code    18  dynamic_patch_load.o(.text)
    show_local_patch_desc                    0x08008b1b   Thumb Code    40  dynamic_patch_load.o(.text)
    read_local_patch                         0x08008b43   Thumb Code   198  dynamic_patch_load.o(.text)
    orig_c0                                  0x08008ed9   Thumb Code    18  ebpf_test.o(.text)
    ebpf_eva                                 0x08008eeb   Thumb Code   194  ebpf_test.o(.text)
    test_ebpf_c0                             0x08008fad   Thumb Code    52  ebpf_test.o(.text)
    test_ebpf_c1                             0x08008fe1   Thumb Code    40  ebpf_test.o(.text)
    test_ebpf_c2                             0x08009009   Thumb Code    40  ebpf_test.o(.text)
    test_ebpf_c3                             0x0800907b   Thumb Code    38  ebpf_test.o(.text)
    test_ebpf_c4                             0x080090a1   Thumb Code    28  ebpf_test.o(.text)
    test_ebpf_c5                             0x080090bd   Thumb Code   496  ebpf_test.o(.text)
    test_ebpf_c6                             0x080092ad   Thumb Code    50  ebpf_test.o(.text)
    test_ebpf_c7                             0x080092df   Thumb Code    54  ebpf_test.o(.text)
    test_ebpf_c8                             0x08009315   Thumb Code    40  ebpf_test.o(.text)
    test_ebpf_c9                             0x0800933d   Thumb Code    42  ebpf_test.o(.text)
    test_ebpf_c10                            0x08009367   Thumb Code    26  ebpf_test.o(.text)
    test_ebpf_c11                            0x08009381   Thumb Code    44  ebpf_test.o(.text)
    test_ebpf_c12                            0x080093ad   Thumb Code    56  ebpf_test.o(.text)
    test_ebpf_sfi                            0x080093e5   Thumb Code    52  ebpf_test.o(.text)
    run_ebpf_eva                             0x08009419   Thumb Code    42  ebpf_test.o(.text)
    measure_print                            0x08009443   Thumb Code    58  ebpf_test.o(.text)
    patch_num_eva                            0x0800947d   Thumb Code   146  ebpf_test.o(.text)
    test_patch_dispatcher                    0x0800950f   Thumb Code    70  ebpf_test.o(.text)
    flash_rw_speed                           0x08009555   Thumb Code    14  ebpf_test.o(.text)
    spinlock                                 0x08009565   Thumb Code     2  ebpf_test.o(.text)
    run_ebpf_test                            0x08009567   Thumb Code    18  ebpf_test.o(.text)
    show_fixed_patch_desc                    0x0800969b   Thumb Code    40  fixed_patch_load.o(.text)
    load_local_fixed_patch                   0x080096c3   Thumb Code   196  fixed_patch_load.o(.text)
    test_fixed_patch_point                   0x08009a37   Thumb Code    14  fixed_patch_points.o(.text)
    test_unbounded_loop                      0x08009afb   Thumb Code    14  fixed_patch_points.o(.text)
    dispatch_fixed_patch_point               0x08009b09   Thumb Code   190  fixed_patch_points.o(.text)
    ebpf_patch_setup                         0x08009ee7   Thumb Code    42  iotpatch.o(.text)
    init_patch_sys                           0x08009ffb   Thumb Code    72  iotpatch.o(.text)
    destroy_ebpf_patch                       0x0800a043   Thumb Code    26  iotpatch.o(.text)
    destroy_patch_context                    0x0800a05d   Thumb Code    76  iotpatch.o(.text)
    show_all_patches                         0x0800a0a9   Thumb Code    54  iotpatch.o(.text)
    notify_new_patch                         0x0800a0df   Thumb Code    30  iotpatch.o(.text)
    get_fixed_patch_by_lr                    0x0800a0fd   Thumb Code    44  iotpatch.o(.text)
    get_dynamic_patch_by_pc                  0x0800a129   Thumb Code    48  iotpatch.o(.text)
    get_dynamic_patch_by_bpkt                0x0800a159   Thumb Code    48  iotpatch.o(.text)
    get_dynamic_patch_by_fpb                 0x0800a189   Thumb Code    66  iotpatch.o(.text)
    load_local_patch_to_ctx                  0x0800a1cb   Thumb Code   114  iotpatch.o(.text)
    run_ebpf_filter                          0x0800a23d   Thumb Code   324  iotpatch.o(.text)
    start_patch_service                      0x0800a4a9   Thumb Code    10  patch_service.o(.text)
    install_usart_patch                      0x0800a4b3   Thumb Code     4  patch_service.o(.text)
    get_start_tick                           0x0800a59d   Thumb Code    12  profiling.o(.text)
    get_cur_tick                             0x0800a5a9   Thumb Code     8  profiling.o(.text)
    profile_add_event                        0x0800a5b1   Thumb Code   104  profiling.o(.text)
    profile_start                            0x0800a619   Thumb Code    16  profiling.o(.text)
    profile_end                              0x0800a629   Thumb Code    32  profiling.o(.text)
    cycles2us                                0x0800a649   Thumb Code    12  profiling.o(.text)
    profile_dump                             0x0800a655   Thumb Code    72  profiling.o(.text)
    profile_exit                             0x0800a69d   Thumb Code    22  profiling.o(.text)
    init_multiple_step_profiling             0x0800a6b3   Thumb Code    28  profiling.o(.text)
    add_mulprf_step                          0x0800a6cf   Thumb Code    64  profiling.o(.text)
    show_mulprf_steps_result                 0x0800a70f   Thumb Code    84  profiling.o(.text)
    clear_mulprf_step_profiling              0x0800a763   Thumb Code    16  profiling.o(.text)
    debug_log                                0x0800a83d   Thumb Code    26  utils.o(.text)
    str2int                                  0x0800a857   Thumb Code    30  utils.o(.text)
    byte2int                                 0x0800a875   Thumb Code    26  utils.o(.text)
    calc_bpkt_pc                             0x0800a88f   Thumb Code    22  utils.o(.text)
    clac_prev_inst_addr                      0x0800a8a5   Thumb Code    24  utils.o(.text)
    little_endian_16_bit                     0x0800a8bd   Thumb Code    10  utils.o(.text)
    darray_new                               0x0800a953   Thumb Code    36  hashmap.o(.text)
    darray_destroy                           0x0800a977   Thumb Code    14  hashmap.o(.text)
    darray_add                               0x0800a985   Thumb Code   100  hashmap.o(.text)
    darray_get                               0x0800a9e9   Thumb Code    22  hashmap.o(.text)
    darray_set                               0x0800a9ff   Thumb Code    16  hashmap.o(.text)
    darray_del                               0x0800aa0f   Thumb Code    18  hashmap.o(.text)
    arraymap_new                             0x0800aa21   Thumb Code    38  hashmap.o(.text)
    arraymap_destroy                         0x0800aa47   Thumb Code    34  hashmap.o(.text)
    arraymap_set                             0x0800aa69   Thumb Code   178  hashmap.o(.text)
    arraymap_get                             0x0800ab1b   Thumb Code    34  hashmap.o(.text)
    arraymap_iter_key                        0x0800ab3d   Thumb Code    24  hashmap.o(.text)
    arraymap_iter_val                        0x0800ab55   Thumb Code    24  hashmap.o(.text)
    arraymap_del                             0x0800ab6d   Thumb Code    84  hashmap.o(.text)
    ebpf_malloc                              0x0800ac01   Thumb Code    22  ebpf_allocator.o(.text)
    ebpf_free                                0x0800ac17   Thumb Code    12  ebpf_allocator.o(.text)
    ebpf_realloc                             0x0800ac23   Thumb Code    84  ebpf_allocator.o(.text)
    ebpf_calloc                              0x0800ac77   Thumb Code    26  ebpf_allocator.o(.text)
    get_ebpf_alloc_size                      0x0800ac91   Thumb Code     6  ebpf_allocator.o(.text)
    ebpf_register                            0x0800ad7b   Thumb Code    46  ebpf_vm.o(.text)
    set_default_helpers                      0x0800ada9   Thumb Code    54  ebpf_vm.o(.text)
    init_iot_ebpf_helpers                    0x0800addf   Thumb Code    18  ebpf_vm.o(.text)
    init_ebpf_vm                             0x0800adf1   Thumb Code    38  ebpf_vm.o(.text)
    ebpf_create                              0x0800ae17   Thumb Code    22  ebpf_vm.o(.text)
    ebpf_vm_set_inst                         0x0800ae2d   Thumb Code    32  ebpf_vm.o(.text)
    ebpf_vm_load                             0x0800ae4d   Thumb Code    56  ebpf_vm.o(.text)
    ebpf_vm_destroy                          0x0800ae85   Thumb Code    64  ebpf_vm.o(.text)
    ebpf_vm_exec                             0x0800af1b   Thumb Code  5402  ebpf_vm.o(.text)
    jit_mem_allocate                         0x0800c475   Thumb Code    44  jit.o(.text)
    jit_mem_free                             0x0800c4a1   Thumb Code    10  jit.o(.text)
    jit_state_set_mem                        0x0800c4ab   Thumb Code    16  jit.o(.text)
    gen_jit_code                             0x0800c4bb   Thumb Code    86  jit.o(.text)
    jit_mem_statistic                        0x0800c511   Thumb Code    14  jit.o(.text)
    ebpf_run_jit                             0x0800c747   Thumb Code    46  jit_thumb2.o(.text)
    jit_dump_inst                            0x0800c775   Thumb Code    52  jit_thumb2.o(.text)
    emit_ldx_reg                             0x0800d4ab   Thumb Code   274  jit_thumb2.o(.text)
    _emit_lsh64_imm                          0x0800db2d   Thumb Code   246  jit_thumb2.o(.text)
    _emit_lsh64_reg                          0x0800dc23   Thumb Code   328  jit_thumb2.o(.text)
    emit_alu64_reg                           0x0800e085   Thumb Code   146  jit_thumb2.o(.text)
    jit_compile                              0x0800e941   Thumb Code    58  jit_thumb2.o(.text)
    init_jit_state                           0x0800e97b   Thumb Code    70  jit_thumb2.o(.text)
    run_jit_func                             0x0800e9c1   Thumb Code    44  jit_thumb2.o(.text)
    jit_run_test                             0x0800e9ff   Thumb Code     8  jit_thumb2.o(.text)
    my_test_func2                            0x0800ea9d   Thumb Code    26  jit_thumb2.o(.text)
    __use_no_semihosting                     0x0800edfd   Thumb Code     2  use_no_semi_2.o(.text)
    __aeabi_uldivmod                         0x0800edff   Thumb Code     0  lludivv7m.o(.text)
    _ll_udiv                                 0x0800edff   Thumb Code   238  lludivv7m.o(.text)
    __aeabi_llsl                             0x0800eeed   Thumb Code     0  llshl.o(.text)
    _ll_shift_l                              0x0800eeed   Thumb Code    38  llshl.o(.text)
    __aeabi_llsr                             0x0800ef13   Thumb Code     0  llushr.o(.text)
    _ll_ushift_r                             0x0800ef13   Thumb Code    38  llushr.o(.text)
    __aeabi_lasr                             0x0800ef39   Thumb Code     0  llsshr.o(.text)
    _ll_sshift_r                             0x0800ef39   Thumb Code    38  llsshr.o(.text)
    vsnprintf                                0x0800ef61   Thumb Code    48  vsnprintf.o(.text)
    __2printf                                0x0800ef95   Thumb Code    20  __2printf.o(.text)
    _printf_str                              0x0800efad   Thumb Code    82  _printf_str.o(.text)
    _printf_longlong_hex                     0x0800f001   Thumb Code    86  _printf_hex_int_ll_ptr.o(.text)
    _printf_int_hex                          0x0800f057   Thumb Code    28  _printf_hex_int_ll_ptr.o(.text)
    _printf_ll_hex                           0x0800f073   Thumb Code    12  _printf_hex_int_ll_ptr.o(.text)
    _printf_hex_ptr                          0x0800f07f   Thumb Code    18  _printf_hex_int_ll_ptr.o(.text)
    __printf                                 0x0800f095   Thumb Code   388  __printf_flags_ss_wp.o(.text)
    __aeabi_memcpy                           0x0800f21d   Thumb Code     0  rt_memcpy_v6.o(.text)
    __rt_memcpy                              0x0800f21d   Thumb Code   138  rt_memcpy_v6.o(.text)
    _memcpy_lastbytes                        0x0800f283   Thumb Code     0  rt_memcpy_v6.o(.text)
    __aeabi_memcpy4                          0x0800f2a7   Thumb Code     0  rt_memcpy_w.o(.text)
    __aeabi_memcpy8                          0x0800f2a7   Thumb Code     0  rt_memcpy_w.o(.text)
    __rt_memcpy_w                            0x0800f2a7   Thumb Code   100  rt_memcpy_w.o(.text)
    _memcpy_lastbytes_aligned                0x0800f2ef   Thumb Code     0  rt_memcpy_w.o(.text)
    __aeabi_memclr                           0x0800f30b   Thumb Code     0  rt_memclr.o(.text)
    __rt_memclr                              0x0800f30b   Thumb Code    68  rt_memclr.o(.text)
    _memset                                  0x0800f30f   Thumb Code     0  rt_memclr.o(.text)
    __aeabi_memclr4                          0x0800f34f   Thumb Code     0  rt_memclr_w.o(.text)
    __aeabi_memclr8                          0x0800f34f   Thumb Code     0  rt_memclr_w.o(.text)
    __rt_memclr_w                            0x0800f34f   Thumb Code    78  rt_memclr_w.o(.text)
    _memset_w                                0x0800f353   Thumb Code     0  rt_memclr_w.o(.text)
    strcmp                                   0x0800f39d   Thumb Code   128  strcmpv7m.o(.text)
    __use_two_region_memory                  0x0800f41d   Thumb Code     2  heapauxi.o(.text)
    __rt_heap_escrow$2region                 0x0800f41f   Thumb Code     2  heapauxi.o(.text)
    __rt_heap_expand$2region                 0x0800f421   Thumb Code     2  heapauxi.o(.text)
    __I$use$semihosting                      0x0800f423   Thumb Code     0  use_no_semi.o(.text)
    __use_no_semihosting_swi                 0x0800f423   Thumb Code     2  use_no_semi.o(.text)
    _printf_pre_padding                      0x0800f425   Thumb Code    44  _printf_pad.o(.text)
    _printf_post_padding                     0x0800f451   Thumb Code    34  _printf_pad.o(.text)
    _printf_truncate_signed                  0x0800f473   Thumb Code    18  _printf_truncate.o(.text)
    _printf_truncate_unsigned                0x0800f485   Thumb Code    18  _printf_truncate.o(.text)
    _printf_int_common                       0x0800f497   Thumb Code   178  _printf_intcommon.o(.text)
    _printf_int_dec                          0x0800f549   Thumb Code   104  _printf_dec.o(.text)
    _printf_charcount                        0x0800f5c1   Thumb Code    40  _printf_charcount.o(.text)
    _printf_char_common                      0x0800f5f3   Thumb Code    32  _printf_char_common.o(.text)
    _sputc                                   0x0800f619   Thumb Code    10  _sputc.o(.text)
    _snputc                                  0x0800f623   Thumb Code    16  _snputc.o(.text)
    _printf_cs_common                        0x0800f633   Thumb Code    20  _printf_char.o(.text)
    _printf_char                             0x0800f647   Thumb Code    16  _printf_char.o(.text)
    _printf_string                           0x0800f657   Thumb Code     8  _printf_char.o(.text)
    _printf_char_file                        0x0800f661   Thumb Code    32  _printf_char_file.o(.text)
    _printf_wctomb                           0x0800f685   Thumb Code   182  _printf_wctomb.o(.text)
    _printf_longlong_dec                     0x0800f741   Thumb Code   108  _printf_longlong_dec.o(.text)
    _printf_longlong_oct                     0x0800f7bd   Thumb Code    66  _printf_oct_int_ll.o(.text)
    _printf_int_oct                          0x0800f7ff   Thumb Code    24  _printf_oct_int_ll.o(.text)
    _printf_ll_oct                           0x0800f817   Thumb Code    12  _printf_oct_int_ll.o(.text)
    _ll_udiv10                               0x0800f82d   Thumb Code   138  lludiv10.o(.text)
    __lib_sel_fp_printf                      0x0800f8b7   Thumb Code     2  _printf_fp_dec.o(.text)
    _printf_fp_dec_real                      0x0800fa69   Thumb Code   620  _printf_fp_dec.o(.text)
    _printf_fp_hex_real                      0x0800fcd5   Thumb Code   756  _printf_fp_hex.o(.text)
    _printf_lcs_common                       0x0800ffd1   Thumb Code    20  _printf_wchar.o(.text)
    _printf_wchar                            0x0800ffe5   Thumb Code    16  _printf_wchar.o(.text)
    _printf_wstring                          0x0800fff5   Thumb Code     8  _printf_wchar.o(.text)
    ferror                                   0x0800fffd   Thumb Code     8  ferror.o(.text)
    _wcrtomb                                 0x08010005   Thumb Code    64  _wcrtomb.o(.text)
    __user_setup_stackheap                   0x08010045   Thumb Code    74  sys_stackheap_outer.o(.text)
    __rt_ctype_table                         0x08010091   Thumb Code    16  rt_ctype_table.o(.text)
    __rt_locale                              0x080100a1   Thumb Code     8  rt_locale_intlibspace.o(.text)
    _printf_fp_infnan                        0x080100a9   Thumb Code   112  _printf_fp_infnan.o(.text)
    _btod_etento                             0x08010129   Thumb Code   224  bigflt0.o(.text)
    exit                                     0x0801020d   Thumb Code    18  exit.o(.text)
    __user_libspace                          0x08010221   Thumb Code     8  libspace.o(.text)
    __user_perproc_libspace                  0x08010221   Thumb Code     0  libspace.o(.text)
    __user_perthread_libspace                0x08010221   Thumb Code     0  libspace.o(.text)
    _btod_d2e                                0x08010229   Thumb Code    62  btod.o(CL$$btod_d2e)
    _d2e_denorm_low                          0x08010267   Thumb Code    70  btod.o(CL$$btod_d2e_denorm_low)
    _d2e_norm_op1                            0x080102ad   Thumb Code    96  btod.o(CL$$btod_d2e_norm_op1)
    __btod_div_common                        0x0801030d   Thumb Code   696  btod.o(CL$$btod_div_common)
    _e2e                                     0x08010645   Thumb Code   220  btod.o(CL$$btod_e2e)
    _btod_ediv                               0x08010721   Thumb Code    42  btod.o(CL$$btod_ediv)
    _btod_emul                               0x0801074b   Thumb Code    42  btod.o(CL$$btod_emul)
    __btod_mult_common                       0x08010775   Thumb Code   580  btod.o(CL$$btod_mult_common)
    __ARM_fpclassify                         0x080109b9   Thumb Code    48  fpclassify.o(i.__ARM_fpclassify)
    _is_digit                                0x080109e9   Thumb Code    14  __printf_wp.o(i._is_digit)
    _get_lc_numeric                          0x080109f9   Thumb Code    44  lc_numeric_c.o(locale$$code)
    _get_lc_ctype                            0x08010a25   Thumb Code    44  lc_ctype_c.o(locale$$code)
    __aeabi_d2uiz                            0x08010a51   Thumb Code     0  dfixu.o(x$fpl$dfixu)
    _dfixu                                   0x08010a51   Thumb Code    90  dfixu.o(x$fpl$dfixu)
    __aeabi_ui2d                             0x08010aab   Thumb Code     0  dflt_clz.o(x$fpl$dfltu)
    _dfltu                                   0x08010aab   Thumb Code    38  dflt_clz.o(x$fpl$dfltu)
    __aeabi_dmul                             0x08010ad1   Thumb Code     0  dmul.o(x$fpl$dmul)
    _dmul                                    0x08010ad1   Thumb Code   332  dmul.o(x$fpl$dmul)
    __fpl_dnaninf                            0x08010c25   Thumb Code   156  dnaninf.o(x$fpl$dnaninf)
    __fpl_dretinf                            0x08010cc1   Thumb Code    12  dretinf.o(x$fpl$dretinf)
    __aeabi_f2d                              0x08010ccd   Thumb Code     0  f2d.o(x$fpl$f2d)
    _f2d                                     0x08010ccd   Thumb Code    86  f2d.o(x$fpl$f2d)
    __fpl_fnaninf                            0x08010d23   Thumb Code   140  fnaninf.o(x$fpl$fnaninf)
    _fp_init                                 0x08010daf   Thumb Code    10  fpinit.o(x$fpl$fpinit)
    __fplib_config_fpu_vfp                   0x08010db7   Thumb Code     0  fpinit.o(x$fpl$fpinit)
    __fplib_config_pureend_doubles           0x08010db7   Thumb Code     0  fpinit.o(x$fpl$fpinit)
    _printf_fp_dec                           0x08010db9   Thumb Code     4  printf1.o(x$fpl$printf1)
    _printf_fp_hex                           0x08010dbd   Thumb Code     4  printf2.o(x$fpl$printf2)
    __I$use$fp                               0x08010dc0   Number         0  usenofp.o(x$fpl$usenofp)
    asc2_1206                                0x08010dc0   Data        1140  lcd.o(.constdata)
    asc2_1608                                0x08011234   Data        1520  lcd.o(.constdata)
    asc2_2412                                0x08011824   Data        3420  lcd.o(.constdata)
    FSMC_DefaultTimingStruct                 0x08012580   Data          28  stm32f4xx_fsmc.o(.constdata)
    memtblsize                               0x0801259c   Data          12  malloc.o(.constdata)
    memblksize                               0x080125a8   Data          12  malloc.o(.constdata)
    memsize                                  0x080125b4   Data          12  malloc.o(.constdata)
    Region$$Table$$Base                      0x08012a20   Number         0  anon$$obj.o(Region$$Table)
    Region$$Table$$Limit                     0x08012a40   Number         0  anon$$obj.o(Region$$Table)
    __ctype                                  0x08012a69   Data           0  lc_ctype_c.o(locale$$data)
    mem3base                                 0x10000000   Data       61440  malloc.o(.ARM.__AT_0x10000000)
    mem3mapbase                              0x1000f000   Data        3840  malloc.o(.ARM.__AT_0x1000F000)
    SystemCoreClock                          0x20000000   Data           4  system_stm32f4xx.o(.data)
    AHBPrescTable                            0x20000004   Data          16  system_stm32f4xx.o(.data)
    POINT_COLOR                              0x20000014   Data           2  lcd.o(.data)
    BACK_COLOR                               0x20000016   Data           2  lcd.o(.data)
    __stdout                                 0x20000020   Data           4  usart.o(.data)
    USART_RX_STA                             0x20000024   Data           2  usart.o(.data)
    mallco_dev                               0x20000038   Data          36  malloc.o(.data)
    dynamic_trigger_func_list                0x20000084   Data          12  ihp_cli.o(.data)
    fixed_trigger_func_list                  0x20000090   Data           4  ihp_cli.o(.data)
    bpkt_info                                0x200000ec   Data           2  cortex-m4_fbp.o(.data)
    test_funcs                               0x200013d8   Data          56  ebpf_test.o(.data)
    mem_size                                 0x20001940   Data           4  ebpf_allocator.o(.data)
    dval                                     0x20001948   Data           8  ebpf_vm.o(.data)
    code_t1                                  0x20001954   Data         153  jit_thumb2.o(.data)
    lcddev                                   0x200019f0   Data          14  lcd.o(.bss)
    USART_RX_BUF                             0x200019fe   Data         200  usart.o(.bss)
    mem1base                                 0x20001ae0   Data       102400  malloc.o(.bss)
    mem1mapbase                              0x2001aae0   Data        6400  malloc.o(.bss)
    log_buf                                  0x2001c464   Data         256  ihp_porting.o(.bss)
    pctx                                     0x2001c590   Data          36  iotpatch.o(.bss)
    g_jit_mem                                0x2001d2cc   Data          12  jit.o(.bss)
    g_state                                  0x2001e2d8   Data          44  jit_thumb2.o(.bss)
    __libspace_start                         0x2001e304   Data          96  libspace.o(.bss)
    __temporary_stack_top$libspace           0x2001e364   Data           0  libspace.o(.bss)
    mem2base                                 0x68000000   Data       983040  malloc.o(.ARM.__AT_0x68000000)
    mem2mapbase                              0x680f0000   Data       61440  malloc.o(.ARM.__AT_0x680F0000)



==============================================================================

Memory Map of the image

  Image Entry point : 0x08000189

  Load Region LR_IROM1 (Base: 0x08000000, Size: 0x0001455c, Max: 0x00100000, ABSOLUTE, COMPRESSED[0x00013260])

    Execution Region ER_IROM1 (Exec base: 0x08000000, Load base: 0x08000000, Size: 0x00012b6c, Max: 0x00100000, ABSOLUTE)

    Exec Addr    Load Addr    Size         Type   Attr      Idx    E Section Name        Object

    0x08000000   0x08000000   0x00000188   Data   RO          426    RESET               startup_stm32f40_41xxx.o
    0x08000188   0x08000188   0x00000008   Code   RO         1276  * !!!main             c_w.l(__main.o)
    0x08000190   0x08000190   0x00000034   Code   RO         1585    !!!scatter          c_w.l(__scatter.o)
    0x080001c4   0x080001c4   0x00000064   Code   RO         1583    !!dclz77c           c_w.l(__dclz77c.o)
    0x08000228   0x08000228   0x0000001c   Code   RO         1587    !!handler_zi        c_w.l(__scatter_zi.o)
    0x08000244   0x08000244   0x00000000   Code   RO         1263    .ARM.Collect$$_printf_percent$$00000000  c_w.l(_printf_percent.o)
    0x08000244   0x08000244   0x00000006   Code   RO         1331    .ARM.Collect$$_printf_percent$$00000001  c_w.l(_printf_n.o)
    0x0800024a   0x0800024a   0x00000006   Code   RO         1332    .ARM.Collect$$_printf_percent$$00000002  c_w.l(_printf_p.o)
    0x08000250   0x08000250   0x00000006   Code   RO         1337    .ARM.Collect$$_printf_percent$$00000003  c_w.l(_printf_f.o)
    0x08000256   0x08000256   0x00000006   Code   RO         1338    .ARM.Collect$$_printf_percent$$00000004  c_w.l(_printf_e.o)
    0x0800025c   0x0800025c   0x00000006   Code   RO         1339    .ARM.Collect$$_printf_percent$$00000005  c_w.l(_printf_g.o)
    0x08000262   0x08000262   0x00000006   Code   RO         1340    .ARM.Collect$$_printf_percent$$00000006  c_w.l(_printf_a.o)
    0x08000268   0x08000268   0x0000000a   Code   RO         1345    .ARM.Collect$$_printf_percent$$00000007  c_w.l(_printf_ll.o)
    0x08000272   0x08000272   0x00000006   Code   RO         1334    .ARM.Collect$$_printf_percent$$00000008  c_w.l(_printf_i.o)
    0x08000278   0x08000278   0x00000006   Code   RO         1335    .ARM.Collect$$_printf_percent$$00000009  c_w.l(_printf_d.o)
    0x0800027e   0x0800027e   0x00000006   Code   RO         1336    .ARM.Collect$$_printf_percent$$0000000A  c_w.l(_printf_u.o)
    0x08000284   0x08000284   0x00000006   Code   RO         1333    .ARM.Collect$$_printf_percent$$0000000B  c_w.l(_printf_o.o)
    0x0800028a   0x0800028a   0x00000006   Code   RO         1262    .ARM.Collect$$_printf_percent$$0000000C  c_w.l(_printf_x.o)
    0x08000290   0x08000290   0x00000006   Code   RO         1342    .ARM.Collect$$_printf_percent$$0000000D  c_w.l(_printf_lli.o)
    0x08000296   0x08000296   0x00000006   Code   RO         1343    .ARM.Collect$$_printf_percent$$0000000E  c_w.l(_printf_lld.o)
    0x0800029c   0x0800029c   0x00000006   Code   RO         1344    .ARM.Collect$$_printf_percent$$0000000F  c_w.l(_printf_llu.o)
    0x080002a2   0x080002a2   0x00000006   Code   RO         1349    .ARM.Collect$$_printf_percent$$00000010  c_w.l(_printf_llo.o)
    0x080002a8   0x080002a8   0x00000006   Code   RO         1350    .ARM.Collect$$_printf_percent$$00000011  c_w.l(_printf_llx.o)
    0x080002ae   0x080002ae   0x0000000a   Code   RO         1346    .ARM.Collect$$_printf_percent$$00000012  c_w.l(_printf_l.o)
    0x080002b8   0x080002b8   0x00000006   Code   RO         1330    .ARM.Collect$$_printf_percent$$00000013  c_w.l(_printf_c.o)
    0x080002be   0x080002be   0x00000006   Code   RO         1261    .ARM.Collect$$_printf_percent$$00000014  c_w.l(_printf_s.o)
    0x080002c4   0x080002c4   0x00000006   Code   RO         1347    .ARM.Collect$$_printf_percent$$00000015  c_w.l(_printf_lc.o)
    0x080002ca   0x080002ca   0x00000006   Code   RO         1348    .ARM.Collect$$_printf_percent$$00000016  c_w.l(_printf_ls.o)
    0x080002d0   0x080002d0   0x00000004   Code   RO         1341    .ARM.Collect$$_printf_percent$$00000017  c_w.l(_printf_percent_end.o)
    0x080002d4   0x080002d4   0x00000002   Code   RO         1450    .ARM.Collect$$libinit$$00000000  c_w.l(libinit.o)
    0x080002d6   0x080002d6   0x00000004   Code   RO         1469    .ARM.Collect$$libinit$$00000001  c_w.l(libinit2.o)
    0x080002da   0x080002da   0x00000000   Code   RO         1472    .ARM.Collect$$libinit$$00000004  c_w.l(libinit2.o)
    0x080002da   0x080002da   0x00000000   Code   RO         1475    .ARM.Collect$$libinit$$0000000A  c_w.l(libinit2.o)
    0x080002da   0x080002da   0x00000000   Code   RO         1477    .ARM.Collect$$libinit$$0000000C  c_w.l(libinit2.o)
    0x080002da   0x080002da   0x00000000   Code   RO         1479    .ARM.Collect$$libinit$$0000000E  c_w.l(libinit2.o)
    0x080002da   0x080002da   0x00000006   Code   RO         1480    .ARM.Collect$$libinit$$0000000F  c_w.l(libinit2.o)
    0x080002e0   0x080002e0   0x00000000   Code   RO         1482    .ARM.Collect$$libinit$$00000011  c_w.l(libinit2.o)
    0x080002e0   0x080002e0   0x0000000c   Code   RO         1483    .ARM.Collect$$libinit$$00000012  c_w.l(libinit2.o)
    0x080002ec   0x080002ec   0x00000000   Code   RO         1484    .ARM.Collect$$libinit$$00000013  c_w.l(libinit2.o)
    0x080002ec   0x080002ec   0x00000000   Code   RO         1486    .ARM.Collect$$libinit$$00000015  c_w.l(libinit2.o)
    0x080002ec   0x080002ec   0x0000000a   Code   RO         1487    .ARM.Collect$$libinit$$00000016  c_w.l(libinit2.o)
    0x080002f6   0x080002f6   0x00000000   Code   RO         1488    .ARM.Collect$$libinit$$00000017  c_w.l(libinit2.o)
    0x080002f6   0x080002f6   0x00000000   Code   RO         1490    .ARM.Collect$$libinit$$00000019  c_w.l(libinit2.o)
    0x080002f6   0x080002f6   0x00000000   Code   RO         1492    .ARM.Collect$$libinit$$0000001B  c_w.l(libinit2.o)
    0x080002f6   0x080002f6   0x00000000   Code   RO         1494    .ARM.Collect$$libinit$$0000001D  c_w.l(libinit2.o)
    0x080002f6   0x080002f6   0x00000000   Code   RO         1496    .ARM.Collect$$libinit$$0000001F  c_w.l(libinit2.o)
    0x080002f6   0x080002f6   0x00000000   Code   RO         1498    .ARM.Collect$$libinit$$00000021  c_w.l(libinit2.o)
    0x080002f6   0x080002f6   0x00000000   Code   RO         1500    .ARM.Collect$$libinit$$00000023  c_w.l(libinit2.o)
    0x080002f6   0x080002f6   0x00000000   Code   RO         1502    .ARM.Collect$$libinit$$00000025  c_w.l(libinit2.o)
    0x080002f6   0x080002f6   0x00000000   Code   RO         1506    .ARM.Collect$$libinit$$0000002C  c_w.l(libinit2.o)
    0x080002f6   0x080002f6   0x00000000   Code   RO         1508    .ARM.Collect$$libinit$$0000002E  c_w.l(libinit2.o)
    0x080002f6   0x080002f6   0x00000000   Code   RO         1510    .ARM.Collect$$libinit$$00000030  c_w.l(libinit2.o)
    0x080002f6   0x080002f6   0x00000000   Code   RO         1512    .ARM.Collect$$libinit$$00000032  c_w.l(libinit2.o)
    0x080002f6   0x080002f6   0x00000002   Code   RO         1513    .ARM.Collect$$libinit$$00000033  c_w.l(libinit2.o)
    0x080002f8   0x080002f8   0x00000002   Code   RO         1539    .ARM.Collect$$libshutdown$$00000000  c_w.l(libshutdown.o)
    0x080002fa   0x080002fa   0x00000000   Code   RO         1566    .ARM.Collect$$libshutdown$$00000002  c_w.l(libshutdown2.o)
    0x080002fa   0x080002fa   0x00000000   Code   RO         1568    .ARM.Collect$$libshutdown$$00000004  c_w.l(libshutdown2.o)
    0x080002fa   0x080002fa   0x00000000   Code   RO         1571    .ARM.Collect$$libshutdown$$00000007  c_w.l(libshutdown2.o)
    0x080002fa   0x080002fa   0x00000000   Code   RO         1574    .ARM.Collect$$libshutdown$$0000000A  c_w.l(libshutdown2.o)
    0x080002fa   0x080002fa   0x00000000   Code   RO         1576    .ARM.Collect$$libshutdown$$0000000C  c_w.l(libshutdown2.o)
    0x080002fa   0x080002fa   0x00000000   Code   RO         1579    .ARM.Collect$$libshutdown$$0000000F  c_w.l(libshutdown2.o)
    0x080002fa   0x080002fa   0x00000002   Code   RO         1580    .ARM.Collect$$libshutdown$$00000010  c_w.l(libshutdown2.o)
    0x080002fc   0x080002fc   0x00000000   Code   RO         1294    .ARM.Collect$$rtentry$$00000000  c_w.l(__rtentry.o)
    0x080002fc   0x080002fc   0x00000000   Code   RO         1367    .ARM.Collect$$rtentry$$00000002  c_w.l(__rtentry2.o)
    0x080002fc   0x080002fc   0x00000006   Code   RO         1379    .ARM.Collect$$rtentry$$00000004  c_w.l(__rtentry4.o)
    0x08000302   0x08000302   0x00000000   Code   RO         1369    .ARM.Collect$$rtentry$$00000009  c_w.l(__rtentry2.o)
    0x08000302   0x08000302   0x00000004   Code   RO         1370    .ARM.Collect$$rtentry$$0000000A  c_w.l(__rtentry2.o)
    0x08000306   0x08000306   0x00000000   Code   RO         1372    .ARM.Collect$$rtentry$$0000000C  c_w.l(__rtentry2.o)
    0x08000306   0x08000306   0x00000008   Code   RO         1373    .ARM.Collect$$rtentry$$0000000D  c_w.l(__rtentry2.o)
    0x0800030e   0x0800030e   0x00000002   Code   RO         1458    .ARM.Collect$$rtexit$$00000000  c_w.l(rtexit.o)
    0x08000310   0x08000310   0x00000000   Code   RO         1515    .ARM.Collect$$rtexit$$00000002  c_w.l(rtexit2.o)
    0x08000310   0x08000310   0x00000004   Code   RO         1516    .ARM.Collect$$rtexit$$00000003  c_w.l(rtexit2.o)
    0x08000314   0x08000314   0x00000006   Code   RO         1517    .ARM.Collect$$rtexit$$00000004  c_w.l(rtexit2.o)
    0x0800031a   0x0800031a   0x00000002   PAD
    0x0800031c   0x0800031c   0x00000138   Code   RO          723    .emb_text           cortex-m4_fbp.o
    0x08000454   0x08000454   0x00000022   Code   RO          886    .emb_text           fixed_patch_points.o
    0x08000476   0x08000476   0x0000004e   Code   RO            3    .text               main.o
    0x080004c4   0x080004c4   0x0000003c   Code   RO          173    .text               stm32f4xx_it.o
    0x08000500   0x08000500   0x00000210   Code   RO          226    .text               system_stm32f4xx.o
    0x08000710   0x08000710   0x00000040   Code   RO          252    .text               led.o
    0x08000750   0x08000750   0x00004c80   Code   RO          272    .text               lcd.o
    0x080053d0   0x080053d0   0x00000104   Code   RO          310    .text               key.o
    0x080054d4   0x080054d4   0x0000031c   Code   RO          331    .text               sram.o
    0x080057f0   0x080057f0   0x00000104   Code   RO          355    .text               delay.o
    0x080058f4   0x080058f4   0x0000015c   Code   RO          395    .text               usart.o
    0x08005a50   0x08005a50   0x00000040   Code   RO          427    .text               startup_stm32f40_41xxx.o
    0x08005a90   0x08005a90   0x000000e0   Code   RO          433    .text               misc.o
    0x08005b70   0x08005b70   0x00000294   Code   RO          453    .text               stm32f4xx_gpio.o
    0x08005e04   0x08005e04   0x000005c8   Code   RO          473    .text               stm32f4xx_fsmc.o
    0x080063cc   0x080063cc   0x0000065c   Code   RO          496    .text               stm32f4xx_rcc.o
    0x08006a28   0x08006a28   0x00000454   Code   RO          538    .text               stm32f4xx_usart.o
    0x08006e7c   0x08006e7c   0x0000022c   Code   RO          558    .text               malloc.o
    0x080070a8   0x080070a8   0x000007d4   Code   RO          588    .text               ihp_cli.o
    0x0800787c   0x0800787c   0x000002fc   Code   RO          660    .text               dummy_cve.o
    0x08007b78   0x08007b78   0x000000ac   Code   RO          689    .text               ihp_porting.o
    0x08007c24   0x08007c24   0x00000e90   Code   RO          724    .text               cortex-m4_fbp.o
    0x08008ab4   0x08008ab4   0x000001bc   Code   RO          766    .text               dynamic_patch_load.o
    0x08008c70   0x08008c70   0x000009e8   Code   RO          823    .text               ebpf_test.o
    0x08009658   0x08009658   0x000001a8   Code   RO          863    .text               fixed_patch_load.o
    0x08009800   0x08009800   0x00000630   Code   RO          887    .text               fixed_patch_points.o
    0x08009e30   0x08009e30   0x00000550   Code   RO          935    .text               iotpatch.o
    0x0800a380   0x0800a380   0x000001f8   Code   RO          974    .text               patch_service.o
    0x0800a578   0x0800a578   0x000002c4   Code   RO         1004    .text               profiling.o
    0x0800a83c   0x0800a83c   0x0000008a   Code   RO         1023    .text               utils.o
    0x0800a8c6   0x0800a8c6   0x000002fa   Code   RO         1035    .text               hashmap.o
    0x0800abc0   0x0800abc0   0x000000dc   Code   RO         1055    .text               ebpf_allocator.o
    0x0800ac9c   0x0800ac9c   0x00001798   Code   RO         1078    .text               ebpf_vm.o
    0x0800c434   0x0800c434   0x000000f8   Code   RO         1134    .text               jit.o
    0x0800c52c   0x0800c52c   0x000028d0   Code   RO         1166    .text               jit_thumb2.o
    0x0800edfc   0x0800edfc   0x00000002   Code   RO         1200    .text               c_w.l(use_no_semi_2.o)
    0x0800edfe   0x0800edfe   0x000000ee   Code   RO         1202    .text               c_w.l(lludivv7m.o)
    0x0800eeec   0x0800eeec   0x00000026   Code   RO         1204    .text               c_w.l(llshl.o)
    0x0800ef12   0x0800ef12   0x00000026   Code   RO         1206    .text               c_w.l(llushr.o)
    0x0800ef38   0x0800ef38   0x00000026   Code   RO         1208    .text               c_w.l(llsshr.o)
    0x0800ef5e   0x0800ef5e   0x00000002   PAD
    0x0800ef60   0x0800ef60   0x00000034   Code   RO         1210    .text               c_w.l(vsnprintf.o)
    0x0800ef94   0x0800ef94   0x00000018   Code   RO         1212    .text               c_w.l(__2printf.o)
    0x0800efac   0x0800efac   0x00000052   Code   RO         1218    .text               c_w.l(_printf_str.o)
    0x0800effe   0x0800effe   0x00000002   PAD
    0x0800f000   0x0800f000   0x00000094   Code   RO         1238    .text               c_w.l(_printf_hex_int_ll_ptr.o)
    0x0800f094   0x0800f094   0x00000188   Code   RO         1258    .text               c_w.l(__printf_flags_ss_wp.o)
    0x0800f21c   0x0800f21c   0x0000008a   Code   RO         1264    .text               c_w.l(rt_memcpy_v6.o)
    0x0800f2a6   0x0800f2a6   0x00000064   Code   RO         1266    .text               c_w.l(rt_memcpy_w.o)
    0x0800f30a   0x0800f30a   0x00000044   Code   RO         1268    .text               c_w.l(rt_memclr.o)
    0x0800f34e   0x0800f34e   0x0000004e   Code   RO         1270    .text               c_w.l(rt_memclr_w.o)
    0x0800f39c   0x0800f39c   0x00000080   Code   RO         1272    .text               c_w.l(strcmpv7m.o)
    0x0800f41c   0x0800f41c   0x00000006   Code   RO         1274    .text               c_w.l(heapauxi.o)
    0x0800f422   0x0800f422   0x00000002   Code   RO         1292    .text               c_w.l(use_no_semi.o)
    0x0800f424   0x0800f424   0x0000004e   Code   RO         1299    .text               c_w.l(_printf_pad.o)
    0x0800f472   0x0800f472   0x00000024   Code   RO         1301    .text               c_w.l(_printf_truncate.o)
    0x0800f496   0x0800f496   0x000000b2   Code   RO         1303    .text               c_w.l(_printf_intcommon.o)
    0x0800f548   0x0800f548   0x00000078   Code   RO         1305    .text               c_w.l(_printf_dec.o)
    0x0800f5c0   0x0800f5c0   0x00000028   Code   RO         1307    .text               c_w.l(_printf_charcount.o)
    0x0800f5e8   0x0800f5e8   0x00000030   Code   RO         1309    .text               c_w.l(_printf_char_common.o)
    0x0800f618   0x0800f618   0x0000000a   Code   RO         1311    .text               c_w.l(_sputc.o)
    0x0800f622   0x0800f622   0x00000010   Code   RO         1313    .text               c_w.l(_snputc.o)
    0x0800f632   0x0800f632   0x0000002c   Code   RO         1315    .text               c_w.l(_printf_char.o)
    0x0800f65e   0x0800f65e   0x00000002   PAD
    0x0800f660   0x0800f660   0x00000024   Code   RO         1317    .text               c_w.l(_printf_char_file.o)
    0x0800f684   0x0800f684   0x000000bc   Code   RO         1319    .text               c_w.l(_printf_wctomb.o)
    0x0800f740   0x0800f740   0x0000007c   Code   RO         1322    .text               c_w.l(_printf_longlong_dec.o)
    0x0800f7bc   0x0800f7bc   0x00000070   Code   RO         1328    .text               c_w.l(_printf_oct_int_ll.o)
    0x0800f82c   0x0800f82c   0x0000008a   Code   RO         1383    .text               c_w.l(lludiv10.o)
    0x0800f8b6   0x0800f8b6   0x0000041e   Code   RO         1385    .text               c_w.l(_printf_fp_dec.o)
    0x0800fcd4   0x0800fcd4   0x000002fc   Code   RO         1387    .text               c_w.l(_printf_fp_hex.o)
    0x0800ffd0   0x0800ffd0   0x0000002c   Code   RO         1392    .text               c_w.l(_printf_wchar.o)
    0x0800fffc   0x0800fffc   0x00000008   Code   RO         1394    .text               c_w.l(ferror.o)
    0x08010004   0x08010004   0x00000040   Code   RO         1398    .text               c_w.l(_wcrtomb.o)
    0x08010044   0x08010044   0x0000004a   Code   RO         1400    .text               c_w.l(sys_stackheap_outer.o)
    0x0801008e   0x0801008e   0x00000002   PAD
    0x08010090   0x08010090   0x00000010   Code   RO         1402    .text               c_w.l(rt_ctype_table.o)
    0x080100a0   0x080100a0   0x00000008   Code   RO         1407    .text               c_w.l(rt_locale_intlibspace.o)
    0x080100a8   0x080100a8   0x00000080   Code   RO         1409    .text               c_w.l(_printf_fp_infnan.o)
    0x08010128   0x08010128   0x000000e4   Code   RO         1411    .text               c_w.l(bigflt0.o)
    0x0801020c   0x0801020c   0x00000012   Code   RO         1439    .text               c_w.l(exit.o)
    0x0801021e   0x0801021e   0x00000002   PAD
    0x08010220   0x08010220   0x00000008   Code   RO         1455    .text               c_w.l(libspace.o)
    0x08010228   0x08010228   0x0000003e   Code   RO         1414    CL$$btod_d2e        c_w.l(btod.o)
    0x08010266   0x08010266   0x00000046   Code   RO         1416    CL$$btod_d2e_denorm_low  c_w.l(btod.o)
    0x080102ac   0x080102ac   0x00000060   Code   RO         1415    CL$$btod_d2e_norm_op1  c_w.l(btod.o)
    0x0801030c   0x0801030c   0x00000338   Code   RO         1424    CL$$btod_div_common  c_w.l(btod.o)
    0x08010644   0x08010644   0x000000dc   Code   RO         1421    CL$$btod_e2e        c_w.l(btod.o)
    0x08010720   0x08010720   0x0000002a   Code   RO         1418    CL$$btod_ediv       c_w.l(btod.o)
    0x0801074a   0x0801074a   0x0000002a   Code   RO         1417    CL$$btod_emul       c_w.l(btod.o)
    0x08010774   0x08010774   0x00000244   Code   RO         1423    CL$$btod_mult_common  c_w.l(btod.o)
    0x080109b8   0x080109b8   0x00000030   Code   RO         1453    i.__ARM_fpclassify  m_wm.l(fpclassify.o)
    0x080109e8   0x080109e8   0x0000000e   Code   RO         1251    i._is_digit         c_w.l(__printf_wp.o)
    0x080109f6   0x080109f6   0x00000002   PAD
    0x080109f8   0x080109f8   0x0000002c   Code   RO         1437    locale$$code        c_w.l(lc_numeric_c.o)
    0x08010a24   0x08010a24   0x0000002c   Code   RO         1463    locale$$code        c_w.l(lc_ctype_c.o)
    0x08010a50   0x08010a50   0x0000005a   Code   RO         1278    x$fpl$dfixu         fz_wm.l(dfixu.o)
    0x08010aaa   0x08010aaa   0x00000026   Code   RO         1282    x$fpl$dfltu         fz_wm.l(dflt_clz.o)
    0x08010ad0   0x08010ad0   0x00000154   Code   RO         1288    x$fpl$dmul          fz_wm.l(dmul.o)
    0x08010c24   0x08010c24   0x0000009c   Code   RO         1351    x$fpl$dnaninf       fz_wm.l(dnaninf.o)
    0x08010cc0   0x08010cc0   0x0000000c   Code   RO         1353    x$fpl$dretinf       fz_wm.l(dretinf.o)
    0x08010ccc   0x08010ccc   0x00000056   Code   RO         1290    x$fpl$f2d           fz_wm.l(f2d.o)
    0x08010d22   0x08010d22   0x0000008c   Code   RO         1355    x$fpl$fnaninf       fz_wm.l(fnaninf.o)
    0x08010dae   0x08010dae   0x0000000a   Code   RO         1527    x$fpl$fpinit        fz_wm.l(fpinit.o)
    0x08010db8   0x08010db8   0x00000004   Code   RO         1357    x$fpl$printf1       fz_wm.l(printf1.o)
    0x08010dbc   0x08010dbc   0x00000004   Code   RO         1359    x$fpl$printf2       fz_wm.l(printf2.o)
    0x08010dc0   0x08010dc0   0x00000000   Code   RO         1365    x$fpl$usenofp       fz_wm.l(usenofp.o)
    0x08010dc0   0x08010dc0   0x000017c0   Data   RO          274    .constdata          lcd.o
    0x08012580   0x08012580   0x0000001c   Data   RO          474    .constdata          stm32f4xx_fsmc.o
    0x0801259c   0x0801259c   0x00000024   Data   RO          564    .constdata          malloc.o
    0x080125c0   0x080125c0   0x00000014   Data   RO          590    .constdata          ihp_cli.o
    0x080125d4   0x080125d4   0x0000003c   Data   RO          726    .constdata          cortex-m4_fbp.o
    0x08012610   0x08012610   0x000000b0   Data   RO          824    .constdata          ebpf_test.o
    0x080126c0   0x080126c0   0x00000014   Data   RO          888    .constdata          fixed_patch_points.o
    0x080126d4   0x080126d4   0x0000001e   Data   RO         1168    .constdata          jit_thumb2.o
    0x080126f2   0x080126f2   0x00000028   Data   RO         1239    .constdata          c_w.l(_printf_hex_int_ll_ptr.o)
    0x0801271a   0x0801271a   0x00000011   Data   RO         1259    .constdata          c_w.l(__printf_flags_ss_wp.o)
    0x0801272b   0x0801272b   0x00000001   PAD
    0x0801272c   0x0801272c   0x00000008   Data   RO         1320    .constdata          c_w.l(_printf_wctomb.o)
    0x08012734   0x08012734   0x00000026   Data   RO         1388    .constdata          c_w.l(_printf_fp_hex.o)
    0x0801275a   0x0801275a   0x00000002   PAD
    0x0801275c   0x0801275c   0x00000094   Data   RO         1412    .constdata          c_w.l(bigflt0.o)
    0x080127f0   0x080127f0   0x0000008e   Data   RO          591    .conststring        ihp_cli.o
    0x0801287e   0x0801287e   0x00000002   PAD
    0x08012880   0x08012880   0x0000008f   Data   RO          727    .conststring        cortex-m4_fbp.o
    0x0801290f   0x0801290f   0x00000001   PAD
    0x08012910   0x08012910   0x00000054   Data   RO          767    .conststring        dynamic_patch_load.o
    0x08012964   0x08012964   0x000000b2   Data   RO          864    .conststring        fixed_patch_load.o
    0x08012a16   0x08012a16   0x00000002   PAD
    0x08012a18   0x08012a18   0x00000008   Data   RO         1006    .conststring        profiling.o
    0x08012a20   0x08012a20   0x00000020   Data   RO         1581    Region$$Table       anon$$obj.o
    0x08012a40   0x08012a40   0x0000001c   Data   RO         1436    locale$$data        c_w.l(lc_numeric_c.o)
    0x08012a5c   0x08012a5c   0x00000110   Data   RO         1462    locale$$data        c_w.l(lc_ctype_c.o)


    Execution Region RW_IRAM1 (Exec base: 0x20000000, Load base: 0x08012b6c, Size: 0x0001e968, Max: 0x00020000, ABSOLUTE, COMPRESSED[0x000006f4])

    Exec Addr    Load Addr    Size         Type   Attr      Idx    E Section Name        Object

    0x20000000   COMPRESSED   0x00000014   Data   RW          227    .data               system_stm32f4xx.o
    0x20000014   COMPRESSED   0x00000004   Data   RW          275    .data               lcd.o
    0x20000018   COMPRESSED   0x00000001   Data   RW          311    .data               key.o
    0x20000019   COMPRESSED   0x00000001   PAD
    0x2000001a   COMPRESSED   0x00000004   Data   RW          356    .data               delay.o
    0x2000001e   COMPRESSED   0x00000002   PAD
    0x20000020   COMPRESSED   0x00000006   Data   RW          397    .data               usart.o
    0x20000026   COMPRESSED   0x00000010   Data   RW          497    .data               stm32f4xx_rcc.o
    0x20000036   COMPRESSED   0x00000002   PAD
    0x20000038   COMPRESSED   0x00000024   Data   RW          565    .data               malloc.o
    0x2000005c   COMPRESSED   0x00000038   Data   RW          592    .data               ihp_cli.o
    0x20000094   COMPRESSED   0x00000050   Data   RW          661    .data               dummy_cve.o
    0x200000e4   COMPRESSED   0x00000008   Data   RW          691    .data               ihp_porting.o
    0x200000ec   COMPRESSED   0x00000003   Data   RW          728    .data               cortex-m4_fbp.o
    0x200000ef   COMPRESSED   0x00000001   PAD
    0x200000f0   COMPRESSED   0x00000598   Data   RW          768    .data               dynamic_patch_load.o
    0x20000688   COMPRESSED   0x00000d88   Data   RW          825    .data               ebpf_test.o
    0x20001410   COMPRESSED   0x00000518   Data   RW          865    .data               fixed_patch_load.o
    0x20001928   COMPRESSED   0x00000001   Data   RW          937    .data               iotpatch.o
    0x20001929   COMPRESSED   0x00000004   Data   RW          976    .data               patch_service.o
    0x2000192d   COMPRESSED   0x00000003   PAD
    0x20001930   COMPRESSED   0x00000010   Data   RW         1007    .data               profiling.o
    0x20001940   COMPRESSED   0x00000004   Data   RW         1056    .data               ebpf_allocator.o
    0x20001944   COMPRESSED   0x00000004   PAD
    0x20001948   COMPRESSED   0x0000000c   Data   RW         1080    .data               ebpf_vm.o
    0x20001954   COMPRESSED   0x00000099   Data   RW         1169    .data               jit_thumb2.o
    0x200019ed   COMPRESSED   0x00000003   PAD
    0x200019f0        -       0x0000000e   Zero   RW          273    .bss                lcd.o
    0x200019fe        -       0x000000c8   Zero   RW          396    .bss                usart.o
    0x20001ac6   COMPRESSED   0x0000001a   PAD
    0x20001ae0        -       0x0001a900   Zero   RW          563    .bss                malloc.o
    0x2001c3e0        -       0x00000084   Zero   RW          589    .bss                ihp_cli.o
    0x2001c464        -       0x00000100   Zero   RW          690    .bss                ihp_porting.o
    0x2001c564        -       0x0000002c   Zero   RW          725    .bss                cortex-m4_fbp.o
    0x2001c590        -       0x00000024   Zero   RW          936    .bss                iotpatch.o
    0x2001c5b4        -       0x00000020   Zero   RW          975    .bss                patch_service.o
    0x2001c5d4        -       0x000000f8   Zero   RW         1005    .bss                profiling.o
    0x2001c6cc        -       0x00000c0c   Zero   RW         1135    .bss                jit.o
    0x2001d2d8        -       0x0000102c   Zero   RW         1167    .bss                jit_thumb2.o
    0x2001e304        -       0x00000060   Zero   RW         1456    .bss                c_w.l(libspace.o)
    0x2001e364   COMPRESSED   0x00000004   PAD
    0x2001e368        -       0x00000200   Zero   RW          425    HEAP                startup_stm32f40_41xxx.o
    0x2001e568        -       0x00000400   Zero   RW          424    STACK               startup_stm32f40_41xxx.o



  Load Region LR$$.ARM.__AT_0x10000000 (Base: 0x10000000, Size: 0x00000000, Max: 0x0000f000, ABSOLUTE)

    Execution Region ER$$.ARM.__AT_0x10000000 (Exec base: 0x10000000, Load base: 0x10000000, Size: 0x0000f000, Max: 0x0000f000, ABSOLUTE, UNINIT)

    Exec Addr    Load Addr    Size         Type   Attr      Idx    E Section Name        Object

    0x10000000        -       0x0000f000   Zero   RW          559    .ARM.__AT_0x10000000  malloc.o



  Load Region LR$$.ARM.__AT_0x1000F000 (Base: 0x1000f000, Size: 0x00000000, Max: 0x00000f00, ABSOLUTE)

    Execution Region ER$$.ARM.__AT_0x1000F000 (Exec base: 0x1000f000, Load base: 0x1000f000, Size: 0x00000f00, Max: 0x00000f00, ABSOLUTE, UNINIT)

    Exec Addr    Load Addr    Size         Type   Attr      Idx    E Section Name        Object

    0x1000f000        -       0x00000f00   Zero   RW          560    .ARM.__AT_0x1000F000  malloc.o



  Load Region LR$$.ARM.__AT_0x68000000 (Base: 0x68000000, Size: 0x00000000, Max: 0x000f0000, ABSOLUTE)

    Execution Region ER$$.ARM.__AT_0x68000000 (Exec base: 0x68000000, Load base: 0x68000000, Size: 0x000f0000, Max: 0x000f0000, ABSOLUTE, UNINIT)

    Exec Addr    Load Addr    Size         Type   Attr      Idx    E Section Name        Object

    0x68000000        -       0x000f0000   Zero   RW          561    .ARM.__AT_0x68000000  malloc.o



  Load Region LR$$.ARM.__AT_0x680F0000 (Base: 0x680f0000, Size: 0x00000000, Max: 0x0000f000, ABSOLUTE)

    Execution Region ER$$.ARM.__AT_0x680F0000 (Exec base: 0x680f0000, Load base: 0x680f0000, Size: 0x0000f000, Max: 0x0000f000, ABSOLUTE, UNINIT)

    Exec Addr    Load Addr    Size         Type   Attr      Idx    E Section Name        Object

    0x680f0000        -       0x0000f000   Zero   RW          562    .ARM.__AT_0x680F0000  malloc.o


==============================================================================

Image component sizes


      Code (inc. data)   RO Data    RW Data    ZI Data      Debug   Object Name

      4040       1292        203          3         44      16395   cortex-m4_fbp.o
       260          8          0          4          0       1593   delay.o
       764        282          0         80          0       5397   dummy_cve.o
       444        104         84       1432          0      15921   dynamic_patch_load.o
       220          6          0          4          0       2600   ebpf_allocator.o
      2536        668        176       3464          0      11579   ebpf_test.o
      6040        258          0         12          0      18933   ebpf_vm.o
       424        122        178       1304          0       3263   fixed_patch_load.o
      1618        618         20          0          0       7755   fixed_patch_points.o
       762          0          0          0          0       6817   hashmap.o
      2004        806        162         56        132      11193   ihp_cli.o
       172         26          0          8        256       2068   ihp_porting.o
      1360        284          0          1         36       8201   iotpatch.o
       248         14          0          0       3084       6401   jit.o
     10448        460         30        153       4140      45602   jit_thumb2.o
       260         12          0          1          0        936   key.o
     19584        174       6080          4         14      23306   lcd.o
        64          4          0          0          0        583   led.o
        78          0          0          0          0     271999   main.o
       556         18         36         36    1218560       5325   malloc.o
       224         20          0          0          0       2053   misc.o
       504        194          0          4         32       4090   patch_service.o
       708        142          8         16        248       4900   profiling.o
       796         20          0          0          0       2573   sram.o
        64         26        392          0       1536        892   startup_stm32f40_41xxx.o
      1480         18         28          0          0       5938   stm32f4xx_fsmc.o
       660         44          0          0          0       4397   stm32f4xx_gpio.o
        60         30          0          0          0       1289   stm32f4xx_it.o
      1628         52          0         16          0      13324   stm32f4xx_rcc.o
      1108         34          0          0          0       8120   stm32f4xx_usart.o
       528         46          0         20          0       2071   system_stm32f4xx.o
       348         16          0          6        200       3863   usart.o
       138          0          0          0          0       2727   utils.o

    ----------------------------------------------------------------------
     60128       5798       7434       6640    1228308     522104   Object Totals
         0          0         32          0          0          0   (incl. Generated)
         0          0          5         16         26          0   (incl. Padding)

    ----------------------------------------------------------------------

      Code (inc. data)   RO Data    RW Data    ZI Data      Debug   Library Member Name

        24          4          0          0          0         84   __2printf.o
       100          0          0          0          0          0   __dclz77c.o
         8          0          0          0          0         68   __main.o
       392          4         17          0          0         92   __printf_flags_ss_wp.o
        14          0          0          0          0         68   __printf_wp.o
         0          0          0          0          0          0   __rtentry.o
        12          0          0          0          0          0   __rtentry2.o
         6          0          0          0          0          0   __rtentry4.o
        52          8          0          0          0          0   __scatter.o
        28          0          0          0          0          0   __scatter_zi.o
         6          0          0          0          0          0   _printf_a.o
         6          0          0          0          0          0   _printf_c.o
        44          0          0          0          0        108   _printf_char.o
        48          6          0          0          0         96   _printf_char_common.o
        36          4          0          0          0         80   _printf_char_file.o
        40          0          0          0          0         68   _printf_charcount.o
         6          0          0          0          0          0   _printf_d.o
       120         16          0          0          0         92   _printf_dec.o
         6          0          0          0          0          0   _printf_e.o
         6          0          0          0          0          0   _printf_f.o
      1054          0          0          0          0        216   _printf_fp_dec.o
       764          8         38          0          0        100   _printf_fp_hex.o
       128         16          0          0          0         84   _printf_fp_infnan.o
         6          0          0          0          0          0   _printf_g.o
       148          4         40          0          0        160   _printf_hex_int_ll_ptr.o
         6          0          0          0          0          0   _printf_i.o
       178          0          0          0          0         88   _printf_intcommon.o
        10          0          0          0          0          0   _printf_l.o
         6          0          0          0          0          0   _printf_lc.o
        10          0          0          0          0          0   _printf_ll.o
         6          0          0          0          0          0   _printf_lld.o
         6          0          0          0          0          0   _printf_lli.o
         6          0          0          0          0          0   _printf_llo.o
         6          0          0          0          0          0   _printf_llu.o
         6          0          0          0          0          0   _printf_llx.o
       124         16          0          0          0         92   _printf_longlong_dec.o
         6          0          0          0          0          0   _printf_ls.o
         6          0          0          0          0          0   _printf_n.o
         6          0          0          0          0          0   _printf_o.o
       112         10          0          0          0        124   _printf_oct_int_ll.o
         6          0          0          0          0          0   _printf_p.o
        78          0          0          0          0        108   _printf_pad.o
         0          0          0          0          0          0   _printf_percent.o
         4          0          0          0          0          0   _printf_percent_end.o
         6          0          0          0          0          0   _printf_s.o
        82          0          0          0          0         80   _printf_str.o
        36          0          0          0          0         84   _printf_truncate.o
         6          0          0          0          0          0   _printf_u.o
        44          0          0          0          0        108   _printf_wchar.o
       188          6          8          0          0         92   _printf_wctomb.o
         6          0          0          0          0          0   _printf_x.o
        16          0          0          0          0         68   _snputc.o
        10          0          0          0          0         68   _sputc.o
        64          0          0          0          0         92   _wcrtomb.o
       228          4        148          0          0         96   bigflt0.o
      1936        128          0          0          0        672   btod.o
        18          0          0          0          0         80   exit.o
         8          0          0          0          0         68   ferror.o
         6          0          0          0          0        152   heapauxi.o
        44         10        272          0          0         76   lc_ctype_c.o
        44         10         28          0          0         76   lc_numeric_c.o
         2          0          0          0          0          0   libinit.o
        34          0          0          0          0          0   libinit2.o
         2          0          0          0          0          0   libshutdown.o
         2          0          0          0          0          0   libshutdown2.o
         8          4          0          0         96         68   libspace.o
        38          0          0          0          0         68   llshl.o
        38          0          0          0          0         68   llsshr.o
       138          0          0          0          0         80   lludiv10.o
       238          0          0          0          0        100   lludivv7m.o
        38          0          0          0          0         68   llushr.o
        16          4          0          0          0         76   rt_ctype_table.o
         8          4          0          0          0         68   rt_locale_intlibspace.o
        68          0          0          0          0         68   rt_memclr.o
        78          0          0          0          0         80   rt_memclr_w.o
       138          0          0          0          0         68   rt_memcpy_v6.o
       100          0          0          0          0         80   rt_memcpy_w.o
         2          0          0          0          0          0   rtexit.o
        10          0          0          0          0          0   rtexit2.o
       128          0          0          0          0         68   strcmpv7m.o
        74          0          0          0          0         80   sys_stackheap_outer.o
         2          0          0          0          0         68   use_no_semi.o
         2          0          0          0          0         68   use_no_semi_2.o
        52          4          0          0          0         80   vsnprintf.o
        90          4          0          0          0        140   dfixu.o
        38          0          0          0          0        116   dflt_clz.o
       340         12          0          0          0        152   dmul.o
       156          4          0          0          0        140   dnaninf.o
        12          0          0          0          0        116   dretinf.o
        86          4          0          0          0        132   f2d.o
       140          4          0          0          0        132   fnaninf.o
        10          0          0          0          0        116   fpinit.o
         4          0          0          0          0        116   printf1.o
         4          0          0          0          0        116   printf2.o
         0          0          0          0          0          0   usenofp.o
        48          0          0          0          0        124   fpclassify.o

    ----------------------------------------------------------------------
      8536        298        554          0        100       6196   Library Totals
        14          0          3          0          4          0   (incl. Padding)

    ----------------------------------------------------------------------

      Code (inc. data)   RO Data    RW Data    ZI Data      Debug   Library Name

      7594        270        551          0         96       4796   c_w.l
       880         28          0          0          0       1276   fz_wm.l
        48          0          0          0          0        124   m_wm.l

    ----------------------------------------------------------------------
      8536        298        554          0        100       6196   Library Totals

    ----------------------------------------------------------------------

==============================================================================


      Code (inc. data)   RO Data    RW Data    ZI Data      Debug   

     68664       6096       7988       6640    1228408     517796   Grand Totals
     68664       6096       7988       1780    1228408     517796   ELF Image Totals (compressed)
     68664       6096       7988       1780          0          0   ROM Totals

==============================================================================

    Total RO  Size (Code + RO Data)                76652 (  74.86kB)
    Total RW  Size (RW Data + ZI Data)           1235048 (1206.10kB)
    Total ROM Size (Code + RO Data + RW Data)      78432 (  76.59kB)

==============================================================================

