Component: ARM Compiler 5.06 update 6 (build 750) Tool: armlink [4d35ed]

==============================================================================

Section Cross References

    main.o(i.main) refers to nrf_log_frontend.o(i.nrf_log_init) for nrf_log_init
    main.o(i.main) refers to app_error.o(i.app_error_handler_bare) for app_error_handler_bare
    main.o(i.main) refers to nrf_log_default_backends.o(i.nrf_log_default_backends_init) for nrf_log_default_backends_init
    main.o(i.main) refers to main.o(i.uart_config) for uart_config
    main.o(i.main) refers to boards.o(i.bsp_board_init) for bsp_board_init
    main.o(i.main) refers to nrf_log_frontend.o(i.nrf_log_frontend_std_0) for nrf_log_frontend_std_0
    main.o(i.main) refers to nrf_log_frontend.o(i.nrf_log_frontend_dequeue) for nrf_log_frontend_dequeue
    main.o(i.main) refers to ihp_cli.o(i.run_shell_cli) for run_shell_cli
    main.o(i.main) refers to main.o(i.nrf_gpio_pin_read) for nrf_gpio_pin_read
    main.o(i.main) refers to main.o(i.on_button_click) for on_button_click
    main.o(i.main) refers to main.o(i.nrf_gpio_pin_clear) for nrf_gpio_pin_clear
    main.o(i.main) refers to main.o(i.nrf_gpio_pin_set) for nrf_gpio_pin_set
    main.o(i.main) refers to nrf_log_frontend.o(log_const_data_app) for m_nrf_log_app_logs_data_const
    main.o(i.nrf_gpio_pin_clear) refers to main.o(i.nrf_gpio_pin_port_decode) for nrf_gpio_pin_port_decode
    main.o(i.nrf_gpio_pin_read) refers to main.o(i.nrf_gpio_pin_port_decode) for nrf_gpio_pin_port_decode
    main.o(i.nrf_gpio_pin_set) refers to main.o(i.nrf_gpio_pin_port_decode) for nrf_gpio_pin_port_decode
    main.o(i.on_button_click) refers to nrf_log_frontend.o(i.nrf_log_frontend_std_1) for nrf_log_frontend_std_1
    main.o(i.on_button_click) refers to nrf_log_frontend.o(i.nrf_log_frontend_dequeue) for nrf_log_frontend_dequeue
    main.o(i.on_button_click) refers to ihp_cli.o(i.run_test_by_id) for run_test_by_id
    main.o(i.on_button_click) refers to nrf_log_frontend.o(log_const_data_app) for m_nrf_log_app_logs_data_const
    main.o(i.uart_config) refers to memcpya.o(.text) for __aeabi_memcpy4
    main.o(i.uart_config) refers to app_uart_fifo.o(i.app_uart_init) for app_uart_init
    main.o(i.uart_config) refers to app_error.o(i.app_error_handler_bare) for app_error_handler_bare
    main.o(i.uart_config) refers to main.o(.constdata) for .constdata
    main.o(i.uart_config) refers to main.o(.bss) for .bss
    main.o(i.uart_config) refers to main.o(i.uart_error_handle) for uart_error_handle
    main.o(i.uart_error_handle) refers to app_error.o(i.app_error_handler_bare) for app_error_handler_bare
    boards.o(i.bsp_board_button_idx_to_pin) refers to boards.o(.constdata) for .constdata
    boards.o(i.bsp_board_button_state_get) refers to boards.o(i.nrf_gpio_pin_port_decode) for nrf_gpio_pin_port_decode
    boards.o(i.bsp_board_button_state_get) refers to boards.o(.constdata) for .constdata
    boards.o(i.bsp_board_init) refers to boards.o(i.nrf_gpio_cfg) for nrf_gpio_cfg
    boards.o(i.bsp_board_init) refers to boards.o(i.bsp_board_leds_off) for bsp_board_leds_off
    boards.o(i.bsp_board_init) refers to boards.o(.constdata) for .constdata
    boards.o(i.bsp_board_led_idx_to_pin) refers to boards.o(.constdata) for .constdata
    boards.o(i.bsp_board_led_invert) refers to boards.o(i.nrf_gpio_pin_port_decode) for nrf_gpio_pin_port_decode
    boards.o(i.bsp_board_led_invert) refers to boards.o(.constdata) for .constdata
    boards.o(i.bsp_board_led_off) refers to boards.o(i.nrf_gpio_pin_write) for nrf_gpio_pin_write
    boards.o(i.bsp_board_led_off) refers to boards.o(.constdata) for .constdata
    boards.o(i.bsp_board_led_on) refers to boards.o(i.nrf_gpio_pin_write) for nrf_gpio_pin_write
    boards.o(i.bsp_board_led_on) refers to boards.o(.constdata) for .constdata
    boards.o(i.bsp_board_led_state_get) refers to boards.o(i.nrf_gpio_pin_port_decode) for nrf_gpio_pin_port_decode
    boards.o(i.bsp_board_led_state_get) refers to boards.o(.constdata) for .constdata
    boards.o(i.bsp_board_leds_off) refers to boards.o(i.bsp_board_led_off) for bsp_board_led_off
    boards.o(i.bsp_board_leds_on) refers to boards.o(i.bsp_board_led_on) for bsp_board_led_on
    boards.o(i.bsp_board_pin_to_button_idx) refers to boards.o(.constdata) for .constdata
    boards.o(i.bsp_board_pin_to_led_idx) refers to boards.o(.constdata) for .constdata
    boards.o(i.nrf_gpio_cfg) refers to boards.o(i.nrf_gpio_pin_port_decode) for nrf_gpio_pin_port_decode
    boards.o(i.nrf_gpio_pin_write) refers to boards.o(i.nrf_gpio_pin_port_decode) for nrf_gpio_pin_port_decode
    nrfx_atomic.o(i.nrfx_atomic_flag_clear) refers to nrfx_atomic.o(i.nrfx_atomic_u32_and) for nrfx_atomic_u32_and
    nrfx_atomic.o(i.nrfx_atomic_flag_clear_fetch) refers to nrfx_atomic.o(i.nrfx_atomic_u32_fetch_and) for nrfx_atomic_u32_fetch_and
    nrfx_atomic.o(i.nrfx_atomic_flag_set) refers to nrfx_atomic.o(i.nrfx_atomic_u32_or) for nrfx_atomic_u32_or
[...]
    m_cb                                     0x2000122c   Data          44  nrfx_uart.o(.bss)
    .bss                                     0x20001258   Section       36  nrfx_uarte.o(.bss)
    m_cb                                     0x20001258   Data          36  nrfx_uarte.o(.bss)
    .bss                                     0x2000127c   Section       32  app_uart_fifo.o(.bss)
    m_rx_fifo                                0x2000127c   Data          16  app_uart_fifo.o(.bss)
    m_tx_fifo                                0x2000128c   Data          16  app_uart_fifo.o(.bss)
    .bss                                     0x2000129c   Section       64  nrf_log_backend_rtt.o(.bss)
    m_string_buff                            0x2000129c   Data          64  nrf_log_backend_rtt.o(.bss)
    .bss                                     0x200012dc   Section      192  nrf_log_frontend.o(.bss)
    log_mempool_nrf_balloc_pool_mem          0x200012dc   Data         192  nrf_log_frontend.o(.bss)
    .bss                                     0x2000139c   Section      128  nrf_log_frontend.o(.bss)
    m_log_push_ringbuf_buf                   0x2000139c   Data         128  nrf_log_frontend.o(.bss)
    .bss                                     0x2000141c   Section       24  nrf_log_frontend.o(.bss)
    m_log_push_ringbuf_cb                    0x2000141c   Data          24  nrf_log_frontend.o(.bss)
    .bss                                     0x20001434   Section     1060  nrf_log_frontend.o(.bss)
    m_log_data                               0x20001434   Data        1060  nrf_log_frontend.o(.bss)
    .bss                                     0x20001858   Section      648  segger_rtt.o(.bss)
    _acUpBuffer                              0x200018d0   Data         512  segger_rtt.o(.bss)
    _acDownBuffer                            0x20001ad0   Data          16  segger_rtt.o(.bss)
    .bss                                     0x20001ae0   Section      132  ihp_cli.o(.bss)
    shell_cli                                0x20001ae0   Data         132  ihp_cli.o(.bss)
    .bss                                     0x20001b64   Section      256  ihp_porting.o(.bss)
    .bss                                     0x20001c64   Section       36  iotpatch.o(.bss)
    .bss                                     0x20001c88   Section       44  cortex-m4_fbp.o(.bss)
    REMAP_ADDR                               0x20001c88   Data          44  cortex-m4_fbp.o(.bss)
    .bss                                     0x20001cb4   Section      248  profiling.o(.bss)
    profiler                                 0x20001cb4   Data         148  profiling.o(.bss)
    step_profiler                            0x20001d48   Data         100  profiling.o(.bss)
    .bss                                     0x20001dac   Section     3084  jit.o(.bss)
    jit_buffer                               0x20001dac   Data        2048  jit.o(.bss)
    offset_mem                               0x200025ac   Data        1024  jit.o(.bss)
    HEAP                                     0x200029b8   Section     8192  arm_startup_nrf52840.o(HEAP)
    STACK                                    0x200049b8   Section     8192  arm_startup_nrf52840.o(STACK)

    Global Symbols

    Symbol Name                              Value     Ov Type        Size  Object(Section)

    BuildAttributes$$THM_ISAv4$E$P$D$K$B$S$7EM$VFPi3$EXTD16$VFPS$VFMA$PE$A:L22UL41UL21$X:L11$S22US41US21$IEEE1$IW$USESV6$~STKCKD$USESV7$~SHL$OSPACE$ROPI$EBA8$MICROLIB$REQ8$EABIv2 0x00000000   Number         0  anon$$obj.o ABSOLUTE
    __ARM_use_no_argv                        0x00000000   Number         0  main.o ABSOLUTE
    __Vectors                                0x00000000   Data           4  arm_startup_nrf52840.o(RESET)
    __cpp_initialize__aeabi_                  - Undefined Weak Reference
    __cxa_finalize                            - Undefined Weak Reference
    _clock_init                               - Undefined Weak Reference
    _microlib_exit                            - Undefined Weak Reference
    log_const_data$$Base                      - Undefined Reference
    log_const_data$$Limit                     - Undefined Reference
    log_dynamic_data$$Base                    - Undefined Reference
    __Vectors_End                            0x00000200   Data           0  arm_startup_nrf52840.o(RESET)
    __Vectors_Size                           0x00000200   Number         0  arm_startup_nrf52840.o ABSOLUTE
    __main                                   0x00000201   Thumb Code     0  entry.o(.ARM.Collect$$$$00000000)
    _main_stk                                0x00000201   Thumb Code     0  entry2.o(.ARM.Collect$$$$00000001)
    _main_scatterload                        0x00000205   Thumb Code     0  entry5.o(.ARM.Collect$$$$00000004)
    __main_after_scatterload                 0x00000209   Thumb Code     0  entry5.o(.ARM.Collect$$$$00000004)
    _main_clock                              0x00000209   Thumb Code     0  entry7b.o(.ARM.Collect$$$$00000008)
    _main_cpp_init                           0x00000209   Thumb Code     0  entry8b.o(.ARM.Collect$$$$0000000A)
    _main_init                               0x00000209   Thumb Code     0  entry9a.o(.ARM.Collect$$$$0000000B)
    __rt_final_cpp                           0x00000211   Thumb Code     0  entry10a.o(.ARM.Collect$$$$0000000D)
    __rt_final_exit                          0x00000211   Thumb Code     0  entry11a.o(.ARM.Collect$$$$0000000F)
    __asm___12_nrf_atomic_c_85ca2469__nrf_atomic_internal_mov 0x00000215   Thumb Code    24  nrf_atomic.o(.emb_text)
    __asm___12_nrf_atomic_c_85ca2469__nrf_atomic_internal_orr 0x0000022d   Thumb Code    26  nrf_atomic.o(.emb_text)
    __asm___12_nrf_atomic_c_85ca2469__nrf_atomic_internal_and 0x00000247   Thumb Code    26  nrf_atomic.o(.emb_text)
    __asm___12_nrf_atomic_c_85ca2469__nrf_atomic_internal_eor 0x00000261   Thumb Code    26  nrf_atomic.o(.emb_text)
    __asm___12_nrf_atomic_c_85ca2469__nrf_atomic_internal_add 0x0000027b   Thumb Code    26  nrf_atomic.o(.emb_text)
    __asm___12_nrf_atomic_c_85ca2469__nrf_atomic_internal_sub 0x00000295   Thumb Code    26  nrf_atomic.o(.emb_text)
    __asm___12_nrf_atomic_c_85ca2469__nrf_atomic_internal_cmp_exch 0x000002af   Thumb Code    42  nrf_atomic.o(.emb_text)
    __asm___12_nrf_atomic_c_85ca2469__nrf_atomic_internal_sub_hs 0x000002d9   Thumb Code    30  nrf_atomic.o(.emb_text)
    HERA_Dipatcher                           0x000002f9   Thumb Code    48  cortex-m4_fbp.o(.emb_text)
    FPB_Handler0                             0x0000033d   Thumb Code    44  cortex-m4_fbp.o(.emb_text)
    FPB_Handler1                             0x00000369   Thumb Code    44  cortex-m4_fbp.o(.emb_text)
    FPB_Handler2                             0x00000395   Thumb Code    38  cortex-m4_fbp.o(.emb_text)
    FPB_Handler3                             0x000003bb   Thumb Code    38  cortex-m4_fbp.o(.emb_text)
    FPB_Handler4                             0x000003e1   Thumb Code    38  cortex-m4_fbp.o(.emb_text)
    FPB_Handler5                             0x00000407   Thumb Code    24  cortex-m4_fbp.o(.emb_text)
    set_return                               0x0000041f   Thumb Code     4  cortex-m4_fbp.o(.emb_text)
    DebugMon_Handler                         0x00000423   Thumb Code    18  cortex-m4_fbp.o(.emb_text)
    save_context                             0x00000435   Thumb Code     2  fixed_patch_points.o(.emb_text)
    restore_context                          0x00000437   Thumb Code     2  fixed_patch_points.o(.emb_text)
    fixed_patch_point_hanlder                0x00000439   Thumb Code    30  fixed_patch_points.o(.emb_text)
    Reset_Handler                            0x00000459   Thumb Code     8  arm_startup_nrf52840.o(.text)
    NMI_Handler                              0x00000461   Thumb Code     2  arm_startup_nrf52840.o(.text)
    HardFault_Handler                        0x00000463   Thumb Code     2  arm_startup_nrf52840.o(.text)
    MemoryManagement_Handler                 0x00000465   Thumb Code     2  arm_startup_nrf52840.o(.text)
    BusFault_Handler                         0x00000467   Thumb Code     2  arm_startup_nrf52840.o(.text)
    UsageFault_Handler                       0x00000469   Thumb Code     2  arm_startup_nrf52840.o(.text)
    SVC_Handler                              0x0000046b   Thumb Code     2  arm_startup_nrf52840.o(.text)
    PendSV_Handler                           0x0000046f   Thumb Code     2  arm_startup_nrf52840.o(.text)
    SysTick_Handler                          0x00000471   Thumb Code     2  arm_startup_nrf52840.o(.text)
    CCM_AAR_IRQHandler                       0x00000473   Thumb Code     0  arm_startup_nrf52840.o(.text)
    COMP_LPCOMP_IRQHandler                   0x00000473   Thumb Code     0  arm_startup_nrf52840.o(.text)
    CRYPTOCELL_IRQHandler                    0x00000473   Thumb Code     0  arm_startup_nrf52840.o(.text)
    ECB_IRQHandler                           0x00000473   Thumb Code     0  arm_startup_nrf52840.o(.text)
    FPU_IRQHandler                           0x00000473   Thumb Code     0  arm_startup_nrf52840.o(.text)
    GPIOTE_IRQHandler                        0x00000473   Thumb Code     0  arm_startup_nrf52840.o(.text)
    I2S_IRQHandler                           0x00000473   Thumb Code     0  arm_startup_nrf52840.o(.text)
    MWU_IRQHandler                           0x00000473   Thumb Code     0  arm_startup_nrf52840.o(.text)
    NFCT_IRQHandler                          0x00000473   Thumb Code     0  arm_startup_nrf52840.o(.text)
    PDM_IRQHandler                           0x00000473   Thumb Code     0  arm_startup_nrf52840.o(.text)
    POWER_CLOCK_IRQHandler                   0x00000473   Thumb Code     0  arm_startup_nrf52840.o(.text)
    PWM0_IRQHandler                          0x00000473   Thumb Code     0  arm_startup_nrf52840.o(.text)
    PWM1_IRQHandler                          0x00000473   Thumb Code     0  arm_startup_nrf52840.o(.text)
    PWM2_IRQHandler                          0x00000473   Thumb Code     0  arm_startup_nrf52840.o(.text)
    PWM3_IRQHandler                          0x00000473   Thumb Code     0  arm_startup_nrf52840.o(.text)
    QDEC_IRQHandler                          0x00000473   Thumb Code     0  arm_startup_nrf52840.o(.text)
    QSPI_IRQHandler                          0x00000473   Thumb Code     0  arm_startup_nrf52840.o(.text)
    RADIO_IRQHandler                         0x00000473   Thumb Code     0  arm_startup_nrf52840.o(.text)
    RNG_IRQHandler                           0x00000473   Thumb Code     0  arm_startup_nrf52840.o(.text)
    RTC0_IRQHandler                          0x00000473   Thumb Code     0  arm_startup_nrf52840.o(.text)
    RTC1_IRQHandler                          0x00000473   Thumb Code     0  arm_startup_nrf52840.o(.text)
    RTC2_IRQHandler                          0x00000473   Thumb Code     0  arm_startup_nrf52840.o(.text)
    SAADC_IRQHandler                         0x00000473   Thumb Code     0  arm_startup_nrf52840.o(.text)
    SPIM0_SPIS0_TWIM0_TWIS0_SPI0_TWI0_IRQHandler 0x00000473   Thumb Code     0  arm_startup_nrf52840.o(.text)
    SPIM1_SPIS1_TWIM1_TWIS1_SPI1_TWI1_IRQHandler 0x00000473   Thumb Code     0  arm_startup_nrf52840.o(.text)
    SPIM2_SPIS2_SPI2_IRQHandler              0x00000473   Thumb Code     0  arm_startup_nrf52840.o(.text)
    SPIM3_IRQHandler                         0x00000473   Thumb Code     0  arm_startup_nrf52840.o(.text)
    SWI0_EGU0_IRQHandler                     0x00000473   Thumb Code     0  arm_startup_nrf52840.o(.text)
    SWI1_EGU1_IRQHandler                     0x00000473   Thumb Code     0  arm_startup_nrf52840.o(.text)
    SWI2_EGU2_IRQHandler                     0x00000473   Thumb Code     0  arm_startup_nrf52840.o(.text)
    SWI3_EGU3_IRQHandler                     0x00000473   Thumb Code     0  arm_startup_nrf52840.o(.text)
    SWI4_EGU4_IRQHandler                     0x00000473   Thumb Code     0  arm_startup_nrf52840.o(.text)
    SWI5_EGU5_IRQHandler                     0x00000473   Thumb Code     0  arm_startup_nrf52840.o(.text)
    TEMP_IRQHandler                          0x00000473   Thumb Code     0  arm_startup_nrf52840.o(.text)
    TIMER0_IRQHandler                        0x00000473   Thumb Code     0  arm_startup_nrf52840.o(.text)
    TIMER1_IRQHandler                        0x00000473   Thumb Code     0  arm_startup_nrf52840.o(.text)
    TIMER2_IRQHandler                        0x00000473   Thumb Code     0  arm_startup_nrf52840.o(.text)
    TIMER3_IRQHandler                        0x00000473   Thumb Code     0  arm_startup_nrf52840.o(.text)
    TIMER4_IRQHandler                        0x00000473   Thumb Code     0  arm_startup_nrf52840.o(.text)
    UARTE1_IRQHandler                        0x00000473   Thumb Code     0  arm_startup_nrf52840.o(.text)
    USBD_IRQHandler                          0x00000473   Thumb Code     0  arm_startup_nrf52840.o(.text)
    WDT_IRQHandler                           0x00000473   Thumb Code     0  arm_startup_nrf52840.o(.text)
    __aeabi_uldivmod                         0x0000047d   Thumb Code    98  uldiv.o(.text)
    __aeabi_llsl                             0x000004df   Thumb Code    30  llshl.o(.text)
    _ll_shift_l                              0x000004df   Thumb Code     0  llshl.o(.text)
    __aeabi_llsr                             0x000004fd   Thumb Code    32  llushr.o(.text)
    _ll_ushift_r                             0x000004fd   Thumb Code     0  llushr.o(.text)
    __aeabi_lasr                             0x0000051d   Thumb Code    36  llsshr.o(.text)
    _ll_sshift_r                             0x0000051d   Thumb Code     0  llsshr.o(.text)
    __rt_ctype_table                         0x00000541   Thumb Code     4  ctype_o.o(.text)
    __aeabi_memcpy                           0x00000549   Thumb Code    36  memcpya.o(.text)
    __aeabi_memcpy4                          0x00000549   Thumb Code     0  memcpya.o(.text)
    __aeabi_memcpy8                          0x00000549   Thumb Code     0  memcpya.o(.text)
    __aeabi_memset                           0x0000056d   Thumb Code    14  memseta.o(.text)
    __aeabi_memset4                          0x0000056d   Thumb Code     0  memseta.o(.text)
    __aeabi_memset8                          0x0000056d   Thumb Code     0  memseta.o(.text)
    __aeabi_memclr                           0x0000057b   Thumb Code     4  memseta.o(.text)
    __aeabi_memclr4                          0x0000057b   Thumb Code     0  memseta.o(.text)
    __aeabi_memclr8                          0x0000057b   Thumb Code     0  memseta.o(.text)
    _memset$wrapper                          0x0000057f   Thumb Code    18  memseta.o(.text)
    strlen                                   0x00000591   Thumb Code    14  strlen.o(.text)
    strcmp                                   0x0000059f   Thumb Code    28  strcmp.o(.text)
    strcpy                                   0x000005bb   Thumb Code    18  strcpy.o(.text)
    calloc                                   0x000005cd   Thumb Code    28  calloc.o(.text)
    __aeabi_f2d                              0x000005e9   Thumb Code    38  f2d.o(.text)
    __aeabi_uidiv                            0x0000060f   Thumb Code     0  uidiv.o(.text)
    __aeabi_uidivmod                         0x0000060f   Thumb Code    44  uidiv.o(.text)
    __I$use$fp                               0x0000063b   Thumb Code     0  iusefp.o(.text)
    __aeabi_dadd                             0x0000063b   Thumb Code   322  dadd.o(.text)
    __aeabi_dsub                             0x0000077d   Thumb Code     6  dadd.o(.text)
    __aeabi_drsub                            0x00000783   Thumb Code     6  dadd.o(.text)
    __aeabi_dmul                             0x00000789   Thumb Code   228  dmul.o(.text)
    __aeabi_ddiv                             0x0000086d   Thumb Code   222  ddiv.o(.text)
    __aeabi_d2ulz                            0x0000094b   Thumb Code    48  dfixul.o(.text)
    __aeabi_cdrcmple                         0x0000097d   Thumb Code    48  cdrcmple.o(.text)
    __scatterload                            0x000009ad   Thumb Code    28  init.o(.text)
    __scatterload_rt2                        0x000009ad   Thumb Code     0  init.o(.text)
    _double_round                            0x000009d1   Thumb Code    30  depilogue.o(.text)
    _double_epilogue                         0x000009ef   Thumb Code   156  depilogue.o(.text)
    __decompress                             0x00000a8b   Thumb Code     0  __dclz77c.o(.text)
    __decompress2                            0x00000a8b   Thumb Code    94  __dclz77c.o(.text)
    SEGGER_RTT_Init                          0x00000b25   Thumb Code     4  segger_rtt.o(i.SEGGER_RTT_Init)
    SEGGER_RTT_WriteNoLock                   0x00000b29   Thumb Code    86  segger_rtt.o(i.SEGGER_RTT_WriteNoLock)
    SystemInit                               0x00000b85   Thumb Code   424  system_nrf52840.o(i.SystemInit)
    UARTE0_UART0_IRQHandler                  0x00000d69   Thumb Code     6  nrfx_prs.o(i.UARTE0_UART0_IRQHandler)
    __0vsnprintf                             0x00000e91   Thumb Code    40  printfa.o(i.__0vsnprintf)
    __1vsnprintf                             0x00000e91   Thumb Code     0  printfa.o(i.__0vsnprintf)
    __2vsnprintf                             0x00000e91   Thumb Code     0  printfa.o(i.__0vsnprintf)
    __c89vsnprintf                           0x00000e91   Thumb Code     0  printfa.o(i.__0vsnprintf)
    vsnprintf                                0x00000e91   Thumb Code     0  printfa.o(i.__0vsnprintf)
    __scatterload_copy                       0x00000ebd   Thumb Code    14  handlers.o(i.__scatterload_copy)
    __scatterload_null                       0x00000ecb   Thumb Code     2  handlers.o(i.__scatterload_null)
    __scatterload_zeroinit                   0x00000ecd   Thumb Code    14  handlers.o(i.__scatterload_zeroinit)
    _emit_lsh64_imm                          0x000012f5   Thumb Code   212  jit_thumb2.o(i._emit_lsh64_imm)
    _emit_lsh64_reg                          0x000013d5   Thumb Code   236  jit_thumb2.o(i._emit_lsh64_reg)
    add_hw_bkpt                              0x000023f5   Thumb Code   124  cortex-m4_fbp.o(i.add_hw_bkpt)
    app_error_fault_handler                  0x0000249d   Thumb Code    84  app_error_weak.o(i.app_error_fault_handler)
    app_error_handler_bare                   0x0000251d   Thumb Code    22  app_error.o(i.app_error_handler_bare)
    app_fifo_get                             0x00002533   Thumb Code    22  app_fifo.o(i.app_fifo_get)
    app_fifo_init                            0x00002549   Thumb Code    32  app_fifo.o(i.app_fifo_init)
    app_fifo_put                             0x00002569   Thumb Code    26  app_fifo.o(i.app_fifo_put)
    app_uart_get                             0x00002585   Thumb Code    42  app_uart_fifo.o(i.app_uart_get)
    app_uart_init                            0x000025b9   Thumb Code   148  app_uart_fifo.o(i.app_uart_init)
    app_uart_put                             0x0000265d   Thumb Code    70  app_uart_fifo.o(i.app_uart_put)
    app_util_critical_region_enter           0x000026b1   Thumb Code     4  app_util_platform.o(i.app_util_critical_region_enter)
    app_util_critical_region_exit            0x000026b5   Thumb Code     4  app_util_platform.o(i.app_util_critical_region_exit)
    app_util_disable_irq                     0x000026b9   Thumb Code    12  app_util_platform.o(i.app_util_disable_irq)
    app_util_enable_irq                      0x000026c9   Thumb Code    14  app_util_platform.o(i.app_util_enable_irq)
    arraymap_destroy                         0x00002867   Thumb Code    26  hashmap.o(i.arraymap_destroy)
    arraymap_get                             0x00002881   Thumb Code    30  hashmap.o(i.arraymap_get)
    arraymap_iter_val                        0x0000289f   Thumb Code    22  hashmap.o(i.arraymap_iter_val)
    arraymap_new                             0x000028b5   Thumb Code    42  hashmap.o(i.arraymap_new)
    arraymap_set                             0x000028df   Thumb Code   188  hashmap.o(i.arraymap_set)
    bsp_board_init                           0x00002a1d   Thumb Code    80  boards.o(i.bsp_board_init)
    bsp_board_led_off                        0x00002a71   Thumb Code    10  boards.o(i.bsp_board_led_off)
    bsp_board_leds_off                       0x00002a81   Thumb Code    18  boards.o(i.bsp_board_leds_off)
    buffer_is_empty                          0x00002b4d   Thumb Code    16  nrf_log_frontend.o(i.buffer_is_empty)
    calc_bpkt_addr                           0x000031c9   Thumb Code    36  cortex-m4_fbp.o(i.calc_bpkt_addr)
    calc_bpkt_pc                             0x000031f1   Thumb Code    20  utils.o(i.calc_bpkt_pc)
    calc_branch_instr                        0x00003205   Thumb Code    70  cortex-m4_fbp.o(i.calc_branch_instr)
    clear_all_hw_bkpt                        0x00003351   Thumb Code    46  cortex-m4_fbp.o(i.clear_all_hw_bkpt)
    cycles2us                                0x000033c9   Thumb Code     4  profiling.o(i.cycles2us)
    debug_log                                0x000033e9   Thumb Code    22  utils.o(i.debug_log)
    dispatch_fixed_patch_point               0x000034b5   Thumb Code    84  fixed_patch_points.o(i.dispatch_fixed_patch_point)
    ebpf_calloc                              0x00003621   Thumb Code    12  ebpf_allocator.o(i.ebpf_calloc)
    ebpf_eva                                 0x00003631   Thumb Code   150  ebpf_test.o(i.ebpf_eva)
    ebpf_free                                0x0000375d   Thumb Code     4  ebpf_allocator.o(i.ebpf_free)
    ebpf_malloc                              0x00003761   Thumb Code    12  ebpf_allocator.o(i.ebpf_malloc)
    ebpf_realloc                             0x00003771   Thumb Code    76  ebpf_allocator.o(i.ebpf_realloc)
    ebpf_register                            0x000037c1   Thumb Code    40  ebpf_vm.o(i.ebpf_register)
    ebpf_vm_exec                             0x000037e9   Thumb Code  3284  ebpf_vm.o(i.ebpf_vm_exec)
    ebpf_vm_set_inst                         0x000044bd   Thumb Code    32  ebpf_vm.o(i.ebpf_vm_set_inst)
    emit_alu64_reg                           0x00004bad   Thumb Code   130  jit_thumb2.o(i.emit_alu64_reg)
    emit_ldx_reg                             0x00004c35   Thumb Code   208  jit_thumb2.o(i.emit_ldx_reg)
    fpb_disable_cur_inst                     0x000050e1   Thumb Code    94  cortex-m4_fbp.o(i.fpb_disable_cur_inst)
    fpb_enable_callback                      0x00005161   Thumb Code    50  cortex-m4_fbp.o(i.fpb_enable_callback)
    free                                     0x000052a1   Thumb Code    76  malloc.o(i.free)
    gen_jit_code                             0x000052f1   Thumb Code    84  jit.o(i.gen_jit_code)
    get_cur_tick                             0x00005345   Thumb Code     6  profiling.o(i.get_cur_tick)
    get_dynamic_patch_by_bpkt                0x00005351   Thumb Code    40  iotpatch.o(i.get_dynamic_patch_by_bpkt)
    get_ebpf_alloc_size                      0x0000537d   Thumb Code     6  ebpf_allocator.o(i.get_ebpf_alloc_size)
    get_fixed_patch_by_lr                    0x00005389   Thumb Code    34  iotpatch.o(i.get_fixed_patch_by_lr)
    hera_fix_func                            0x000053b1   Thumb Code    28  cortex-m4_fbp.o(i.hera_fix_func)
    init_ebpf_vm                             0x000053cd   Thumb Code    38  ebpf_vm.o(i.init_ebpf_vm)
    init_iot_ebpf_helpers                    0x000053f3   Thumb Code    20  ebpf_vm.o(i.init_iot_ebpf_helpers)
    init_patch_sys                           0x00005409   Thumb Code    46  iotpatch.o(i.init_patch_sys)
    jit_compile                              0x00005661   Thumb Code    68  jit_thumb2.o(i.jit_compile)
    jit_dump_inst                            0x000056a9   Thumb Code    42  jit_thumb2.o(i.jit_dump_inst)
    jit_mem_allocate                         0x000056e9   Thumb Code    46  jit.o(i.jit_mem_allocate)
    jit_mem_free                             0x0000571d   Thumb Code    10  jit.o(i.jit_mem_free)
    jit_mem_statistic                        0x00005727   Thumb Code     6  jit.o(i.jit_mem_statistic)
    jit_state_set_mem                        0x0000572d   Thumb Code    16  jit.o(i.jit_state_set_mem)
    leave_debug_monitor                      0x0000573d   Thumb Code    98  cortex-m4_fbp.o(i.leave_debug_monitor)
    leave_fpb_bpkt                           0x000057fd   Thumb Code   158  cortex-m4_fbp.o(i.leave_fpb_bpkt)
    little_endian_16_bit                     0x00005949   Thumb Code     6  utils.o(i.little_endian_16_bit)
    load_local_fixed_patch                   0x00005951   Thumb Code   134  fixed_patch_load.o(i.load_local_fixed_patch)
    load_local_patch_to_ctx                  0x00005a39   Thumb Code    92  iotpatch.o(i.load_local_patch_to_ctx)
    log_print_porting                        0x00005ac1   Thumb Code    58  ihp_porting.o(i.log_print_porting)
    main                                     0x00005b9d   Thumb Code   288  main.o(i.main)
    malloc                                   0x00005ce9   Thumb Code    92  malloc.o(i.malloc)
    nrf_atomic_flag_clear_fetch              0x00005e25   Thumb Code     6  nrf_atomic.o(i.nrf_atomic_flag_clear_fetch)
    nrf_atomic_flag_set                      0x00005e2b   Thumb Code     6  nrf_atomic.o(i.nrf_atomic_flag_set)
    nrf_atomic_u32_add                       0x00005e31   Thumb Code    12  nrf_atomic.o(i.nrf_atomic_u32_add)
    nrf_atomic_u32_fetch_and                 0x00005e3d   Thumb Code    10  nrf_atomic.o(i.nrf_atomic_u32_fetch_and)
    nrf_atomic_u32_fetch_store               0x00005e47   Thumb Code    10  nrf_atomic.o(i.nrf_atomic_u32_fetch_store)
    nrf_atomic_u32_or                        0x00005e51   Thumb Code    12  nrf_atomic.o(i.nrf_atomic_u32_or)
    nrf_atomic_u32_sub                       0x00005e5d   Thumb Code    12  nrf_atomic.o(i.nrf_atomic_u32_sub)
    nrf_balloc_alloc                         0x00005e69   Thumb Code    62  nrf_balloc.o(i.nrf_balloc_alloc)
    nrf_balloc_free                          0x00005ea7   Thumb Code    42  nrf_balloc.o(i.nrf_balloc_free)
    nrf_balloc_init                          0x00005ed1   Thumb Code    48  nrf_balloc.o(i.nrf_balloc_init)
    nrf_drv_uart_init                        0x00005f01   Thumb Code    90  nrf_drv_uart.o(i.nrf_drv_uart_init)
    nrf_fprintf                              0x00005fa9   Thumb Code    26  nrf_fprintf.o(i.nrf_fprintf)
    nrf_fprintf_buffer_flush                 0x00005fc3   Thumb Code    24  nrf_fprintf.o(i.nrf_fprintf_buffer_flush)
    nrf_fprintf_fmt                          0x00005fdb   Thumb Code   450  nrf_fprintf_format.o(i.nrf_fprintf_fmt)
    nrf_log_backend_add                      0x0000637d   Thumb Code    88  nrf_log_frontend.o(i.nrf_log_backend_add)
    nrf_log_backend_rtt_init                 0x000063db   Thumb Code     4  nrf_log_backend_rtt.o(i.nrf_log_backend_rtt_init)
    nrf_log_backend_serial_put               0x000063f9   Thumb Code   200  nrf_log_backend_serial.o(i.nrf_log_backend_serial_put)
    nrf_log_color_id_get                     0x000064c1   Thumb Code    42  nrf_log_frontend.o(i.nrf_log_color_id_get)
    nrf_log_default_backends_init            0x000064f1   Thumb Code    24  nrf_log_default_backends.o(i.nrf_log_default_backends_init)
    nrf_log_frontend_dequeue                 0x0000650d   Thumb Code   536  nrf_log_frontend.o(i.nrf_log_frontend_dequeue)
    nrf_log_frontend_std_0                   0x00006749   Thumb Code     8  nrf_log_frontend.o(i.nrf_log_frontend_std_0)
    nrf_log_frontend_std_1                   0x00006751   Thumb Code    14  nrf_log_frontend.o(i.nrf_log_frontend_std_1)
    nrf_log_hexdump_entry_process            0x00006761   Thumb Code   146  nrf_log_str_formatter.o(i.nrf_log_hexdump_entry_process)
    nrf_log_init                             0x0000680d   Thumb Code    46  nrf_log_frontend.o(i.nrf_log_init)
    nrf_log_module_cnt_get                   0x00006849   Thumb Code    10  nrf_log_frontend.o(i.nrf_log_module_cnt_get)
    nrf_log_module_name_get                  0x0000685d   Thumb Code    24  nrf_log_frontend.o(i.nrf_log_module_name_get)
    nrf_log_panic                            0x00006879   Thumb Code    38  nrf_log_frontend.o(i.nrf_log_panic)
    nrf_log_std_entry_process                0x000068a5   Thumb Code   182  nrf_log_str_formatter.o(i.nrf_log_std_entry_process)
    nrf_memobj_alloc                         0x0000695b   Thumb Code    94  nrf_memobj.o(i.nrf_memobj_alloc)
    nrf_memobj_free                          0x000069b9   Thumb Code    50  nrf_memobj.o(i.nrf_memobj_free)
    nrf_memobj_get                           0x000069eb   Thumb Code     8  nrf_memobj.o(i.nrf_memobj_get)
    nrf_memobj_pool_init                     0x000069f3   Thumb Code     4  nrf_memobj.o(i.nrf_memobj_pool_init)
    nrf_memobj_put                           0x000069f7   Thumb Code    30  nrf_memobj.o(i.nrf_memobj_put)
    nrf_memobj_read                          0x00006a15   Thumb Code    16  nrf_memobj.o(i.nrf_memobj_read)
    nrf_memobj_write                         0x00006a25   Thumb Code    16  nrf_memobj.o(i.nrf_memobj_write)
    nrf_ringbuf_init                         0x00006a35   Thumb Code    28  nrf_ringbuf.o(i.nrf_ringbuf_init)
    nrfx_prs_acquire                         0x00006a99   Thumb Code    50  nrfx_prs.o(i.nrfx_prs_acquire)
    nrfx_uart_0_irq_handler                  0x00006acd   Thumb Code     8  nrfx_uart.o(i.nrfx_uart_0_irq_handler)
    nrfx_uart_init                           0x00006add   Thumb Code   196  nrfx_uart.o(i.nrfx_uart_init)
    nrfx_uart_rx                             0x00006bad   Thumb Code   230  nrfx_uart.o(i.nrfx_uart_rx)
    nrfx_uart_tx                             0x00006c99   Thumb Code   162  nrfx_uart.o(i.nrfx_uart_tx)
    nrfx_uart_tx_in_progress                 0x00006d41   Thumb Code    26  nrfx_uart.o(i.nrfx_uart_tx_in_progress)
    nrfx_uarte_0_irq_handler                 0x00006d61   Thumb Code     8  nrfx_uarte.o(i.nrfx_uarte_0_irq_handler)
    nrfx_uarte_init                          0x00006d71   Thumb Code   100  nrfx_uarte.o(i.nrfx_uarte_init)
    nrfx_uarte_rx                            0x00006ddd   Thumb Code   252  nrfx_uarte.o(i.nrfx_uarte_rx)
    nrfx_uarte_tx                            0x00006edd   Thumb Code   166  nrfx_uarte.o(i.nrfx_uarte_tx)
    nrfx_uarte_tx_in_progress                0x00006f89   Thumb Code    22  nrfx_uarte.o(i.nrfx_uarte_tx_in_progress)
    on_button_click                          0x00006fa5   Thumb Code    44  main.o(i.on_button_click)
    patch_num_eva                            0x00006ff1   Thumb Code   124  ebpf_test.o(i.patch_num_eva)
    profile_add_event                        0x00007155   Thumb Code    72  profiling.o(i.profile_add_event)
    profile_dump                             0x000071a5   Thumb Code    48  profiling.o(i.profile_dump)
    profile_end                              0x000071fd   Thumb Code    20  profiling.o(i.profile_end)
    profile_start                            0x00007219   Thumb Code    12  profiling.o(i.profile_start)
    read_local_patch                         0x00007245   Thumb Code   142  dynamic_patch_load.o(i.read_local_patch)
    run_ebpf_eva                             0x00007319   Thumb Code    26  ebpf_test.o(i.run_ebpf_eva)
    run_ebpf_filter                          0x0000735d   Thumb Code    22  iotpatch.o(i.run_ebpf_filter)
    run_ebpf_test                            0x00007375   Thumb Code    16  ebpf_test.o(i.run_ebpf_test)
    run_shell_cli                            0x000074a9   Thumb Code    74  ihp_cli.o(i.run_shell_cli)
    run_test_by_id                           0x00007501   Thumb Code    64  ihp_cli.o(i.run_test_by_id)
    set_default_helpers                      0x00007675   Thumb Code    54  ebpf_vm.o(i.set_default_helpers)
    set_patch_mode                           0x000076e5   Thumb Code    68  cortex-m4_fbp.o(i.set_patch_mode)
    shell_get_char                           0x00007929   Thumb Code    18  ihp_porting.o(i.shell_get_char)
    shell_put_char                           0x000079e5   Thumb Code    16  ihp_porting.o(i.shell_put_char)
    show_all_patches                         0x000079f5   Thumb Code    44  iotpatch.o(i.show_all_patches)
    show_fixed_patch_desc                    0x00007a89   Thumb Code    30  fixed_patch_load.o(i.show_fixed_patch_desc)
    show_hw_bkpt                             0x00007ab9   Thumb Code    68  cortex-m4_fbp.o(i.show_hw_bkpt)
    show_local_patch_desc                    0x00007b85   Thumb Code    34  dynamic_patch_load.o(i.show_local_patch_desc)
    start_patch_service                      0x00007be9   Thumb Code    10  patch_service.o(i.start_patch_service)
    str2int                                  0x00007c81   Thumb Code    26  utils.o(i.str2int)
    test_debugmon_patch                      0x00007cc1   Thumb Code    20  cortex-m4_fbp.o(i.test_debugmon_patch)
    test_dynamic_bug                         0x00007ced   Thumb Code    16  dynamic_patch_load.o(i.test_dynamic_bug)
    test_ebpf_c0                             0x00007cfd   Thumb Code    44  ebpf_test.o(i.test_ebpf_c0)
    test_ebpf_c1                             0x00007d2d   Thumb Code    40  ebpf_test.o(i.test_ebpf_c1)
    test_ebpf_c10                            0x00007d61   Thumb Code    26  ebpf_test.o(i.test_ebpf_c10)
    test_ebpf_c11                            0x00007d81   Thumb Code    42  ebpf_test.o(i.test_ebpf_c11)
    test_ebpf_c12                            0x00007db5   Thumb Code    56  ebpf_test.o(i.test_ebpf_c12)
    test_ebpf_c2                             0x00007df5   Thumb Code    38  ebpf_test.o(i.test_ebpf_c2)
    test_ebpf_c3                             0x00007e25   Thumb Code    38  ebpf_test.o(i.test_ebpf_c3)
    test_ebpf_c4                             0x00007e5d   Thumb Code    28  ebpf_test.o(i.test_ebpf_c4)
    test_ebpf_c5                             0x00007e7d   Thumb Code    48  ebpf_test.o(i.test_ebpf_c5)
    test_ebpf_c6                             0x00007eb1   Thumb Code    52  ebpf_test.o(i.test_ebpf_c6)
    test_ebpf_c7                             0x00007ef1   Thumb Code    54  ebpf_test.o(i.test_ebpf_c7)
    test_ebpf_c8                             0x00007f2d   Thumb Code    42  ebpf_test.o(i.test_ebpf_c8)
    test_ebpf_c9                             0x00007f5d   Thumb Code    42  ebpf_test.o(i.test_ebpf_c9)
    test_fixed_patch_point                   0x00007f91   Thumb Code    22  fixed_patch_points.o(i.test_fixed_patch_point)
    test_patch_dispatcher                    0x00008029   Thumb Code    68  ebpf_test.o(i.test_patch_dispatcher)
    trigger_debugmon                         0x00008161   Thumb Code     4  cortex-m4_fbp.o(i.trigger_debugmon)
    uart_config                              0x000081b9   Thumb Code    54  main.o(i.uart_config)
    uart_error_handle                        0x00008201   Thumb Code    18  main.o(i.uart_error_handle)
    nrf_log_backend_rtt_api                  0x000086d8   Data          12  nrf_log_backend_rtt.o(.constdata)
    __ctype_table                            0x000087e2   Data         129  ctype_o.o(.constdata)
    Region$$Table$$Base                      0x00008b34   Number         0  anon$$obj.o(Region$$Table)
    Region$$Table$$Limit                     0x00008b54   Number         0  anon$$obj.o(Region$$Table)
    m_nrf_log_PRS_logs_data_const            0x00008b64   Data           8  nrfx_prs.o(log_const_data_PRS)
    m_nrf_log_UART_logs_data_const           0x00008b6c   Data           8  nrfx_uart.o(log_const_data_UART)
    m_nrf_log_UARTE_logs_data_const          0x00008b74   Data           8  nrfx_uarte.o(log_const_data_UARTE)
    m_nrf_log_app_logs_data_const            0x00008b7c   Data           8  nrf_log_frontend.o(log_const_data_app)
    log_mempool                              0x00008b84   Data          20  nrf_log_frontend.o(nrf_balloc)
    nrf_drv_uart_use_easy_dma                0x20000000   Data           2  nrf_drv_uart.o(.data)
    dynamic_trigger_func_list                0x2000009c   Data           4  ihp_cli.o(.data)
    test_funcs                               0x20000a0c   Data          52  ebpf_test.o(.data)
    bpkt_info                                0x20000a41   Data           2  cortex-m4_fbp.o(.data)
    mem_size                                 0x20001014   Data           4  ebpf_allocator.o(.data)
    SystemCoreClock                          0x20001020   Data           4  system_nrf52840.o(.data)
    __microlib_freelist                      0x20001024   Data           4  mvars.o(.data)
    __microlib_freelist_initialised          0x20001028   Data           4  mvars.o(.data)
    _SEGGER_RTT                              0x20001858   Data         120  segger_rtt.o(.bss)
    log_buf                                  0x20001b64   Data         256  ihp_porting.o(.bss)
    pctx                                     0x20001c64   Data          36  iotpatch.o(.bss)
    g_jit_mem                                0x200029ac   Data          12  jit.o(.bss)
    __heap_base                              0x200029b8   Data           0  arm_startup_nrf52840.o(HEAP)
    __heap_limit                             0x200049b8   Data           0  arm_startup_nrf52840.o(HEAP)
    __initial_sp                             0x200069b8   Data           0  arm_startup_nrf52840.o(STACK)



==============================================================================

Memory Map of the image

  Image Entry point : 0x00000201

  Load Region LR_IROM1 (Base: 0x00000000, Size: 0x00009bc4, Max: 0x00100000, ABSOLUTE, COMPRESSED[0x000090f0])

    Execution Region ER_IROM1 (Exec base: 0x00000000, Load base: 0x00000000, Size: 0x00008b98, Max: 0x00100000, ABSOLUTE)

    Exec Addr    Load Addr    Size         Type   Attr      Idx    E Section Name        Object

    0x00000000   0x00000000   0x00000200   Data   RO         4255    RESET               arm_startup_nrf52840.o
    0x00000200   0x00000200   0x00000000   Code   RO         4296  * .ARM.Collect$$$$00000000  mc_w.l(entry.o)
    0x00000200   0x00000200   0x00000004   Code   RO         4407    .ARM.Collect$$$$00000001  mc_w.l(entry2.o)
    0x00000204   0x00000204   0x00000004   Code   RO         4410    .ARM.Collect$$$$00000004  mc_w.l(entry5.o)
    0x00000208   0x00000208   0x00000000   Code   RO         4412    .ARM.Collect$$$$00000008  mc_w.l(entry7b.o)
    0x00000208   0x00000208   0x00000000   Code   RO         4414    .ARM.Collect$$$$0000000A  mc_w.l(entry8b.o)
    0x00000208   0x00000208   0x00000008   Code   RO         4415    .ARM.Collect$$$$0000000B  mc_w.l(entry9a.o)
    0x00000210   0x00000210   0x00000000   Code   RO         4417    .ARM.Collect$$$$0000000D  mc_w.l(entry10a.o)
    0x00000210   0x00000210   0x00000000   Code   RO         4419    .ARM.Collect$$$$0000000F  mc_w.l(entry11a.o)
    0x00000210   0x00000210   0x00000004   Code   RO         4408    .ARM.Collect$$$$00002712  mc_w.l(entry2.o)
    0x00000214   0x00000214   0x000000e2   Code   RO         1505    .emb_text           nrf_atomic.o
    0x000002f6   0x000002f6   0x00000002   PAD
    0x000002f8   0x000002f8   0x0000013c   Code   RO         3151    .emb_text           cortex-m4_fbp.o
    0x00000434   0x00000434   0x00000022   Code   RO         3453    .emb_text           fixed_patch_points.o
    0x00000456   0x00000456   0x00000002   PAD
    0x00000458   0x00000458   0x00000024   Code   RO         4256    .text               arm_startup_nrf52840.o
    0x0000047c   0x0000047c   0x00000062   Code   RO         4299    .text               mc_w.l(uldiv.o)
    0x000004de   0x000004de   0x0000001e   Code   RO         4301    .text               mc_w.l(llshl.o)
    0x000004fc   0x000004fc   0x00000020   Code   RO         4303    .text               mc_w.l(llushr.o)
    0x0000051c   0x0000051c   0x00000024   Code   RO         4305    .text               mc_w.l(llsshr.o)
    0x00000540   0x00000540   0x00000008   Code   RO         4307    .text               mc_w.l(ctype_o.o)
    0x00000548   0x00000548   0x00000024   Code   RO         4335    .text               mc_w.l(memcpya.o)
    0x0000056c   0x0000056c   0x00000024   Code   RO         4337    .text               mc_w.l(memseta.o)
    0x00000590   0x00000590   0x0000000e   Code   RO         4339    .text               mc_w.l(strlen.o)
    0x0000059e   0x0000059e   0x0000001c   Code   RO         4341    .text               mc_w.l(strcmp.o)
    0x000005ba   0x000005ba   0x00000012   Code   RO         4343    .text               mc_w.l(strcpy.o)
    0x000005cc   0x000005cc   0x0000001c   Code   RO         4403    .text               mc_w.l(calloc.o)
    0x000005e8   0x000005e8   0x00000026   Code   RO         4405    .text               mf_w.l(f2d.o)
    0x0000060e   0x0000060e   0x0000002c   Code   RO         4421    .text               mc_w.l(uidiv.o)
    0x0000063a   0x0000063a   0x00000000   Code   RO         4425    .text               mc_w.l(iusefp.o)
    0x0000063a   0x0000063a   0x0000014e   Code   RO         4426    .text               mf_w.l(dadd.o)
    0x00000788   0x00000788   0x000000e4   Code   RO         4428    .text               mf_w.l(dmul.o)
    0x0000086c   0x0000086c   0x000000de   Code   RO         4430    .text               mf_w.l(ddiv.o)
    0x0000094a   0x0000094a   0x00000030   Code   RO         4432    .text               mf_w.l(dfixul.o)
    0x0000097a   0x0000097a   0x00000002   PAD
    0x0000097c   0x0000097c   0x00000030   Code   RO         4434    .text               mf_w.l(cdrcmple.o)
    0x000009ac   0x000009ac   0x00000024   Code   RO         4436    .text               mc_w.l(init.o)
    0x000009d0   0x000009d0   0x000000ba   Code   RO         4438    .text               mf_w.l(depilogue.o)
    0x00000a8a   0x00000a8a   0x0000005e   Code   RO         4448    .text               mc_w.l(__dclz77c.o)
    0x00000ae8   0x00000ae8   0x0000003c   Code   RO         3153    i.RawBuggyFunc      cortex-m4_fbp.o
    0x00000b24   0x00000b24   0x00000004   Code   RO         2345    i.SEGGER_RTT_Init   segger_rtt.o
    0x00000b28   0x00000b28   0x0000005c   Code   RO         2359    i.SEGGER_RTT_WriteNoLock  segger_rtt.o
    0x00000b84   0x00000b84   0x000001e4   Code   RO         4264    i.SystemInit        system_nrf52840.o
    0x00000d68   0x00000d68   0x0000000c   Code   RO          980    i.UARTE0_UART0_IRQHandler  nrfx_prs.o
    0x00000d74   0x00000d74   0x00000068   Code   RO         2363    i._DoInit           segger_rtt.o
    0x00000ddc   0x00000ddc   0x00000016   Code   RO         2364    i._GetAvailWriteSpace  segger_rtt.o
    0x00000df2   0x00000df2   0x0000005a   Code   RO         2366    i._WriteBlocking    segger_rtt.o
    0x00000e4c   0x00000e4c   0x00000042   Code   RO         2367    i._WriteNoCheck     segger_rtt.o
    0x00000e8e   0x00000e8e   0x00000002   PAD
    0x00000e90   0x00000e90   0x0000002c   Code   RO         4353    i.__0vsnprintf      mc_w.l(printfa.o)
    0x00000ebc   0x00000ebc   0x0000000e   Code   RO         4442    i.__scatterload_copy  mc_w.l(handlers.o)
    0x00000eca   0x00000eca   0x00000002   Code   RO         4443    i.__scatterload_null  mc_w.l(handlers.o)
    0x00000ecc   0x00000ecc   0x0000000e   Code   RO         4444    i.__scatterload_zeroinit  mc_w.l(handlers.o)
    0x00000eda   0x00000eda   0x00000002   PAD
    0x00000edc   0x00000edc   0x00000044   Code   RO         3885    i._emit_add_reg     jit_thumb2.o
    0x00000f20   0x00000f20   0x00000068   Code   RO         3886    i._emit_b           jit_thumb2.o
    0x00000f88   0x00000f88   0x00000080   Code   RO         3887    i._emit_b_cond      jit_thumb2.o
    0x00001008   0x00001008   0x000000e8   Code   RO         3888    i._emit_cmp_cond    jit_thumb2.o
    0x000010f0   0x000010f0   0x0000002c   Code   RO         3889    i._emit_cmp_reg     jit_thumb2.o
    0x0000111c   0x0000111c   0x00000042   Code   RO         3890    i._emit_jump        jit_thumb2.o
    0x0000115e   0x0000115e   0x00000002   PAD
    0x00001160   0x00001160   0x00000048   Code   RO         3891    i._emit_ldr_i       jit_thumb2.o
    0x000011a8   0x000011a8   0x00000084   Code   RO         3892    i._emit_ldrb_i      jit_thumb2.o
    0x0000122c   0x0000122c   0x00000060   Code   RO         3893    i._emit_ldrd_i      jit_thumb2.o
    0x0000128c   0x0000128c   0x00000068   Code   RO         3894    i._emit_ldrh_i      jit_thumb2.o
    0x000012f4   0x000012f4   0x000000e0   Code   RO         3895    i._emit_lsh64_imm   jit_thumb2.o
    0x000013d4   0x000013d4   0x00000104   Code   RO         3896    i._emit_lsh64_reg   jit_thumb2.o
    0x000014d8   0x000014d8   0x00000038   Code   RO         3897    i._emit_mov_reg     jit_thumb2.o
    0x00001510   0x00001510   0x00000050   Code   RO         3898    i._emit_str_i       jit_thumb2.o
    0x00001560   0x00001560   0x00000058   Code   RO         3899    i._emit_strd_i      jit_thumb2.o
    0x000015b8   0x000015b8   0x0000009c   Code   RO         3900    i._emit_sub_imm     jit_thumb2.o
    0x00001654   0x00001654   0x00000062   Code   RO         3901    i._emit_sub_reg     jit_thumb2.o
    0x000016b6   0x000016b6   0x00000002   PAD
    0x000016b8   0x000016b8   0x00000184   Code   RO         4355    i._fp_digits        mc_w.l(printfa.o)
    0x0000183c   0x0000183c   0x000006dc   Code   RO         4356    i._printf_core      mc_w.l(printfa.o)
    0x00001f18   0x00001f18   0x00000024   Code   RO         4357    i._printf_post_padding  mc_w.l(printfa.o)
    0x00001f3c   0x00001f3c   0x0000002e   Code   RO         4358    i._printf_pre_padding  mc_w.l(printfa.o)
    0x00001f6a   0x00001f6a   0x00000016   Code   RO         4359    i._snputc           mc_w.l(printfa.o)
    0x00001f80   0x00001f80   0x00000018   Code   RO         3902    i._thumb16_ADD_REG_T2  jit_thumb2.o
    0x00001f98   0x00001f98   0x0000002c   Code   RO         3903    i._thumb32_ADDW_REG_T3  jit_thumb2.o
    0x00001fc4   0x00001fc4   0x00000024   Code   RO         3904    i._thumb32_ASRW_IMM_T2  jit_thumb2.o
    0x00001fe8   0x00001fe8   0x00000018   Code   RO         3905    i._thumb32_ASRW_REG_T2  jit_thumb2.o
    0x00002000   0x00002000   0x00000018   Code   RO         3906    i._thumb32_LSLW_REG_T2  jit_thumb2.o
    0x00002018   0x00002018   0x00000030   Code   RO         3907    i._thumb32_LSRW_IMM_T2  jit_thumb2.o
    0x00002048   0x00002048   0x00000018   Code   RO         3908    i._thumb32_LSRW_REG_T2  jit_thumb2.o
    0x00002060   0x00002060   0x00000014   Code   RO         3909    i._thumb32_MUL_T2   jit_thumb2.o
    0x00002074   0x00002074   0x0000003c   Code   RO         3910    i._thumb32_ORRW_REG_T2  jit_thumb2.o
    0x000020b0   0x000020b0   0x00000018   Code   RO         3911    i._thumb32_PUSHW_T2  jit_thumb2.o
    0x000020c8   0x000020c8   0x0000002c   Code   RO         3912    i._thumb32_RSBW_IMM_T2  jit_thumb2.o
    0x000020f4   0x000020f4   0x00000030   Code   RO         3913    i._thumb32_SBCW_T2  jit_thumb2.o
    0x00002124   0x00002124   0x00000028   Code   RO         3914    i._thumb32_SUBW_IMM_T4  jit_thumb2.o
    0x0000214c   0x0000214c   0x00000030   Code   RO         3915    i._thumb32_SUB_REG_T2  jit_thumb2.o
    0x0000217c   0x0000217c   0x0000000e   Code   RO         3916    i._use_b4           jit_thumb2.o
    0x0000218a   0x0000218a   0x00000002   PAD
    0x0000218c   0x0000218c   0x00000034   Code   RO         2812    i.active_patch      iotpatch.o
    0x000021c0   0x000021c0   0x000000a0   Code   RO         2813    i.add_dynamic_patch_to_ctx  iotpatch.o
    0x00002260   0x00002260   0x00000014   Code   RO         2814    i.add_fixed_patch_to_ctx  iotpatch.o
    0x00002274   0x00002274   0x00000180   Code   RO         3154    i.add_fpb_bkpt      cortex-m4_fbp.o
    0x000023f4   0x000023f4   0x000000a8   Code   RO         3155    i.add_hw_bkpt       cortex-m4_fbp.o
    0x0000249c   0x0000249c   0x00000080   Code   RO         1208    i.app_error_fault_handler  app_error_weak.o
    0x0000251c   0x0000251c   0x00000016   Code   RO         1038    i.app_error_handler_bare  app_error.o
    0x00002532   0x00002532   0x00000016   Code   RO         1683    i.app_fifo_get      app_fifo.o
    0x00002548   0x00002548   0x00000020   Code   RO         1684    i.app_fifo_init     app_fifo.o
    0x00002568   0x00002568   0x0000001a   Code   RO         1686    i.app_fifo_put      app_fifo.o
    0x00002582   0x00002582   0x00000002   PAD
    0x00002584   0x00002584   0x00000034   Code   RO         1760    i.app_uart_get      app_uart_fifo.o
    0x000025b8   0x000025b8   0x000000a4   Code   RO         1761    i.app_uart_init     app_uart_fifo.o
    0x0000265c   0x0000265c   0x00000054   Code   RO         1762    i.app_uart_put      app_uart_fifo.o
    0x000026b0   0x000026b0   0x00000004   Code   RO         1107    i.app_util_critical_region_enter  app_util_platform.o
    0x000026b4   0x000026b4   0x00000004   Code   RO         1108    i.app_util_critical_region_exit  app_util_platform.o
    0x000026b8   0x000026b8   0x00000010   Code   RO         1109    i.app_util_disable_irq  app_util_platform.o
    0x000026c8   0x000026c8   0x00000014   Code   RO         1110    i.app_util_enable_irq  app_util_platform.o
    0x000026dc   0x000026dc   0x00000076   Code   RO          591    i.apply_config      nrfx_uart.o
    0x00002752   0x00002752   0x00000076   Code   RO          806    i.apply_config      nrfx_uarte.o
    0x000027c8   0x000027c8   0x00000018   Code   RO         3917    i.arm_bpf_get_reg32  jit_thumb2.o
    0x000027e0   0x000027e0   0x0000001a   Code   RO         3918    i.arm_bpf_get_reg64  jit_thumb2.o
    0x000027fa   0x000027fa   0x00000026   Code   RO         3919    i.arm_bpf_put_reg32  jit_thumb2.o
    0x00002820   0x00002820   0x00000046   Code   RO         3920    i.arm_bpf_put_reg64  jit_thumb2.o
    0x00002866   0x00002866   0x0000001a   Code   RO         3590    i.arraymap_destroy  hashmap.o
    0x00002880   0x00002880   0x0000001e   Code   RO         3591    i.arraymap_get      hashmap.o
    0x0000289e   0x0000289e   0x00000016   Code   RO         3593    i.arraymap_iter_val  hashmap.o
    0x000028b4   0x000028b4   0x0000002a   Code   RO         3594    i.arraymap_new      hashmap.o
    0x000028de   0x000028de   0x000000bc   Code   RO         3595    i.arraymap_set      hashmap.o
    0x0000299a   0x0000299a   0x00000030   Code   RO         3596    i.binary_search     hashmap.o
    0x000029ca   0x000029ca   0x00000032   Code   RO         3722    i.bounds_check      ebpf_vm.o
    0x000029fc   0x000029fc   0x0000001e   Code   RO         3921    i.bpf2a32_offset    jit_thumb2.o
    0x00002a1a   0x00002a1a   0x00000002   PAD
    0x00002a1c   0x00002a1c   0x00000054   Code   RO          278    i.bsp_board_init    boards.o
    0x00002a70   0x00002a70   0x00000010   Code   RO          281    i.bsp_board_led_off  boards.o
    0x00002a80   0x00002a80   0x00000012   Code   RO          284    i.bsp_board_leds_off  boards.o
    0x00002a92   0x00002a92   0x00000002   PAD
    0x00002a94   0x00002a94   0x00000088   Code   RO         2092    i.buf_prealloc      nrf_log_frontend.o
    0x00002b1c   0x00002b1c   0x0000002e   Code   RO         1317    i.buffer_add        nrf_fprintf_format.o
    0x00002b4a   0x00002b4a   0x00000002   PAD
    0x00002b4c   0x00002b4c   0x00000014   Code   RO         2093    i.buffer_is_empty   nrf_log_frontend.o
    0x00002b60   0x00002b60   0x00000064   Code   RO         3922    i.build_body        jit_thumb2.o
    0x00002bc4   0x00002bc4   0x00000590   Code   RO         3923    i.build_inst        jit_thumb2.o
    0x00003154   0x00003154   0x00000074   Code   RO         3924    i.build_prologue    jit_thumb2.o
    0x000031c8   0x000031c8   0x00000028   Code   RO         3156    i.calc_bpkt_addr    cortex-m4_fbp.o
    0x000031f0   0x000031f0   0x00000014   Code   RO         2950    i.calc_bpkt_pc      utils.o
    0x00003204   0x00003204   0x00000046   Code   RO         3157    i.calc_branch_instr  cortex-m4_fbp.o
    0x0000324a   0x0000324a   0x00000002   PAD
    0x0000324c   0x0000324c   0x00000104   Code   RO         3454    i.call_dummy_buggy_MQTT_function  fixed_patch_points.o
    0x00003350   0x00003350   0x00000038   Code   RO         3159    i.clear_all_hw_bkpt  cortex-m4_fbp.o
    0x00003388   0x00003388   0x00000040   Code   RO         2596    i.cli_print_help    ihp_cli.o
    0x000033c8   0x000033c8   0x00000004   Code   RO         3350    i.cycles2us         profiling.o
    0x000033cc   0x000033cc   0x0000001c   Code   RO         3351    i.cycles_to_us      profiling.o
    0x000033e8   0x000033e8   0x00000016   Code   RO         2952    i.debug_log         utils.o
    0x000033fe   0x000033fe   0x00000002   PAD
    0x00003400   0x00003400   0x000000b4   Code   RO         3160    i.debug_monitor_init  cortex-m4_fbp.o
    0x000034b4   0x000034b4   0x000000b0   Code   RO         3455    i.dispatch_fixed_patch_point  fixed_patch_points.o
    0x00003564   0x00003564   0x00000014   Code   RO         2094    i.dropped_sat16_get  nrf_log_frontend.o
    0x00003578   0x00003578   0x0000007c   Code   RO         3456    i.dummy_buggy_MQTT_packet_length_decode  fixed_patch_points.o
    0x000035f4   0x000035f4   0x0000002c   Code   RO         3353    i.dwt_init          profiling.o
    0x00003620   0x00003620   0x00000010   Code   RO         3684    i.ebpf_calloc       ebpf_allocator.o
    0x00003630   0x00003630   0x0000012c   Code   RO         2991    i.ebpf_eva          ebpf_test.o
    0x0000375c   0x0000375c   0x00000004   Code   RO         3685    i.ebpf_free         ebpf_allocator.o
    0x00003760   0x00003760   0x00000010   Code   RO         3686    i.ebpf_malloc       ebpf_allocator.o
    0x00003770   0x00003770   0x00000050   Code   RO         3687    i.ebpf_realloc      ebpf_allocator.o
    0x000037c0   0x000037c0   0x00000028   Code   RO         3724    i.ebpf_register     ebpf_vm.o
    0x000037e8   0x000037e8   0x00000cd4   Code   RO         3726    i.ebpf_vm_exec      ebpf_vm.o
    0x000044bc   0x000044bc   0x00000020   Code   RO         3728    i.ebpf_vm_set_inst  ebpf_vm.o
    0x000044dc   0x000044dc   0x00000020   Code   RO         3926    i.emit2             jit_thumb2.o
    0x000044fc   0x000044fc   0x00000018   Code   RO         3927    i.emit4             jit_thumb2.o
    0x00004514   0x00004514   0x000000bc   Code   RO         3928    i.emit_a32_arsh_i64  jit_thumb2.o
    0x000045d0   0x000045d0   0x00000118   Code   RO         3929    i.emit_a32_arsh_r64  jit_thumb2.o
    0x000046e8   0x000046e8   0x00000024   Code   RO         3930    i.emit_a32_mov_reg  jit_thumb2.o
    0x0000470c   0x0000470c   0x000000b8   Code   RO         3931    i.emit_a32_mul_r64  jit_thumb2.o
    0x000047c4   0x000047c4   0x000000b8   Code   RO         3932    i.emit_a32_rsh_i64  jit_thumb2.o
    0x0000487c   0x0000487c   0x0000010c   Code   RO         3933    i.emit_a32_rsh_r64  jit_thumb2.o
    0x00004988   0x00004988   0x00000074   Code   RO         3934    i.emit_alu32_imm    jit_thumb2.o
    0x000049fc   0x000049fc   0x000001b0   Code   RO         3935    i.emit_alu32_reg    jit_thumb2.o
    0x00004bac   0x00004bac   0x00000088   Code   RO         3936    i.emit_alu64_reg    jit_thumb2.o
    0x00004c34   0x00004c34   0x000000d4   Code   RO         3937    i.emit_ldx_reg      jit_thumb2.o
    0x00004d08   0x00004d08   0x0000003c   Code   RO         3938    i.emit_mov_i64      jit_thumb2.o
    0x00004d44   0x00004d44   0x00000088   Code   RO         3939    i.emit_mov_imm      jit_thumb2.o
    0x00004dcc   0x00004dcc   0x00000084   Code   RO         3940    i.emit_mov_reg64    jit_thumb2.o
    0x00004e50   0x00004e50   0x00000022   Code   RO         3941    i.emit_mov_se_imm64  jit_thumb2.o
    0x00004e72   0x00004e72   0x00000002   PAD
    0x00004e74   0x00004e74   0x0000005c   Code   RO         3942    i.emit_push_r64     jit_thumb2.o
    0x00004ed0   0x00004ed0   0x0000012c   Code   RO         3943    i.emit_str_reg      jit_thumb2.o
    0x00004ffc   0x00004ffc   0x000000a8   Code   RO         3944    i.emit_u32_div_mod  jit_thumb2.o
    0x000050a4   0x000050a4   0x00000014   Code   RO         1689    i.fifo_get          app_fifo.o
    0x000050b8   0x000050b8   0x00000012   Code   RO         1690    i.fifo_put          app_fifo.o
    0x000050ca   0x000050ca   0x00000002   PAD
    0x000050cc   0x000050cc   0x00000014   Code   RO         3161    i.fpb_disable       cortex-m4_fbp.o
    0x000050e0   0x000050e0   0x00000070   Code   RO         3162    i.fpb_disable_cur_inst  cortex-m4_fbp.o
    0x00005150   0x00005150   0x00000010   Code   RO         3163    i.fpb_enable        cortex-m4_fbp.o
    0x00005160   0x00005160   0x00000058   Code   RO         3164    i.fpb_enable_callback  cortex-m4_fbp.o
    0x000051b8   0x000051b8   0x000000e8   Code   RO         3165    i.fpb_setup_test    cortex-m4_fbp.o
    0x000052a0   0x000052a0   0x00000050   Code   RO         4375    i.free              mc_w.l(malloc.o)
    0x000052f0   0x000052f0   0x00000054   Code   RO         3835    i.gen_jit_code      jit.o
    0x00005344   0x00005344   0x0000000c   Code   RO         3354    i.get_cur_tick      profiling.o
    0x00005350   0x00005350   0x0000002c   Code   RO         2818    i.get_dynamic_patch_by_bpkt  iotpatch.o
    0x0000537c   0x0000537c   0x0000000c   Code   RO         3688    i.get_ebpf_alloc_size  ebpf_allocator.o
    0x00005388   0x00005388   0x00000028   Code   RO         2821    i.get_fixed_patch_by_lr  iotpatch.o
    0x000053b0   0x000053b0   0x0000001c   Code   RO         3168    i.hera_fix_func     cortex-m4_fbp.o
    0x000053cc   0x000053cc   0x00000026   Code   RO         3729    i.init_ebpf_vm      ebpf_vm.o
    0x000053f2   0x000053f2   0x00000014   Code   RO         3730    i.init_iot_ebpf_helpers  ebpf_vm.o
    0x00005406   0x00005406   0x00000002   PAD
    0x00005408   0x00005408   0x0000004c   Code   RO         2822    i.init_patch_sys    iotpatch.o
    0x00005454   0x00005454   0x000000a4   Code   RO         1318    i.int_print         nrf_fprintf_format.o
    0x000054f8   0x000054f8   0x00000084   Code   RO          807    i.interrupts_enable  nrfx_uarte.o
    0x0000557c   0x0000557c   0x00000034   Code   RO         2095    i.invalid_packets_omit  nrf_log_frontend.o
    0x000055b0   0x000055b0   0x00000078   Code   RO         3731    i.iot_call_C_func_noret  ebpf_vm.o
    0x00005628   0x00005628   0x00000004   Code   RO         3732    i.iot_print_log     ebpf_vm.o
    0x0000562c   0x0000562c   0x00000032   Code   RO         3946    i.is_ldst_imm       jit_thumb2.o
    0x0000565e   0x0000565e   0x00000002   PAD
    0x00005660   0x00005660   0x00000048   Code   RO         3947    i.jit_compile       jit_thumb2.o
    0x000056a8   0x000056a8   0x00000040   Code   RO         3948    i.jit_dump_inst     jit_thumb2.o
    0x000056e8   0x000056e8   0x00000034   Code   RO         3836    i.jit_mem_allocate  jit.o
    0x0000571c   0x0000571c   0x0000000a   Code   RO         3837    i.jit_mem_free      jit.o
    0x00005726   0x00005726   0x00000006   Code   RO         3838    i.jit_mem_statistic  jit.o
    0x0000572c   0x0000572c   0x00000010   Code   RO         3839    i.jit_state_set_mem  jit.o
    0x0000573c   0x0000573c   0x000000c0   Code   RO         3169    i.leave_debug_monitor  cortex-m4_fbp.o
    0x000057fc   0x000057fc   0x0000014c   Code   RO         3170    i.leave_fpb_bpkt    cortex-m4_fbp.o
    0x00005948   0x00005948   0x00000006   Code   RO         2953    i.little_endian_16_bit  utils.o
    0x0000594e   0x0000594e   0x00000002   PAD
    0x00005950   0x00005950   0x000000e8   Code   RO         3533    i.load_local_fixed_patch  fixed_patch_load.o
    0x00005a38   0x00005a38   0x00000088   Code   RO         2823    i.load_local_patch_to_ctx  iotpatch.o
    0x00005ac0   0x00005ac0   0x00000040   Code   RO         2771    i.log_print_porting  ihp_porting.o
    0x00005b00   0x00005b00   0x0000009c   Code   RO         2096    i.log_skip          nrf_log_frontend.o
    0x00005b9c   0x00005b9c   0x0000014c   Code   RO            4    i.main              main.o
    0x00005ce8   0x00005ce8   0x0000006c   Code   RO         4376    i.malloc            mc_w.l(malloc.o)
    0x00005d54   0x00005d54   0x0000007c   Code   RO         1427    i.memobj_op         nrf_memobj.o
    0x00005dd0   0x00005dd0   0x00000030   Code   RO         2097    i.module_idx_get    nrf_log_frontend.o
    0x00005e00   0x00005e00   0x00000024   Code   RO         2994    i.my_memmove        ebpf_test.o
    0x00005e24   0x00005e24   0x00000006   Code   RO         1507    i.nrf_atomic_flag_clear_fetch  nrf_atomic.o
    0x00005e2a   0x00005e2a   0x00000006   Code   RO         1508    i.nrf_atomic_flag_set  nrf_atomic.o
    0x00005e30   0x00005e30   0x0000000c   Code   RO         1510    i.nrf_atomic_u32_add  nrf_atomic.o
    0x00005e3c   0x00005e3c   0x0000000a   Code   RO         1514    i.nrf_atomic_u32_fetch_and  nrf_atomic.o
    0x00005e46   0x00005e46   0x0000000a   Code   RO         1516    i.nrf_atomic_u32_fetch_store  nrf_atomic.o
    0x00005e50   0x00005e50   0x0000000c   Code   RO         1520    i.nrf_atomic_u32_or  nrf_atomic.o
    0x00005e5c   0x00005e5c   0x0000000c   Code   RO         1522    i.nrf_atomic_u32_sub  nrf_atomic.o
    0x00005e68   0x00005e68   0x0000003e   Code   RO         1641    i.nrf_balloc_alloc  nrf_balloc.o
    0x00005ea6   0x00005ea6   0x0000002a   Code   RO         1642    i.nrf_balloc_free   nrf_balloc.o
    0x00005ed0   0x00005ed0   0x00000030   Code   RO         1643    i.nrf_balloc_init   nrf_balloc.o
    0x00005f00   0x00005f00   0x00000068   Code   RO          535    i.nrf_drv_uart_init  nrf_drv_uart.o
    0x00005f68   0x00005f68   0x00000020   Code   RO         1763    i.nrf_drv_uart_rx   app_uart_fifo.o
    0x00005f88   0x00005f88   0x00000020   Code   RO         1764    i.nrf_drv_uart_tx   app_uart_fifo.o
    0x00005fa8   0x00005fa8   0x0000001a   Code   RO         1278    i.nrf_fprintf       nrf_fprintf.o
    0x00005fc2   0x00005fc2   0x00000018   Code   RO         1279    i.nrf_fprintf_buffer_flush  nrf_fprintf.o
    0x00005fda   0x00005fda   0x000001c2   Code   RO         1319    i.nrf_fprintf_fmt   nrf_fprintf_format.o
    0x0000619c   0x0000619c   0x00000032   Code   RO          288    i.nrf_gpio_cfg      boards.o
    0x000061ce   0x000061ce   0x00000032   Code   RO          592    i.nrf_gpio_cfg      nrfx_uart.o
    0x00006200   0x00006200   0x00000032   Code   RO          808    i.nrf_gpio_cfg      nrfx_uarte.o
    0x00006232   0x00006232   0x00000012   Code   RO          594    i.nrf_gpio_cfg_input  nrfx_uart.o
    0x00006244   0x00006244   0x00000012   Code   RO          810    i.nrf_gpio_cfg_input  nrfx_uarte.o
    0x00006256   0x00006256   0x00000014   Code   RO          595    i.nrf_gpio_cfg_output  nrfx_uart.o
    0x0000626a   0x0000626a   0x00000014   Code   RO          811    i.nrf_gpio_cfg_output  nrfx_uarte.o
    0x0000627e   0x0000627e   0x00000014   Code   RO            5    i.nrf_gpio_pin_clear  main.o
    0x00006292   0x00006292   0x00000002   PAD
    0x00006294   0x00006294   0x0000001c   Code   RO            6    i.nrf_gpio_pin_port_decode  main.o
    0x000062b0   0x000062b0   0x0000001c   Code   RO          289    i.nrf_gpio_pin_port_decode  boards.o
    0x000062cc   0x000062cc   0x0000001c   Code   RO          596    i.nrf_gpio_pin_port_decode  nrfx_uart.o
    0x000062e8   0x000062e8   0x0000001c   Code   RO          812    i.nrf_gpio_pin_port_decode  nrfx_uarte.o
    0x00006304   0x00006304   0x00000016   Code   RO            7    i.nrf_gpio_pin_read  main.o
    0x0000631a   0x0000631a   0x00000014   Code   RO            8    i.nrf_gpio_pin_set  main.o
    0x0000632e   0x0000632e   0x00000014   Code   RO          597    i.nrf_gpio_pin_set  nrfx_uart.o
    0x00006342   0x00006342   0x00000014   Code   RO          813    i.nrf_gpio_pin_set  nrfx_uarte.o
    0x00006356   0x00006356   0x00000026   Code   RO          290    i.nrf_gpio_pin_write  boards.o
    0x0000637c   0x0000637c   0x0000005c   Code   RO         2098    i.nrf_log_backend_add  nrf_log_frontend.o
    0x000063d8   0x000063d8   0x00000002   Code   RO         1920    i.nrf_log_backend_rtt_flush  nrf_log_backend_rtt.o
    0x000063da   0x000063da   0x00000004   Code   RO         1921    i.nrf_log_backend_rtt_init  nrf_log_backend_rtt.o
    0x000063de   0x000063de   0x00000002   Code   RO         1922    i.nrf_log_backend_rtt_panic_set  nrf_log_backend_rtt.o
    0x000063e0   0x000063e0   0x00000018   Code   RO         1923    i.nrf_log_backend_rtt_put  nrf_log_backend_rtt.o
    0x000063f8   0x000063f8   0x000000c8   Code   RO         1996    i.nrf_log_backend_serial_put  nrf_log_backend_serial.o
    0x000064c0   0x000064c0   0x00000030   Code   RO         2100    i.nrf_log_color_id_get  nrf_log_frontend.o
    0x000064f0   0x000064f0   0x0000001c   Code   RO         2052    i.nrf_log_default_backends_init  nrf_log_default_backends.o
    0x0000650c   0x0000650c   0x0000023c   Code   RO         2101    i.nrf_log_frontend_dequeue  nrf_log_frontend.o
    0x00006748   0x00006748   0x00000008   Code   RO         2103    i.nrf_log_frontend_std_0  nrf_log_frontend.o
    0x00006750   0x00006750   0x0000000e   Code   RO         2104    i.nrf_log_frontend_std_1  nrf_log_frontend.o
    0x0000675e   0x0000675e   0x00000002   PAD
    0x00006760   0x00006760   0x000000ac   Code   RO         2282    i.nrf_log_hexdump_entry_process  nrf_log_str_formatter.o
    0x0000680c   0x0000680c   0x0000003c   Code   RO         2110    i.nrf_log_init      nrf_log_frontend.o
    0x00006848   0x00006848   0x00000014   Code   RO         2111    i.nrf_log_module_cnt_get  nrf_log_frontend.o
    0x0000685c   0x0000685c   0x0000001c   Code   RO         2114    i.nrf_log_module_name_get  nrf_log_frontend.o
    0x00006878   0x00006878   0x0000002c   Code   RO         2115    i.nrf_log_panic     nrf_log_frontend.o
    0x000068a4   0x000068a4   0x000000b6   Code   RO         2283    i.nrf_log_std_entry_process  nrf_log_str_formatter.o
    0x0000695a   0x0000695a   0x0000005e   Code   RO         1428    i.nrf_memobj_alloc  nrf_memobj.o
    0x000069b8   0x000069b8   0x00000032   Code   RO         1429    i.nrf_memobj_free   nrf_memobj.o
    0x000069ea   0x000069ea   0x00000008   Code   RO         1430    i.nrf_memobj_get    nrf_memobj.o
    0x000069f2   0x000069f2   0x00000004   Code   RO         1431    i.nrf_memobj_pool_init  nrf_memobj.o
    0x000069f6   0x000069f6   0x0000001e   Code   RO         1432    i.nrf_memobj_put    nrf_memobj.o
    0x00006a14   0x00006a14   0x00000010   Code   RO         1433    i.nrf_memobj_read   nrf_memobj.o
    0x00006a24   0x00006a24   0x00000010   Code   RO         1434    i.nrf_memobj_write  nrf_memobj.o
    0x00006a34   0x00006a34   0x0000001c   Code   RO         1362    i.nrf_ringbuf_init  nrf_ringbuf.o
    0x00006a50   0x00006a50   0x0000000a   Code   RO          598    i.nrf_uart_event_check  nrfx_uart.o
    0x00006a5a   0x00006a5a   0x0000000c   Code   RO          599    i.nrf_uart_event_clear  nrfx_uart.o
    0x00006a66   0x00006a66   0x0000000c   Code   RO          600    i.nrf_uart_int_enable_check  nrfx_uart.o
    0x00006a72   0x00006a72   0x0000000a   Code   RO          814    i.nrf_uarte_event_check  nrfx_uarte.o
    0x00006a7c   0x00006a7c   0x0000000c   Code   RO          815    i.nrf_uarte_event_clear  nrfx_uarte.o
    0x00006a88   0x00006a88   0x00000010   Code   RO          816    i.nrfx_is_in_ram    nrfx_uarte.o
    0x00006a98   0x00006a98   0x00000032   Code   RO          981    i.nrfx_prs_acquire  nrfx_prs.o
    0x00006aca   0x00006aca   0x00000002   PAD
    0x00006acc   0x00006acc   0x00000010   Code   RO          601    i.nrfx_uart_0_irq_handler  nrfx_uart.o
    0x00006adc   0x00006adc   0x000000d0   Code   RO          603    i.nrfx_uart_init    nrfx_uart.o
    0x00006bac   0x00006bac   0x000000ec   Code   RO          604    i.nrfx_uart_rx      nrfx_uart.o
    0x00006c98   0x00006c98   0x000000a8   Code   RO          609    i.nrfx_uart_tx      nrfx_uart.o
    0x00006d40   0x00006d40   0x00000020   Code   RO          611    i.nrfx_uart_tx_in_progress  nrfx_uart.o
    0x00006d60   0x00006d60   0x00000010   Code   RO          817    i.nrfx_uarte_0_irq_handler  nrfx_uarte.o
    0x00006d70   0x00006d70   0x0000006c   Code   RO          819    i.nrfx_uarte_init   nrfx_uarte.o
    0x00006ddc   0x00006ddc   0x00000100   Code   RO          820    i.nrfx_uarte_rx     nrfx_uarte.o
    0x00006edc   0x00006edc   0x000000ac   Code   RO          823    i.nrfx_uarte_tx     nrfx_uarte.o
    0x00006f88   0x00006f88   0x0000001c   Code   RO          825    i.nrfx_uarte_tx_in_progress  nrfx_uarte.o
    0x00006fa4   0x00006fa4   0x0000004c   Code   RO            9    i.on_button_click   main.o
    0x00006ff0   0x00006ff0   0x00000090   Code   RO         2996    i.patch_num_eva     ebpf_test.o
    0x00007080   0x00007080   0x0000003c   Code   RO         2285    i.postfix_process   nrf_log_str_formatter.o
    0x000070bc   0x000070bc   0x00000098   Code   RO         2286    i.prefix_process    nrf_log_str_formatter.o
    0x00007154   0x00007154   0x00000050   Code   RO         3357    i.profile_add_event  profiling.o
    0x000071a4   0x000071a4   0x00000058   Code   RO         3358    i.profile_dump      profiling.o
    0x000071fc   0x000071fc   0x0000001c   Code   RO         3359    i.profile_end       profiling.o
    0x00007218   0x00007218   0x00000014   Code   RO         3361    i.profile_start     profiling.o
    0x0000722c   0x0000722c   0x00000018   Code   RO          983    i.prs_box_get       nrfx_prs.o
    0x00007244   0x00007244   0x000000c4   Code   RO         3495    i.read_local_patch  dynamic_patch_load.o
    0x00007308   0x00007308   0x0000000e   Code   RO         2597    i.reset_patch       ihp_cli.o
    0x00007316   0x00007316   0x00000002   PAD
    0x00007318   0x00007318   0x00000044   Code   RO         2997    i.run_ebpf_eva      ebpf_test.o
    0x0000735c   0x0000735c   0x00000016   Code   RO         2825    i.run_ebpf_filter   iotpatch.o
    0x00007372   0x00007372   0x00000002   PAD
    0x00007374   0x00007374   0x00000028   Code   RO         2998    i.run_ebpf_test     ebpf_test.o
    0x0000739c   0x0000739c   0x00000004   Code   RO         2598    i.run_eva_test      ihp_cli.o
    0x000073a0   0x000073a0   0x00000010   Code   RO         2599    i.run_fixed_patch_point_test  ihp_cli.o
    0x000073b0   0x000073b0   0x000000f8   Code   RO         3172    i.run_patch_here    cortex-m4_fbp.o
    0x000074a8   0x000074a8   0x00000058   Code   RO         2600    i.run_shell_cli     ihp_cli.o
    0x00007500   0x00007500   0x00000090   Code   RO         2601    i.run_test_by_id    ihp_cli.o
    0x00007590   0x00007590   0x00000032   Code   RO          613    i.rx_byte           nrfx_uart.o
    0x000075c2   0x000075c2   0x00000016   Code   RO          614    i.rx_done_event     nrfx_uart.o
    0x000075d8   0x000075d8   0x00000016   Code   RO          827    i.rx_done_event     nrfx_uarte.o
    0x000075ee   0x000075ee   0x00000020   Code   RO          615    i.rx_enable         nrfx_uart.o
    0x0000760e   0x0000760e   0x00000002   PAD
    0x00007610   0x00007610   0x00000064   Code   RO         1924    i.serial_tx         nrf_log_backend_rtt.o
    0x00007674   0x00007674   0x00000070   Code   RO         3733    i.set_default_helpers  ebpf_vm.o
    0x000076e4   0x000076e4   0x0000004c   Code   RO         3173    i.set_patch_mode    cortex-m4_fbp.o
    0x00007730   0x00007730   0x000001d8   Code   RO         2602    i.shell_dispatch_cmd  ihp_cli.o
    0x00007908   0x00007908   0x00000020   Code   RO         2603    i.shell_echo_str    ihp_cli.o
    0x00007928   0x00007928   0x00000012   Code   RO         2772    i.shell_get_char    ihp_porting.o
    0x0000793a   0x0000793a   0x00000002   PAD
    0x0000793c   0x0000793c   0x00000010   Code   RO         2604    i.shell_last_char   ihp_cli.o
    0x0000794c   0x0000794c   0x00000020   Code   RO         2605    i.shell_printf      ihp_cli.o
    0x0000796c   0x0000796c   0x00000078   Code   RO         2606    i.shell_process     ihp_cli.o
    0x000079e4   0x000079e4   0x00000010   Code   RO         2773    i.shell_put_char    ihp_porting.o
    0x000079f4   0x000079f4   0x00000094   Code   RO         2826    i.show_all_patches  iotpatch.o
    0x00007a88   0x00007a88   0x00000030   Code   RO         3534    i.show_fixed_patch_desc  fixed_patch_load.o
    0x00007ab8   0x00007ab8   0x000000cc   Code   RO         3174    i.show_hw_bkpt      cortex-m4_fbp.o
    0x00007b84   0x00007b84   0x00000038   Code   RO         3496    i.show_local_patch_desc  dynamic_patch_load.o
    0x00007bbc   0x00007bbc   0x0000002c   Code   RO         2607    i.show_patch_list   ihp_cli.o
    0x00007be8   0x00007be8   0x0000000a   Code   RO         3326    i.start_patch_service  patch_service.o
    0x00007bf2   0x00007bf2   0x00000002   PAD
    0x00007bf4   0x00007bf4   0x0000008c   Code   RO         2117    i.std_n             nrf_log_frontend.o
    0x00007c80   0x00007c80   0x0000001a   Code   RO         2954    i.str2int           utils.o
    0x00007c9a   0x00007c9a   0x00000002   PAD
    0x00007c9c   0x00007c9c   0x00000024   Code   RO         2608    i.test_debug_patch  ihp_cli.o
    0x00007cc0   0x00007cc0   0x0000002c   Code   RO         3175    i.test_debugmon_patch  cortex-m4_fbp.o
    0x00007cec   0x00007cec   0x00000010   Code   RO         3497    i.test_dynamic_bug  dynamic_patch_load.o
    0x00007cfc   0x00007cfc   0x00000030   Code   RO         3000    i.test_ebpf_c0      ebpf_test.o
    0x00007d2c   0x00007d2c   0x00000034   Code   RO         3001    i.test_ebpf_c1      ebpf_test.o
    0x00007d60   0x00007d60   0x00000020   Code   RO         3002    i.test_ebpf_c10     ebpf_test.o
    0x00007d80   0x00007d80   0x00000034   Code   RO         3003    i.test_ebpf_c11     ebpf_test.o
    0x00007db4   0x00007db4   0x00000040   Code   RO         3004    i.test_ebpf_c12     ebpf_test.o
    0x00007df4   0x00007df4   0x00000030   Code   RO         3005    i.test_ebpf_c2      ebpf_test.o
    0x00007e24   0x00007e24   0x00000038   Code   RO         3006    i.test_ebpf_c3      ebpf_test.o
    0x00007e5c   0x00007e5c   0x00000020   Code   RO         3007    i.test_ebpf_c4      ebpf_test.o
    0x00007e7c   0x00007e7c   0x00000034   Code   RO         3008    i.test_ebpf_c5      ebpf_test.o
    0x00007eb0   0x00007eb0   0x00000040   Code   RO         3009    i.test_ebpf_c6      ebpf_test.o
    0x00007ef0   0x00007ef0   0x0000003c   Code   RO         3010    i.test_ebpf_c7      ebpf_test.o
    0x00007f2c   0x00007f2c   0x00000030   Code   RO         3011    i.test_ebpf_c8      ebpf_test.o
    0x00007f5c   0x00007f5c   0x00000034   Code   RO         3012    i.test_ebpf_c9      ebpf_test.o
    0x00007f90   0x00007f90   0x00000024   Code   RO         3457    i.test_fixed_patch_point  fixed_patch_points.o
    0x00007fb4   0x00007fb4   0x00000074   Code   RO         3176    i.test_freertos_cve  cortex-m4_fbp.o
    0x00008028   0x00008028   0x00000048   Code   RO         3013    i.test_patch_dispatcher  ebpf_test.o
    0x00008070   0x00008070   0x00000004   Code   RO         2609    i.test_patch_trigger  ihp_cli.o
    0x00008074   0x00008074   0x000000b8   Code   RO         2610    i.this_is_cve_trigger_func  ihp_cli.o
    0x0000812c   0x0000812c   0x0000000c   Code   RO         3734    i.tmp_map_get_val   ebpf_vm.o
    0x00008138   0x00008138   0x00000028   Code   RO         3735    i.tmp_map_save_val  ebpf_vm.o
    0x00008160   0x00008160   0x00000004   Code   RO         3177    i.trigger_debugmon  cortex-m4_fbp.o
    0x00008164   0x00008164   0x00000020   Code   RO          616    i.tx_byte           nrfx_uart.o
    0x00008184   0x00008184   0x0000001a   Code   RO          617    i.tx_done_event     nrfx_uart.o
    0x0000819e   0x0000819e   0x0000001a   Code   RO          828    i.tx_done_event     nrfx_uarte.o
    0x000081b8   0x000081b8   0x00000048   Code   RO           10    i.uart_config       main.o
    0x00008200   0x00008200   0x00000012   Code   RO           11    i.uart_error_handle  main.o
    0x00008212   0x00008212   0x00000002   PAD
    0x00008214   0x00008214   0x000000a4   Code   RO         1765    i.uart_event_handler  app_uart_fifo.o
    0x000082b8   0x000082b8   0x00000030   Code   RO          536    i.uart_evt_handler  nrf_drv_uart.o
    0x000082e8   0x000082e8   0x0000012a   Code   RO          618    i.uart_irq_handler  nrfx_uart.o
    0x00008412   0x00008412   0x00000002   PAD
    0x00008414   0x00008414   0x00000030   Code   RO          537    i.uarte_evt_handler  nrf_drv_uart.o
    0x00008444   0x00008444   0x00000112   Code   RO          829    i.uarte_irq_handler  nrfx_uarte.o
    0x00008556   0x00008556   0x00000002   PAD
    0x00008558   0x00008558   0x000000ac   Code   RO         1320    i.unsigned_print    nrf_fprintf_format.o
    0x00008604   0x00008604   0x00000050   Code   RO         2827    i.update_bits_filter  iotpatch.o
    0x00008654   0x00008654   0x0000002c   Code   RO         3736    i.use_default_helper_func  ebpf_vm.o
    0x00008680   0x00008680   0x00000018   Data   RO           13    .constdata          main.o
    0x00008698   0x00008698   0x00000008   Data   RO          291    .constdata          boards.o
    0x000086a0   0x000086a0   0x00000004   Data   RO          621    .constdata          nrfx_uart.o
    0x000086a4   0x000086a4   0x00000004   Data   RO          832    .constdata          nrfx_uarte.o
    0x000086a8   0x000086a8   0x00000010   Data   RO         1321    .constdata          nrf_fprintf_format.o
    0x000086b8   0x000086b8   0x00000020   Data   RO         1767    .constdata          app_uart_fifo.o
    0x000086d8   0x000086d8   0x0000000c   Data   RO         1926    .constdata          nrf_log_backend_rtt.o
    0x000086e4   0x000086e4   0x0000000c   PAD
    0x000086f0   0x000086f0   0x00000006   Data   RO         1927    .constdata          nrf_log_backend_rtt.o
    0x000086f6   0x000086f6   0x00000002   PAD
    0x000086f8   0x000086f8   0x0000000c   Data   RO         2122    .constdata          nrf_log_frontend.o
    0x00008704   0x00008704   0x00000008   Data   RO         2612    .constdata          ihp_cli.o
    0x0000870c   0x0000870c   0x00000004   PAD
    0x00008710   0x00008710   0x00000078   Data   RO         3014    .constdata          ebpf_test.o
    0x00008788   0x00008788   0x0000003c   Data   RO         3179    .constdata          cortex-m4_fbp.o
    0x000087c4   0x000087c4   0x0000001e   Data   RO         3953    .constdata          jit_thumb2.o
    0x000087e2   0x000087e2   0x00000081   Data   RO         4308    .constdata          mc_w.l(ctype_o.o)
    0x00008863   0x00008863   0x00000001   PAD
    0x00008864   0x00008864   0x00000004   Data   RO         4309    .constdata          mc_w.l(ctype_o.o)
    0x00008868   0x00008868   0x00000066   Data   RO         2287    .conststring        nrf_log_str_formatter.o
    0x000088ce   0x000088ce   0x00000002   PAD
    0x000088d0   0x000088d0   0x000000d5   Data   RO         2613    .conststring        ihp_cli.o
    0x000089a5   0x000089a5   0x00000003   PAD
    0x000089a8   0x000089a8   0x0000008f   Data   RO         3180    .conststring        cortex-m4_fbp.o
    0x00008a37   0x00008a37   0x00000001   PAD
    0x00008a38   0x00008a38   0x00000008   Data   RO         3364    .conststring        profiling.o
    0x00008a40   0x00008a40   0x0000007a   Data   RO         3498    .conststring        dynamic_patch_load.o
    0x00008aba   0x00008aba   0x00000002   PAD
    0x00008abc   0x00008abc   0x0000004f   Data   RO         3535    .conststring        fixed_patch_load.o
    0x00008b0b   0x00008b0b   0x00000001   PAD
    0x00008b0c   0x00008b0c   0x00000005   Data   RO          624    .conststrlit        nrfx_uart.o
    0x00008b11   0x00008b11   0x00000003   PAD
    0x00008b14   0x00008b14   0x00000006   Data   RO          835    .conststrlit        nrfx_uarte.o
    0x00008b1a   0x00008b1a   0x00000002   PAD
    0x00008b1c   0x00008b1c   0x00000004   Data   RO          985    .conststrlit        nrfx_prs.o
    0x00008b20   0x00008b20   0x00000010   Data   RO         2053    .conststrlit        nrf_log_default_backends.o
    0x00008b30   0x00008b30   0x00000004   Data   RO         2123    .conststrlit        nrf_log_frontend.o
    0x00008b34   0x00008b34   0x00000020   Data   RO         4440    Region$$Table       anon$$obj.o
    0x00008b54   0x00008b54   0x00000010   Data   RO         2055    log_backends        nrf_log_default_backends.o
    0x00008b64   0x00008b64   0x00000008   Data   RO          987    log_const_data_PRS  nrfx_prs.o
    0x00008b6c   0x00008b6c   0x00000008   Data   RO          625    log_const_data_UART  nrfx_uart.o
    0x00008b74   0x00008b74   0x00000008   Data   RO          836    log_const_data_UARTE  nrfx_uarte.o
    0x00008b7c   0x00008b7c   0x00000008   Data   RO         2126    log_const_data_app  nrf_log_frontend.o
    0x00008b84   0x00008b84   0x00000014   Data   RO         2127    nrf_balloc          nrf_log_frontend.o


    Execution Region RW_IRAM1 (Exec base: 0x20000000, Load base: 0x00008b98, Size: 0x000069b8, Max: 0x00040000, ABSOLUTE, COMPRESSED[0x00000558])

    Exec Addr    Load Addr    Size         Type   Attr      Idx    E Section Name        Object

    0x20000000   COMPRESSED   0x00000014   Data   RW          538    .data               nrf_drv_uart.o
    0x20000014   COMPRESSED   0x00000008   Data   RW          986    .data               nrfx_prs.o
    0x2000001c   COMPRESSED   0x00000004   Data   RW         1113    .data               app_util_platform.o
    0x20000020   COMPRESSED   0x0000001c   Data   RW         1768    .data               app_uart_fifo.o
    0x2000003c   COMPRESSED   0x00000001   Data   RW         1928    .data               nrf_log_backend_rtt.o
    0x2000003d   COMPRESSED   0x00000003   PAD
    0x20000040   COMPRESSED   0x00000008   Data   RW         2054    .data               nrf_log_default_backends.o
    0x20000048   COMPRESSED   0x00000008   Data   RW         2124    .data               nrf_log_frontend.o
    0x20000050   COMPRESSED   0x00000008   Data   RW         2125    .data               nrf_log_frontend.o
    0x20000058   COMPRESSED   0x00000040   Data   RW         2288    .data               nrf_log_str_formatter.o
    0x20000098   COMPRESSED   0x00000050   Data   RW         2614    .data               ihp_cli.o
    0x200000e8   COMPRESSED   0x00000001   Data   RW         2829    .data               iotpatch.o
    0x200000e9   COMPRESSED   0x00000003   PAD
    0x200000ec   COMPRESSED   0x00000954   Data   RW         3015    .data               ebpf_test.o
    0x20000a40   COMPRESSED   0x00000003   Data   RW         3181    .data               cortex-m4_fbp.o
    0x20000a43   COMPRESSED   0x00000001   PAD
    0x20000a44   COMPRESSED   0x00000010   Data   RW         3365    .data               profiling.o
    0x20000a54   COMPRESSED   0x0000004c   Data   RW         3499    .data               dynamic_patch_load.o
    0x20000aa0   COMPRESSED   0x00000051   Data   RW         3500    .data               dynamic_patch_load.o
    0x20000af1   COMPRESSED   0x00000079   Data   RW         3501    .data               dynamic_patch_load.o
    0x20000b6a   COMPRESSED   0x00000051   Data   RW         3502    .data               dynamic_patch_load.o
    0x20000bbb   COMPRESSED   0x000001b1   Data   RW         3503    .data               dynamic_patch_load.o
    0x20000d6c   COMPRESSED   0x0000003c   Data   RW         3536    .data               fixed_patch_load.o
    0x20000da8   COMPRESSED   0x00000011   Data   RW         3537    .data               fixed_patch_load.o
    0x20000db9   COMPRESSED   0x00000079   Data   RW         3538    .data               fixed_patch_load.o
    0x20000e32   COMPRESSED   0x000001e1   Data   RW         3539    .data               fixed_patch_load.o
    0x20001013   COMPRESSED   0x00000001   PAD
    0x20001014   COMPRESSED   0x00000004   Data   RW         3689    .data               ebpf_allocator.o
    0x20001018   COMPRESSED   0x00000008   Data   RW         3737    .data               ebpf_vm.o
    0x20001020   COMPRESSED   0x00000004   Data   RW         4265    .data               system_nrf52840.o
    0x20001024   COMPRESSED   0x00000004   Data   RW         4423    .data               mc_w.l(mvars.o)
    0x20001028   COMPRESSED   0x00000004   Data   RW         4424    .data               mc_w.l(mvars.o)
    0x2000102c        -       0x00000200   Zero   RW           12    .bss                main.o
    0x2000122c        -       0x0000002c   Zero   RW          619    .bss                nrfx_uart.o
    0x20001258        -       0x00000024   Zero   RW          830    .bss                nrfx_uarte.o
    0x2000127c        -       0x00000020   Zero   RW         1766    .bss                app_uart_fifo.o
    0x2000129c        -       0x00000040   Zero   RW         1925    .bss                nrf_log_backend_rtt.o
    0x200012dc        -       0x000000c0   Zero   RW         2118    .bss                nrf_log_frontend.o
    0x2000139c        -       0x00000080   Zero   RW         2119    .bss                nrf_log_frontend.o
    0x2000141c        -       0x00000018   Zero   RW         2120    .bss                nrf_log_frontend.o
    0x20001434        -       0x00000424   Zero   RW         2121    .bss                nrf_log_frontend.o
    0x20001858        -       0x00000288   Zero   RW         2368    .bss                segger_rtt.o
    0x20001ae0        -       0x00000084   Zero   RW         2611    .bss                ihp_cli.o
    0x20001b64        -       0x00000100   Zero   RW         2774    .bss                ihp_porting.o
    0x20001c64        -       0x00000024   Zero   RW         2828    .bss                iotpatch.o
    0x20001c88        -       0x0000002c   Zero   RW         3178    .bss                cortex-m4_fbp.o
    0x20001cb4        -       0x000000f8   Zero   RW         3363    .bss                profiling.o
    0x20001dac        -       0x00000c0c   Zero   RW         3840    .bss                jit.o
    0x200029b8        -       0x00002000   Zero   RW         4254    HEAP                arm_startup_nrf52840.o
    0x200049b8        -       0x00002000   Zero   RW         4253    STACK               arm_startup_nrf52840.o


==============================================================================

Image component sizes


      Code (inc. data)   RO Data    RW Data    ZI Data      Debug   Object Name

        22          0          0          0          0       2397   app_error.o
         0          0          0          0          0        416   app_error_handler_keil.o
       128         44          0          0          0        842   app_error_weak.o
       118          0          0          0          0       4918   app_fifo.o
       528         60         32         28         32      55666   app_uart_fifo.o
        44         10          0          4          0       3344   app_util_platform.o
        36          8        512          0      16384        928   arm_startup_nrf52840.o
       234         16          8          0          0       8849   boards.o
      2986       1168        203          3         44      24091   cortex-m4_fbp.o
       268         76        122        792          0       5369   dynamic_patch_load.o
       128         18          0          4          0       4718   ebpf_allocator.o
      1320        376        120       2388          0      17491   ebpf_test.o
      3796        208          0          8          0      23921   ebpf_vm.o
       280        116         79        679          0       3137   fixed_patch_load.o
       630        292          0          0          0       7009   fixed_patch_points.o
       356          0          0          0          0       7188   hashmap.o
      1270        470        221         80        132      14259   ihp_cli.o
        98          6          0          0        256       3168   ihp_porting.o
       778        264          0          1         36      22289   iotpatch.o
       168          6          0          0       3084      14747   jit.o
      7558        566         30          0          0      80980   jit_thumb2.o
       588        100         24          0        512      96883   main.o
       294          0          0          0          0       7207   nrf_atomic.o
       152          0          0          0          0       3516   nrf_balloc.o
       200         22          0         20          0      17576   nrf_drv_uart.o
        50          0          0          0          0       3589   nrf_fprintf.o
       832          4         16          0          0       6670   nrf_fprintf_format.o
       132         16         18          1         64       6653   nrf_log_backend_rtt.o
       200          0          0          0          0      10881   nrf_log_backend_serial.o
        28          4         32          8          0       3229   nrf_log_default_backends.o
      1458        110         44         16       1404      28457   nrf_log_frontend.o
       566        108        102         64          0       5624   nrf_log_str_formatter.o
       342          0          0          0          0       9447   nrf_memobj.o
        28          0          0          0          0       2835   nrf_ringbuf.o
        86         16         12          8          0       3701   nrfx_prs.o
      1408         44         17          0         44      60392   nrfx_uart.o
      1326         42         18          0         36      25491   nrfx_uarte.o
        10          0          0          0          0        678   patch_service.o
       304         86          8         16        248       7116   profiling.o
       378         34          0          0        648       9030   segger_rtt.o
       484         60          0          4          0       2467   system_nrf52840.o
        74          0          0          0          0       2820   utils.o

    ----------------------------------------------------------------------
     29744       4350       1682       4132      22924     619989   Object Totals
         0          0         32          0          0          0   (incl. Generated)
        58          0         32          8          0          0   (incl. Padding)

    ----------------------------------------------------------------------

      Code (inc. data)   RO Data    RW Data    ZI Data      Debug   Library Member Name

        94          0          0          0          0          0   __dclz77c.o
        28          0          0          0          0         76   calloc.o
         8          4        133          0          0         68   ctype_o.o
         0          0          0          0          0          0   entry.o
         0          0          0          0          0          0   entry10a.o
         0          0          0          0          0          0   entry11a.o
         8          4          0          0          0          0   entry2.o
         4          0          0          0          0          0   entry5.o
         0          0          0          0          0          0   entry7b.o
         0          0          0          0          0          0   entry8b.o
         8          4          0          0          0          0   entry9a.o
        30          0          0          0          0          0   handlers.o
        36          8          0          0          0         68   init.o
         0          0          0          0          0          0   iusefp.o
        30          0          0          0          0         68   llshl.o
        36          0          0          0          0         68   llsshr.o
        32          0          0          0          0         68   llushr.o
       188         20          0          0          0        160   malloc.o
        36          0          0          0          0         68   memcpya.o
        36          0          0          0          0        108   memseta.o
         0          0          0          8          0          0   mvars.o
      2292         84          0          0          0        516   printfa.o
        28          0          0          0          0         76   strcmp.o
        18          0          0          0          0         68   strcpy.o
        14          0          0          0          0         68   strlen.o
        44          0          0          0          0         80   uidiv.o
        98          0          0          0          0         92   uldiv.o
        48          0          0          0          0         68   cdrcmple.o
       334          0          0          0          0        148   dadd.o
       222          0          0          0          0        100   ddiv.o
       186          0          0          0          0        176   depilogue.o
        48          0          0          0          0         68   dfixul.o
       228          0          0          0          0         96   dmul.o
        38          0          0          0          0         68   f2d.o

    ----------------------------------------------------------------------
      4176        124        134          8          0       2376   Library Totals
         4          0          1          0          0          0   (incl. Padding)

    ----------------------------------------------------------------------

      Code (inc. data)   RO Data    RW Data    ZI Data      Debug   Library Name

      3068        124        133          8          0       1652   mc_w.l
      1104          0          0          0          0        724   mf_w.l

    ----------------------------------------------------------------------
      4176        124        134          8          0       2376   Library Totals

    ----------------------------------------------------------------------

==============================================================================


      Code (inc. data)   RO Data    RW Data    ZI Data      Debug   

     33920       4474       1816       4140      22924     590301   Grand Totals
     33920       4474       1816       1368      22924     590301   ELF Image Totals (compressed)
     33920       4474       1816       1368          0          0   ROM Totals

==============================================================================

    Total RO  Size (Code + RO Data)                35736 (  34.90kB)
    Total RW  Size (RW Data + ZI Data)             27064 (  26.43kB)
    Total ROM Size (Code + RO Data + RW Data)      37104 (  36.23kB)

==============================================================================

